Component: ARM Compiler 5.06 update 7 (build 960) Tool: armlink [4d3601]

==============================================================================

Section Cross References

    startup_stm32f429_439xx.o(RESET) refers to startup_stm32f429_439xx.o(STACK) for __initial_sp
    startup_stm32f429_439xx.o(RESET) refers to startup_stm32f429_439xx.o(.text) for Reset_Handler
    startup_stm32f429_439xx.o(RESET) refers to stm32f4xx_it.o(i.NMI_Handler) for NMI_Handler
    startup_stm32f429_439xx.o(RESET) refers to stm32f4xx_it.o(i.HardFault_Handler) for HardFault_Handler
    startup_stm32f429_439xx.o(RESET) refers to stm32f4xx_it.o(i.MemManage_Handler) for MemManage_Handler
    startup_stm32f429_439xx.o(RESET) refers to stm32f4xx_it.o(i.BusFault_Handler) for BusFault_Handler
    startup_stm32f429_439xx.o(RESET) refers to stm32f4xx_it.o(i.UsageFault_Handler) for UsageFault_Handler
    startup_stm32f429_439xx.o(RESET) refers to port.o(.emb_text) for SVC_Handler
    startup_stm32f429_439xx.o(RESET) refers to stm32f4xx_it.o(i.DebugMon_Handler) for DebugMon_Handler
    startup_stm32f429_439xx.o(RESET) refers to stm32f4xx_it.o(i.SysTick_Handler) for SysTick_Handler
    startup_stm32f429_439xx.o(RESET) refers to stm32f4xx_it.o(i.EXTI15_10_IRQHandler) for EXTI15_10_IRQHandler
    startup_stm32f429_439xx.o(.text) refers to system_stm32f4xx.o(i.SystemInit) for SystemInit
    startup_stm32f429_439xx.o(.text) refers to entry.o(.ARM.Collect$$$$00000000) for __main
    system_stm32f4xx.o(i.SystemCoreClockUpdate) refers to system_stm32f4xx.o(.data) for .data
    system_stm32f4xx.o(i.SystemInit) refers to system_stm32f4xx.o(i.SetSysClock) for SetSysClock
    stm32f4xx_adc.o(i.ADC_DeInit) refers to stm32f4xx_rcc.o(i.RCC_APB2PeriphResetCmd) for RCC_APB2PeriphResetCmd
    stm32f4xx_can.o(i.CAN_DeInit) refers to stm32f4xx_rcc.o(i.RCC_APB1PeriphResetCmd) for RCC_APB1PeriphResetCmd
    stm32f4xx_can.o(i.CAN_GetITStatus) refers to stm32f4xx_can.o(i.CheckITStatus) for CheckITStatus
    stm32f4xx_cryp.o(i.CRYP_DeInit) refers to stm32f4xx_rcc.o(i.RCC_AHB2PeriphResetCmd) for RCC_AHB2PeriphResetCmd
    stm32f4xx_cryp_aes.o(i.CRYP_AES_CBC) refers to stm32f4xx_cryp.o(i.CRYP_KeyStructInit) for CRYP_KeyStructInit
    stm32f4xx_cryp_aes.o(i.CRYP_AES_CBC) refers to stm32f4xx_cryp.o(i.CRYP_KeyInit) for CRYP_KeyInit
    stm32f4xx_cryp_aes.o(i.CRYP_AES_CBC) refers to stm32f4xx_cryp.o(i.CRYP_Init) for CRYP_Init
    stm32f4xx_cryp_aes.o(i.CRYP_AES_CBC) refers to stm32f4xx_cryp.o(i.CRYP_IVInit) for CRYP_IVInit
    stm32f4xx_cryp_aes.o(i.CRYP_AES_CBC) refers to stm32f4xx_cryp.o(i.CRYP_FIFOFlush) for CRYP_FIFOFlush
    stm32f4xx_cryp_aes.o(i.CRYP_AES_CBC) refers to stm32f4xx_cryp.o(i.CRYP_Cmd) for CRYP_Cmd
    stm32f4xx_cryp_aes.o(i.CRYP_AES_CBC) refers to stm32f4xx_cryp.o(i.CRYP_GetCmdStatus) for CRYP_GetCmdStatus
    stm32f4xx_cryp_aes.o(i.CRYP_AES_CBC) refers to stm32f4xx_cryp.o(i.CRYP_GetFlagStatus) for CRYP_GetFlagStatus
    stm32f4xx_cryp_aes.o(i.CRYP_AES_CBC) refers to stm32f4xx_cryp.o(i.CRYP_DataIn) for CRYP_DataIn
    stm32f4xx_cryp_aes.o(i.CRYP_AES_CBC) refers to stm32f4xx_cryp.o(i.CRYP_DataOut) for CRYP_DataOut
    stm32f4xx_cryp_aes.o(i.CRYP_AES_CCM) refers to stm32f4xx_cryp.o(i.CRYP_KeyStructInit) for CRYP_KeyStructInit
    stm32f4xx_cryp_aes.o(i.CRYP_AES_CCM) refers to stm32f4xx_cryp.o(i.CRYP_FIFOFlush) for CRYP_FIFOFlush
    stm32f4xx_cryp_aes.o(i.CRYP_AES_CCM) refers to stm32f4xx_cryp.o(i.CRYP_KeyInit) for CRYP_KeyInit
    stm32f4xx_cryp_aes.o(i.CRYP_AES_CCM) refers to stm32f4xx_cryp.o(i.CRYP_IVInit) for CRYP_IVInit
    stm32f4xx_cryp_aes.o(i.CRYP_AES_CCM) refers to stm32f4xx_cryp.o(i.CRYP_Init) for CRYP_Init
    stm32f4xx_cryp_aes.o(i.CRYP_AES_CCM) refers to stm32f4xx_cryp.o(i.CRYP_PhaseConfig) for CRYP_PhaseConfig
    stm32f4xx_cryp_aes.o(i.CRYP_AES_CCM) refers to stm32f4xx_cryp.o(i.CRYP_DataIn) for CRYP_DataIn
    stm32f4xx_cryp_aes.o(i.CRYP_AES_CCM) refers to stm32f4xx_cryp.o(i.CRYP_Cmd) for CRYP_Cmd
    stm32f4xx_cryp_aes.o(i.CRYP_AES_CCM) refers to stm32f4xx_cryp.o(i.CRYP_GetCmdStatus) for CRYP_GetCmdStatus
    stm32f4xx_cryp_aes.o(i.CRYP_AES_CCM) refers to stm32f4xx_cryp.o(i.CRYP_GetFlagStatus) for CRYP_GetFlagStatus
    stm32f4xx_cryp_aes.o(i.CRYP_AES_CCM) refers to stm32f4xx_cryp.o(i.CRYP_DataOut) for CRYP_DataOut
    stm32f4xx_cryp_aes.o(i.CRYP_AES_CTR) refers to stm32f4xx_cryp.o(i.CRYP_KeyStructInit) for CRYP_KeyStructInit
    stm32f4xx_cryp_aes.o(i.CRYP_AES_CTR) refers to stm32f4xx_cryp.o(i.CRYP_KeyInit) for CRYP_KeyInit
    stm32f4xx_cryp_aes.o(i.CRYP_AES_CTR) refers to stm32f4xx_cryp.o(i.CRYP_Init) for CRYP_Init
    stm32f4xx_cryp_aes.o(i.CRYP_AES_CTR) refers to stm32f4xx_cryp.o(i.CRYP_IVInit) for CRYP_IVInit
    stm32f4xx_cryp_aes.o(i.CRYP_AES_CTR) refers to stm32f4xx_cryp.o(i.CRYP_FIFOFlush) for CRYP_FIFOFlush
    stm32f4xx_cryp_aes.o(i.CRYP_AES_CTR) refers to stm32f4xx_cryp.o(i.CRYP_Cmd) for CRYP_Cmd
    stm32f4xx_cryp_aes.o(i.CRYP_AES_CTR) refers to stm32f4xx_cryp.o(i.CRYP_GetCmdStatus) for CRYP_GetCmdStatus
[...]
    .ARM.Collect$$$$00000000                 0x080001ac   Section        0  entry.o(.ARM.Collect$$$$00000000)
    .ARM.Collect$$$$00000001                 0x080001ac   Section        4  entry2.o(.ARM.Collect$$$$00000001)
    .ARM.Collect$$$$00000004                 0x080001b0   Section        4  entry5.o(.ARM.Collect$$$$00000004)
    .ARM.Collect$$$$00000008                 0x080001b4   Section        0  entry7b.o(.ARM.Collect$$$$00000008)
    .ARM.Collect$$$$0000000A                 0x080001b4   Section        0  entry8b.o(.ARM.Collect$$$$0000000A)
    .ARM.Collect$$$$0000000B                 0x080001b4   Section        8  entry9a.o(.ARM.Collect$$$$0000000B)
    .ARM.Collect$$$$0000000E                 0x080001bc   Section        4  entry12b.o(.ARM.Collect$$$$0000000E)
    .ARM.Collect$$$$0000000F                 0x080001c0   Section        0  entry10a.o(.ARM.Collect$$$$0000000F)
    .ARM.Collect$$$$00000011                 0x080001c0   Section        0  entry11a.o(.ARM.Collect$$$$00000011)
    .ARM.Collect$$$$00002712                 0x080001c0   Section        4  entry2.o(.ARM.Collect$$$$00002712)
    __lit__00000000                          0x080001c0   Data           4  entry2.o(.ARM.Collect$$$$00002712)
    .emb_text                                0x080001c4   Section      182  port.o(.emb_text)
    $v0                                      0x080001c4   Number         0  port.o(.emb_text)
    .text                                    0x0800027c   Section       36  startup_stm32f429_439xx.o(.text)
    $v0                                      0x0800027c   Number         0  startup_stm32f429_439xx.o(.text)
    .text                                    0x080002a0   Section        0  memcpya.o(.text)
    .text                                    0x080002c4   Section        0  memseta.o(.text)
    .text                                    0x080002e8   Section        0  uldiv.o(.text)
    .text                                    0x0800034c   Section       36  init.o(.text)
    .text                                    0x08000370   Section        0  llshl.o(.text)
    .text                                    0x0800038e   Section        0  llushr.o(.text)
    .text                                    0x080003ae   Section        0  __dczerorl2.o(.text)
    i.AppTaskCreate                          0x08000404   Section        0  main.o(i.AppTaskCreate)
    AppTaskCreate                            0x08000405   Thumb Code    88  main.o(i.AppTaskCreate)
    i.BSP_Init                               0x080004b0   Section        0  main.o(i.BSP_Init)
    BSP_Init                                 0x080004b1   Thumb Code    78  main.o(i.BSP_Init)
    i.BusFault_Handler                       0x080004fe   Section        0  stm32f4xx_it.o(i.BusFault_Handler)
    i.DMA2D_DeInit                           0x08000500   Section        0  stm32f4xx_dma2d.o(i.DMA2D_DeInit)
    i.DMA2D_GetFlagStatus                    0x08000518   Section        0  stm32f4xx_dma2d.o(i.DMA2D_GetFlagStatus)
    i.DMA2D_Init                             0x0800052c   Section        0  stm32f4xx_dma2d.o(i.DMA2D_Init)
    i.DMA2D_StartTransfer                    0x080005e4   Section        0  stm32f4xx_dma2d.o(i.DMA2D_StartTransfer)
    i.DebugMon_Handler                       0x080005f4   Section        0  stm32f4xx_it.o(i.DebugMon_Handler)
    i.Debug_USART_Config                     0x080005f8   Section        0  bsp_debug_usart.o(i.Debug_USART_Config)
    i.Delay                                  0x080006a0   Section        0  bsp_i2c_touch.o(i.Delay)
    Delay                                    0x080006a1   Thumb Code    18  bsp_i2c_touch.o(i.Delay)
    i.Delay                                  0x080006b2   Section        0  gt9xx.o(i.Delay)
    Delay                                    0x080006b3   Thumb Code    18  gt9xx.o(i.Delay)
    i.Display_ClearAll                       0x080006c4   Section        0  main.o(i.Display_ClearAll)
    Display_ClearAll                         0x080006c5   Thumb Code    18  main.o(i.Display_ClearAll)
    i.Display_DrawClearButton                0x080006d8   Section        0  main.o(i.Display_DrawClearButton)
    Display_DrawClearButton                  0x080006d9   Thumb Code    88  main.o(i.Display_DrawClearButton)
    i.Display_NextLine                       0x0800073c   Section        0  main.o(i.Display_NextLine)
    Display_NextLine                         0x0800073d   Thumb Code    64  main.o(i.Display_NextLine)
    i.Display_Task                           0x08000784   Section        0  main.o(i.Display_Task)
    Display_Task                             0x08000785   Thumb Code   116  main.o(i.Display_Task)
    i.EXTI15_10_IRQHandler                   0x0800084c   Section        0  stm32f4xx_it.o(i.EXTI15_10_IRQHandler)
    i.EXTI_ClearITPendingBit                 0x0800088c   Section        0  stm32f4xx_exti.o(i.EXTI_ClearITPendingBit)
    i.EXTI_GetITStatus                       0x08000898   Section        0  stm32f4xx_exti.o(i.EXTI_GetITStatus)
    i.EXTI_Init                              0x080008ac   Section        0  stm32f4xx_exti.o(i.EXTI_Init)
    i.FMC_GetFlagStatus                      0x08000920   Section        0  stm32f4xx_fmc.o(i.FMC_GetFlagStatus)
    i.FMC_SDRAMCmdConfig                     0x08000958   Section        0  stm32f4xx_fmc.o(i.FMC_SDRAMCmdConfig)
    i.FMC_SDRAMInit                          0x08000978   Section        0  stm32f4xx_fmc.o(i.FMC_SDRAMInit)
    i.FMC_SetRefreshCount                    0x08000a80   Section        0  stm32f4xx_fmc.o(i.FMC_SetRefreshCount)
    i.GPIO_Init                              0x08000a90   Section        0  stm32f4xx_gpio.o(i.GPIO_Init)
    i.GPIO_PinAFConfig                       0x08000b0c   Section        0  stm32f4xx_gpio.o(i.GPIO_PinAFConfig)
    i.GPIO_ReadInputDataBit                  0x08000b2c   Section        0  stm32f4xx_gpio.o(i.GPIO_ReadInputDataBit)
    i.GPIO_ResetBits                         0x08000b3a   Section        0  stm32f4xx_gpio.o(i.GPIO_ResetBits)
    i.GPIO_SetBits                           0x08000b3e   Section        0  stm32f4xx_gpio.o(i.GPIO_SetBits)
    i.GTP_Get_Info                           0x08000b44   Section        0  gt9xx.o(i.GTP_Get_Info)
    GTP_Get_Info                             0x08000b45   Thumb Code   116  gt9xx.o(i.GTP_Get_Info)
    i.GTP_I2C_Read                           0x08000bf4   Section        0  gt9xx.o(i.GTP_I2C_Read)
    GTP_I2C_Read                             0x08000bf5   Thumb Code   102  gt9xx.o(i.GTP_I2C_Read)
    i.GTP_I2C_Test                           0x08000c60   Section        0  gt9xx.o(i.GTP_I2C_Test)
    GTP_I2C_Test                             0x08000c61   Thumb Code    56  gt9xx.o(i.GTP_I2C_Test)
    i.GTP_I2C_Write                          0x08000ccc   Section        0  gt9xx.o(i.GTP_I2C_Write)
    GTP_I2C_Write                            0x08000ccd   Thumb Code    76  gt9xx.o(i.GTP_I2C_Write)
    i.GTP_Init_Panel                         0x08000d1c   Section        0  gt9xx.o(i.GTP_Init_Panel)
    i.GTP_Read_Version                       0x08000df0   Section        0  gt9xx.o(i.GTP_Read_Version)
    i.GTP_TouchProcess                       0x08000f3c   Section        0  gt9xx.o(i.GTP_TouchProcess)
    i.GTP_Touch_Down                         0x08000f40   Section        0  gt9xx.o(i.GTP_Touch_Down)
    GTP_Touch_Down                           0x08000f41   Thumb Code    50  gt9xx.o(i.GTP_Touch_Down)
    i.GTP_Touch_Up                           0x08000fa8   Section        0  gt9xx.o(i.GTP_Touch_Up)
    GTP_Touch_Up                             0x08000fa9   Thumb Code    50  gt9xx.o(i.GTP_Touch_Up)
    i.GetGBKCode_from_EXFlash                0x0800100c   Section        0  fonts.o(i.GetGBKCode_from_EXFlash)
    i.Goodix_TS_Work_Func                    0x08001054   Section        0  gt9xx.o(i.Goodix_TS_Work_Func)
    Goodix_TS_Work_Func                      0x08001055   Thumb Code   310  gt9xx.o(i.Goodix_TS_Work_Func)
    i.HardFault_Handler                      0x080011f4   Section        0  stm32f4xx_it.o(i.HardFault_Handler)
    i.I2C_GPIO_Config                        0x080011f8   Section        0  bsp_i2c_touch.o(i.I2C_GPIO_Config)
    I2C_GPIO_Config                          0x080011f9   Thumb Code   138  bsp_i2c_touch.o(i.I2C_GPIO_Config)
    i.I2C_GTP_IRQEnable                      0x0800128c   Section        0  bsp_i2c_touch.o(i.I2C_GTP_IRQEnable)
    i.I2C_ReadBytes                          0x080012f8   Section        0  bsp_i2c_touch.o(i.I2C_ReadBytes)
    i.I2C_ResetChip                          0x08001344   Section        0  bsp_i2c_touch.o(i.I2C_ResetChip)
    i.I2C_Touch_Init                         0x080013b4   Section        0  bsp_i2c_touch.o(i.I2C_Touch_Init)
    i.I2C_Transfer                           0x080013c6   Section        0  gt9xx.o(i.I2C_Transfer)
    I2C_Transfer                             0x080013c7   Thumb Code    68  gt9xx.o(i.I2C_Transfer)
    i.I2C_WriteBytes                         0x0800140a   Section        0  bsp_i2c_touch.o(i.I2C_WriteBytes)
    i.IsTouchInClearButton                   0x08001462   Section        0  main.o(i.IsTouchInClearButton)
    IsTouchInClearButton                     0x08001463   Thumb Code    28  main.o(i.IsTouchInClearButton)
    i.KEY_Task                               0x08001480   Section        0  main.o(i.KEY_Task)
    KEY_Task                                 0x08001481   Thumb Code    60  main.o(i.KEY_Task)
    i.Key_GPIO_Config                        0x080014c8   Section        0  bsp_key.o(i.Key_GPIO_Config)
    i.Key_Scan                               0x08001500   Section        0  bsp_key.o(i.Key_Scan)
    i.LCD_Clear                              0x08001528   Section        0  bsp_lcd.o(i.LCD_Clear)
    i.LCD_DispChar_CH                        0x08001588   Section        0  bsp_lcd.o(i.LCD_DispChar_CH)
    i.LCD_DisplayChar                        0x08001604   Section        0  bsp_lcd.o(i.LCD_DisplayChar)
    i.LCD_DisplayStringLine_EN_CH            0x08001624   Section        0  bsp_lcd.o(i.LCD_DisplayStringLine_EN_CH)
    i.LCD_DrawChar                           0x08001684   Section        0  bsp_lcd.o(i.LCD_DrawChar)
    i.LCD_DrawFullRect                       0x08001710   Section        0  bsp_lcd.o(i.LCD_DrawFullRect)
    i.LCD_DrawLine                           0x08001790   Section        0  bsp_lcd.o(i.LCD_DrawLine)
    i.LCD_DrawRect                           0x08001810   Section        0  bsp_lcd.o(i.LCD_DrawRect)
    i.LCD_GPIO_Config                        0x08001854   Section        0  bsp_lcd.o(i.LCD_GPIO_Config)
    LCD_GPIO_Config                          0x08001855   Thumb Code   728  bsp_lcd.o(i.LCD_GPIO_Config)
    i.LCD_Init                               0x08001b50   Section        0  bsp_lcd.o(i.LCD_Init)
    i.LCD_LayerInit                          0x08001bcc   Section        0  bsp_lcd.o(i.LCD_LayerInit)
    i.LCD_SetBackColor                       0x08001c74   Section        0  bsp_lcd.o(i.LCD_SetBackColor)
    i.LCD_SetFont                            0x08001c80   Section        0  bsp_lcd.o(i.LCD_SetFont)
    i.LCD_SetLayer                           0x08001c8c   Section        0  bsp_lcd.o(i.LCD_SetLayer)
    i.LCD_SetTextColor                       0x08001cb0   Section        0  bsp_lcd.o(i.LCD_SetTextColor)
    i.LCD_SetTransparency                    0x08001cbc   Section        0  bsp_lcd.o(i.LCD_SetTransparency)
    i.LED_GPIO_Config                        0x08001cec   Section        0  bsp_led.o(i.LED_GPIO_Config)
    i.LTDC_Cmd                               0x08001d48   Section        0  stm32f4xx_ltdc.o(i.LTDC_Cmd)
    i.LTDC_DitherCmd                         0x08001d68   Section        0  stm32f4xx_ltdc.o(i.LTDC_DitherCmd)
    i.LTDC_Init                              0x08001d88   Section        0  stm32f4xx_ltdc.o(i.LTDC_Init)
    i.LTDC_LayerAlpha                        0x08001e30   Section        0  stm32f4xx_ltdc.o(i.LTDC_LayerAlpha)
    i.LTDC_LayerCmd                          0x08001e34   Section        0  stm32f4xx_ltdc.o(i.LTDC_LayerCmd)
    i.LTDC_LayerInit                         0x08001e4c   Section        0  stm32f4xx_ltdc.o(i.LTDC_LayerInit)
    i.LTDC_ReloadConfig                      0x08001ee4   Section        0  stm32f4xx_ltdc.o(i.LTDC_ReloadConfig)
    i.MemManage_Handler                      0x08001ef0   Section        0  stm32f4xx_it.o(i.MemManage_Handler)
    i.NMI_Handler                            0x08001ef2   Section        0  stm32f4xx_it.o(i.NMI_Handler)
    i.NVIC_Configuration                     0x08001ef4   Section        0  bsp_debug_usart.o(i.NVIC_Configuration)
    NVIC_Configuration                       0x08001ef5   Thumb Code    38  bsp_debug_usart.o(i.NVIC_Configuration)
    i.NVIC_Init                              0x08001f1c   Section        0  misc.o(i.NVIC_Init)
    i.NVIC_PriorityGroupConfig               0x08001f84   Section        0  misc.o(i.NVIC_PriorityGroupConfig)
    i.RCC_AHB1PeriphClockCmd                 0x08001f98   Section        0  stm32f4xx_rcc.o(i.RCC_AHB1PeriphClockCmd)
    i.RCC_AHB1PeriphResetCmd                 0x08001fb4   Section        0  stm32f4xx_rcc.o(i.RCC_AHB1PeriphResetCmd)
    i.RCC_AHB3PeriphClockCmd                 0x08001fd0   Section        0  stm32f4xx_rcc.o(i.RCC_AHB3PeriphClockCmd)
    i.RCC_APB1PeriphClockCmd                 0x08001fec   Section        0  stm32f4xx_rcc.o(i.RCC_APB1PeriphClockCmd)
    i.RCC_APB2PeriphClockCmd                 0x08002008   Section        0  stm32f4xx_rcc.o(i.RCC_APB2PeriphClockCmd)
    i.RCC_GetClocksFreq                      0x08002024   Section        0  stm32f4xx_rcc.o(i.RCC_GetClocksFreq)
    i.RCC_GetFlagStatus                      0x080020c8   Section        0  stm32f4xx_rcc.o(i.RCC_GetFlagStatus)
    i.RCC_LTDCCLKDivConfig                   0x08002100   Section        0  stm32f4xx_rcc.o(i.RCC_LTDCCLKDivConfig)
    i.RCC_PLLSAICmd                          0x08002114   Section        0  stm32f4xx_rcc.o(i.RCC_PLLSAICmd)
    i.RCC_PLLSAIConfig                       0x08002120   Section        0  stm32f4xx_rcc.o(i.RCC_PLLSAIConfig)
    i.SDRAM_GPIO_Config                      0x08002134   Section        0  bsp_sdram.o(i.SDRAM_GPIO_Config)
    SDRAM_GPIO_Config                        0x08002135   Thumb Code   876  bsp_sdram.o(i.SDRAM_GPIO_Config)
    i.SDRAM_Init                             0x080024b8   Section        0  bsp_sdram.o(i.SDRAM_Init)
    i.SDRAM_InitSequence                     0x08002514   Section        0  bsp_sdram.o(i.SDRAM_InitSequence)
    SDRAM_InitSequence                       0x08002515   Thumb Code   172  bsp_sdram.o(i.SDRAM_InitSequence)
    i.SDRAM_delay                            0x080025c0   Section        0  bsp_sdram.o(i.SDRAM_delay)
    SDRAM_delay                              0x080025c1   Thumb Code    28  bsp_sdram.o(i.SDRAM_delay)
    i.SPI_Cmd                                0x080025e0   Section        0  stm32f4xx_spi.o(i.SPI_Cmd)
    i.SPI_FLASH_BufferRead                   0x080025f8   Section        0  bsp_spi_flash.o(i.SPI_FLASH_BufferRead)
    i.SPI_FLASH_Init                         0x08002644   Section        0  bsp_spi_flash.o(i.SPI_FLASH_Init)
    i.SPI_FLASH_SendByte                     0x0800271c   Section        0  bsp_spi_flash.o(i.SPI_FLASH_SendByte)
    i.SPI_I2S_GetFlagStatus                  0x0800278c   Section        0  stm32f4xx_spi.o(i.SPI_I2S_GetFlagStatus)
    i.SPI_I2S_ReceiveData                    0x0800279a   Section        0  stm32f4xx_spi.o(i.SPI_I2S_ReceiveData)
    i.SPI_I2S_SendData                       0x0800279e   Section        0  stm32f4xx_spi.o(i.SPI_I2S_SendData)
    i.SPI_Init                               0x080027a2   Section        0  stm32f4xx_spi.o(i.SPI_Init)
    i.SPI_TIMEOUT_UserCallback               0x080027dc   Section        0  bsp_spi_flash.o(i.SPI_TIMEOUT_UserCallback)
    SPI_TIMEOUT_UserCallback                 0x080027dd   Thumb Code    14  bsp_spi_flash.o(i.SPI_TIMEOUT_UserCallback)
    i.SYSCFG_EXTILineConfig                  0x0800281c   Section        0  stm32f4xx_syscfg.o(i.SYSCFG_EXTILineConfig)
    i.SetSysClock                            0x08002848   Section        0  system_stm32f4xx.o(i.SetSysClock)
    SetSysClock                              0x08002849   Thumb Code   196  system_stm32f4xx.o(i.SetSysClock)
    i.SysTick_Handler                        0x0800291c   Section        0  stm32f4xx_it.o(i.SysTick_Handler)
    i.SystemInit                             0x08002930   Section        0  system_stm32f4xx.o(i.SystemInit)
    i.Touch_Button_Up                        0x0800298c   Section        0  palette.o(i.Touch_Button_Up)
    i.Touch_Callback                         0x080029e0   Section        0  main.o(i.Touch_Callback)
    i.USART_Cmd                              0x080029fc   Section        0  stm32f4xx_usart.o(i.USART_Cmd)
    i.USART_GetFlagStatus                    0x08002a14   Section        0  stm32f4xx_usart.o(i.USART_GetFlagStatus)
    i.USART_ITConfig                         0x08002a22   Section        0  stm32f4xx_usart.o(i.USART_ITConfig)
    i.USART_Init                             0x08002a58   Section        0  stm32f4xx_usart.o(i.USART_Init)
    i.USART_SendData                         0x08002b14   Section        0  stm32f4xx_usart.o(i.USART_SendData)
    i.UsageFault_Handler                     0x08002b1c   Section        0  stm32f4xx_it.o(i.UsageFault_Handler)
    i.__0printf$8                            0x08002b20   Section        0  printf8.o(i.__0printf$8)
    i.__scatterload_copy                     0x08002b40   Section       14  handlers.o(i.__scatterload_copy)
    i.__scatterload_null                     0x08002b4e   Section        2  handlers.o(i.__scatterload_null)
    i.__scatterload_zeroinit                 0x08002b50   Section       14  handlers.o(i.__scatterload_zeroinit)
    i._printf_core                           0x08002b60   Section        0  printf8.o(i._printf_core)
    _printf_core                             0x08002b61   Thumb Code   984  printf8.o(i._printf_core)
    i._printf_post_padding                   0x08002f64   Section        0  printf8.o(i._printf_post_padding)
    _printf_post_padding                     0x08002f65   Thumb Code    36  printf8.o(i._printf_post_padding)
    i._printf_pre_padding                    0x08002f88   Section        0  printf8.o(i._printf_pre_padding)
    _printf_pre_padding                      0x08002f89   Thumb Code    46  printf8.o(i._printf_pre_padding)
    i.fputc                                  0x08002fb8   Section        0  bsp_debug_usart.o(i.fputc)
    i.i2c_Ack                                0x08002fdc   Section        0  bsp_i2c_touch.o(i.i2c_Ack)
    i.i2c_Delay                              0x08003014   Section        0  bsp_i2c_touch.o(i.i2c_Delay)
    i2c_Delay                                0x08003015   Thumb Code    12  bsp_i2c_touch.o(i.i2c_Delay)
    i.i2c_NAck                               0x08003020   Section        0  bsp_i2c_touch.o(i.i2c_NAck)
    i.i2c_ReadByte                           0x08003050   Section        0  bsp_i2c_touch.o(i.i2c_ReadByte)
    i.i2c_SendByte                           0x08003094   Section        0  bsp_i2c_touch.o(i.i2c_SendByte)
    i.i2c_Start                              0x080030ec   Section        0  bsp_i2c_touch.o(i.i2c_Start)
    i.i2c_Stop                               0x08003124   Section        0  bsp_i2c_touch.o(i.i2c_Stop)
    i.i2c_WaitAck                            0x0800314c   Section        0  bsp_i2c_touch.o(i.i2c_WaitAck)
    i.main                                   0x0800318c   Section        0  main.o(i.main)
    i.prvAddCurrentTaskToDelayedList         0x08003284   Section        0  tasks.o(i.prvAddCurrentTaskToDelayedList)
    prvAddCurrentTaskToDelayedList           0x08003285   Thumb Code   104  tasks.o(i.prvAddCurrentTaskToDelayedList)
    i.prvAddNewTaskToReadyList               0x080032f4   Section        0  tasks.o(i.prvAddNewTaskToReadyList)
    prvAddNewTaskToReadyList                 0x080032f5   Thumb Code   124  tasks.o(i.prvAddNewTaskToReadyList)
    i.prvCheckTasksWaitingTermination        0x0800337c   Section        0  tasks.o(i.prvCheckTasksWaitingTermination)
    prvCheckTasksWaitingTermination          0x0800337d   Thumb Code    74  tasks.o(i.prvCheckTasksWaitingTermination)
    i.prvDeleteTCB                           0x080033d0   Section        0  tasks.o(i.prvDeleteTCB)
    prvDeleteTCB                             0x080033d1   Thumb Code    20  tasks.o(i.prvDeleteTCB)
    i.prvHeapInit                            0x080033e4   Section        0  heap_4.o(i.prvHeapInit)
    prvHeapInit                              0x080033e5   Thumb Code    68  heap_4.o(i.prvHeapInit)
    i.prvIdleTask                            0x08003430   Section        0  tasks.o(i.prvIdleTask)
    prvIdleTask                              0x08003431   Thumb Code    30  tasks.o(i.prvIdleTask)
    i.prvInitialiseNewTask                   0x08003458   Section        0  tasks.o(i.prvInitialiseNewTask)
    prvInitialiseNewTask                     0x08003459   Thumb Code   134  tasks.o(i.prvInitialiseNewTask)
    i.prvInitialiseTaskLists                 0x0800350c   Section        0  tasks.o(i.prvInitialiseTaskLists)
    prvInitialiseTaskLists                   0x0800350d   Thumb Code    74  tasks.o(i.prvInitialiseTaskLists)
    i.prvInsertBlockIntoFreeList             0x08003564   Section        0  heap_4.o(i.prvInsertBlockIntoFreeList)
    prvInsertBlockIntoFreeList               0x08003565   Thumb Code    78  heap_4.o(i.prvInsertBlockIntoFreeList)
    i.prvResetNextTaskUnblockTime            0x080035b8   Section        0  tasks.o(i.prvResetNextTaskUnblockTime)
    prvResetNextTaskUnblockTime              0x080035b9   Thumb Code    30  tasks.o(i.prvResetNextTaskUnblockTime)
    i.prvTaskExitError                       0x080035dc   Section        0  port.o(i.prvTaskExitError)
    prvTaskExitError                         0x080035dd   Thumb Code    36  port.o(i.prvTaskExitError)
    i.prvTestWaitCondition                   0x08003640   Section        0  event_groups.o(i.prvTestWaitCondition)
    prvTestWaitCondition                     0x08003641   Thumb Code    24  event_groups.o(i.prvTestWaitCondition)
    i.pvPortMalloc                           0x08003658   Section        0  heap_4.o(i.pvPortMalloc)
    i.pxPortInitialiseStack                  0x08003764   Section        0  port.o(i.pxPortInitialiseStack)
    i.uxListRemove                           0x08003788   Section        0  list.o(i.uxListRemove)
    i.uxTaskResetEventItemValue              0x080037ac   Section        0  tasks.o(i.uxTaskResetEventItemValue)
    i.vListInitialise                        0x080037c4   Section        0  list.o(i.vListInitialise)
    i.vListInitialiseItem                    0x080037da   Section        0  list.o(i.vListInitialiseItem)
    i.vListInsert                            0x080037e0   Section        0  list.o(i.vListInsert)
    i.vListInsertEnd                         0x08003810   Section        0  list.o(i.vListInsertEnd)
    i.vPortEnterCritical                     0x08003828   Section        0  port.o(i.vPortEnterCritical)
    i.vPortExitCritical                      0x080038a0   Section        0  port.o(i.vPortExitCritical)
    i.vPortFree                              0x08003908   Section        0  heap_4.o(i.vPortFree)
    i.vPortSetupTimerInterrupt               0x080039a4   Section        0  port.o(i.vPortSetupTimerInterrupt)
    i.vTaskDelay                             0x080039c4   Section        0  tasks.o(i.vTaskDelay)
    i.vTaskDelete                            0x08003a3c   Section        0  tasks.o(i.vTaskDelete)
    i.vTaskPlaceOnUnorderedEventList         0x08003b10   Section        0  tasks.o(i.vTaskPlaceOnUnorderedEventList)
    i.vTaskStartScheduler                    0x08003b8c   Section        0  tasks.o(i.vTaskStartScheduler)
    i.vTaskSuspendAll                        0x08003c20   Section        0  tasks.o(i.vTaskSuspendAll)
    i.vTaskSwitchContext                     0x08003c30   Section        0  tasks.o(i.vTaskSwitchContext)
    i.xEventGroupCreate                      0x08003cb8   Section        0  event_groups.o(i.xEventGroupCreate)
    i.xEventGroupSetBits                     0x08003cd4   Section        0  event_groups.o(i.xEventGroupSetBits)
    i.xEventGroupWaitBits                    0x08003da0   Section        0  event_groups.o(i.xEventGroupWaitBits)
    i.xPortStartScheduler                    0x08003ec8   Section        0  port.o(i.xPortStartScheduler)
    i.xPortSysTickHandler                    0x08003fd8   Section        0  port.o(i.xPortSysTickHandler)
    i.xTaskCreate                            0x08004004   Section        0  tasks.o(i.xTaskCreate)
    i.xTaskGetSchedulerState                 0x08004064   Section        0  tasks.o(i.xTaskGetSchedulerState)
    i.xTaskIncrementTick                     0x08004080   Section        0  tasks.o(i.xTaskIncrementTick)
    i.xTaskRemoveFromUnorderedEventList      0x08004174   Section        0  tasks.o(i.xTaskRemoveFromUnorderedEventList)
    i.xTaskResumeAll                         0x08004218   Section        0  tasks.o(i.xTaskResumeAll)
    .constdata                               0x0800430c   Section     4560  fonts.o(.constdata)
    .constdata                               0x080054dc   Section      392  gt9xx.o(.constdata)
    .conststring                             0x08005664   Section      161  gt9xx.o(.conststring)
    .data                                    0x20000000   Section       20  system_stm32f4xx.o(.data)
    .data                                    0x20000014   Section       16  stm32f4xx_rcc.o(.data)
    APBAHBPrescTable                         0x20000014   Data          16  stm32f4xx_rcc.o(.data)
    .data                                    0x20000024   Section       20  main.o(.data)
    current_line                             0x20000024   Data           1  main.o(.data)
    clear_button_pressed                     0x20000025   Data           1  main.o(.data)
    AppTaskCreate_Handle                     0x20000028   Data           4  main.o(.data)
    Display_Task_Handle                      0x2000002c   Data           4  main.o(.data)
    KEY_Task_Handle                          0x20000030   Data           4  main.o(.data)
    Event_Handle                             0x20000034   Data           4  main.o(.data)
    .data                                    0x20000038   Section        4  bsp_spi_flash.o(.data)
    SPITimeout                               0x20000038   Data           4  bsp_spi_flash.o(.data)
    .data                                    0x2000003c   Section        8  fonts.o(.data)
    .data                                    0x20000044   Section        1  fonts.o(.data)
    everRead                                 0x20000044   Data           1  fonts.o(.data)
    .data                                    0x20000048   Section       16  bsp_lcd.o(.data)
    CurrentTextColor                         0x20000048   Data           2  bsp_lcd.o(.data)
    CurrentBackColor                         0x2000004a   Data           2  bsp_lcd.o(.data)
    CurrentFrameBuffer                       0x2000004c   Data           4  bsp_lcd.o(.data)
    CurrentLayer                             0x20000050   Data           4  bsp_lcd.o(.data)
    LCD_Currentfonts                         0x20000054   Data           4  bsp_lcd.o(.data)
    .data                                    0x20000058   Section      272  gt9xx.o(.data)
    pre_touch                                0x2000005a   Data           2  gt9xx.o(.data)
    pre_id                                   0x2000005c   Data           5  gt9xx.o(.data)
    pre_x                                    0x20000154   Data          10  gt9xx.o(.data)
    pre_y                                    0x2000015e   Data          10  gt9xx.o(.data)
    .data                                    0x20000168   Section       60  tasks.o(.data)
    uxDeletedTasksWaitingCleanUp             0x2000016c   Data           4  tasks.o(.data)
    uxCurrentNumberOfTasks                   0x20000170   Data           4  tasks.o(.data)
    xTickCount                               0x20000174   Data           4  tasks.o(.data)
    uxTopReadyPriority                       0x20000178   Data           4  tasks.o(.data)
    xSchedulerRunning                        0x2000017c   Data           4  tasks.o(.data)
    uxPendedTicks                            0x20000180   Data           4  tasks.o(.data)
    xYieldPending                            0x20000184   Data           4  tasks.o(.data)
    xNumOfOverflows                          0x20000188   Data           4  tasks.o(.data)
    uxTaskNumber                             0x2000018c   Data           4  tasks.o(.data)
    xNextTaskUnblockTime                     0x20000190   Data           4  tasks.o(.data)
    xIdleTaskHandle                          0x20000194   Data           4  tasks.o(.data)
    uxSchedulerSuspended                     0x20000198   Data           4  tasks.o(.data)
    pxDelayedTaskList                        0x2000019c   Data           4  tasks.o(.data)
    pxOverflowDelayedTaskList                0x200001a0   Data           4  tasks.o(.data)
    .data                                    0x200001a4   Section       24  heap_4.o(.data)
    pxEnd                                    0x200001a4   Data           4  heap_4.o(.data)
    xFreeBytesRemaining                      0x200001a8   Data           4  heap_4.o(.data)
    xMinimumEverFreeBytesRemaining           0x200001ac   Data           4  heap_4.o(.data)
    xBlockAllocatedBit                       0x200001b0   Data           4  heap_4.o(.data)
    xStart                                   0x200001b4   Data           8  heap_4.o(.data)
    .data                                    0x200001bc   Section       12  port.o(.data)
    ucMaxSysCallPriority                     0x200001bc   Data           1  port.o(.data)
    uxCriticalNesting                        0x200001c0   Data           4  port.o(.data)
    ulMaxPRIGROUPValue                       0x200001c4   Data           4  port.o(.data)
    .data                                    0x200001c8   Section        4  stdout.o(.data)
    .bss                                     0x200001cc   Section      432  palette.o(.bss)
    .bss                                     0x2000037c   Section      740  tasks.o(.bss)
    pxReadyTasksLists                        0x2000037c   Data         640  tasks.o(.bss)
    xDelayedTaskList1                        0x200005fc   Data          20  tasks.o(.bss)
    xDelayedTaskList2                        0x20000610   Data          20  tasks.o(.bss)
    xPendingReadyList                        0x20000624   Data          20  tasks.o(.bss)
    xTasksWaitingTermination                 0x20000638   Data          20  tasks.o(.bss)
    xSuspendedTaskList                       0x2000064c   Data          20  tasks.o(.bss)
    .bss                                     0x20000660   Section    36864  heap_4.o(.bss)
    ucHeap                                   0x20000660   Data       36864  heap_4.o(.bss)
    STACK                                    0x20009660   Section     1024  startup_stm32f429_439xx.o(STACK)

    Global Symbols

    Symbol Name                              Value     Ov Type        Size  Object(Section)

    BuildAttributes$$THM_ISAv4$E$P$D$K$B$S$7EM$VFPi3$EXTD16$VFPS$VFMA$PE$A:L22UL41UL21$X:L11$S22US41US21$IEEE1$IW$USESV6$~STKCKD$USESV7$~SHL$OSPACE$ROPI$EBA8$MICROLIB$REQ8$PRES8$EABIv2 0x00000000   Number         0  anon$$obj.o ABSOLUTE
    __ARM_use_no_argv                        0x00000000   Number         0  main.o ABSOLUTE
    _printf_a                                0x00000000   Number         0  stubs.o ABSOLUTE
    _printf_c                                0x00000000   Number         0  stubs.o ABSOLUTE
    _printf_charcount                        0x00000000   Number         0  stubs.o ABSOLUTE
    _printf_d                                0x00000000   Number         0  stubs.o ABSOLUTE
    _printf_e                                0x00000000   Number         0  stubs.o ABSOLUTE
    _printf_f                                0x00000000   Number         0  stubs.o ABSOLUTE
    _printf_flags                            0x00000000   Number         0  stubs.o ABSOLUTE
    _printf_fp_dec                           0x00000000   Number         0  stubs.o ABSOLUTE
    _printf_fp_hex                           0x00000000   Number         0  stubs.o ABSOLUTE
    _printf_g                                0x00000000   Number         0  stubs.o ABSOLUTE
    _printf_i                                0x00000000   Number         0  stubs.o ABSOLUTE
    _printf_int_dec                          0x00000000   Number         0  stubs.o ABSOLUTE
    _printf_l                                0x00000000   Number         0  stubs.o ABSOLUTE
    _printf_lc                               0x00000000   Number         0  stubs.o ABSOLUTE
    _printf_ll                               0x00000000   Number         0  stubs.o ABSOLUTE
    _printf_lld                              0x00000000   Number         0  stubs.o ABSOLUTE
    _printf_lli                              0x00000000   Number         0  stubs.o ABSOLUTE
    _printf_llo                              0x00000000   Number         0  stubs.o ABSOLUTE
    _printf_llu                              0x00000000   Number         0  stubs.o ABSOLUTE
    _printf_llx                              0x00000000   Number         0  stubs.o ABSOLUTE
    _printf_longlong_dec                     0x00000000   Number         0  stubs.o ABSOLUTE
    _printf_longlong_hex                     0x00000000   Number         0  stubs.o ABSOLUTE
    _printf_longlong_oct                     0x00000000   Number         0  stubs.o ABSOLUTE
    _printf_ls                               0x00000000   Number         0  stubs.o ABSOLUTE
    _printf_mbtowc                           0x00000000   Number         0  stubs.o ABSOLUTE
    _printf_n                                0x00000000   Number         0  stubs.o ABSOLUTE
    _printf_o                                0x00000000   Number         0  stubs.o ABSOLUTE
    _printf_p                                0x00000000   Number         0  stubs.o ABSOLUTE
    _printf_percent                          0x00000000   Number         0  stubs.o ABSOLUTE
    _printf_pre_padding                      0x00000000   Number         0  stubs.o ABSOLUTE
    _printf_return_value                     0x00000000   Number         0  stubs.o ABSOLUTE
    _printf_s                                0x00000000   Number         0  stubs.o ABSOLUTE
    _printf_sizespec                         0x00000000   Number         0  stubs.o ABSOLUTE
    _printf_str                              0x00000000   Number         0  stubs.o ABSOLUTE
    _printf_truncate_signed                  0x00000000   Number         0  stubs.o ABSOLUTE
    _printf_truncate_unsigned                0x00000000   Number         0  stubs.o ABSOLUTE
    _printf_u                                0x00000000   Number         0  stubs.o ABSOLUTE
    _printf_wc                               0x00000000   Number         0  stubs.o ABSOLUTE
    _printf_wctomb                           0x00000000   Number         0  stubs.o ABSOLUTE
    _printf_widthprec                        0x00000000   Number         0  stubs.o ABSOLUTE
    _printf_x                                0x00000000   Number         0  stubs.o ABSOLUTE
    __arm_fini_                               - Undefined Weak Reference
    __cpp_initialize__aeabi_                  - Undefined Weak Reference
    __cxa_finalize                            - Undefined Weak Reference
    _clock_init                               - Undefined Weak Reference
    _microlib_exit                            - Undefined Weak Reference
    __Vectors_Size                           0x000001ac   Number         0  startup_stm32f429_439xx.o ABSOLUTE
    __Vectors                                0x08000000   Data           4  startup_stm32f429_439xx.o(RESET)
    __Vectors_End                            0x080001ac   Data           0  startup_stm32f429_439xx.o(RESET)
    __main                                   0x080001ad   Thumb Code     0  entry.o(.ARM.Collect$$$$00000000)
    _main_stk                                0x080001ad   Thumb Code     0  entry2.o(.ARM.Collect$$$$00000001)
    _main_scatterload                        0x080001b1   Thumb Code     0  entry5.o(.ARM.Collect$$$$00000004)
    __main_after_scatterload                 0x080001b5   Thumb Code     0  entry5.o(.ARM.Collect$$$$00000004)
    _main_clock                              0x080001b5   Thumb Code     0  entry7b.o(.ARM.Collect$$$$00000008)
    _main_cpp_init                           0x080001b5   Thumb Code     0  entry8b.o(.ARM.Collect$$$$0000000A)
    _main_init                               0x080001b5   Thumb Code     0  entry9a.o(.ARM.Collect$$$$0000000B)
    __rt_lib_shutdown_fini                   0x080001bd   Thumb Code     0  entry12b.o(.ARM.Collect$$$$0000000E)
    __rt_final_cpp                           0x080001c1   Thumb Code     0  entry10a.o(.ARM.Collect$$$$0000000F)
    __rt_final_exit                          0x080001c1   Thumb Code     0  entry11a.o(.ARM.Collect$$$$00000011)
    SVC_Handler                              0x080001c5   Thumb Code    28  port.o(.emb_text)
    __asm___6_port_c_39a90d8d__prvStartFirstTask 0x080001e5   Thumb Code    28  port.o(.emb_text)
    __asm___6_port_c_39a90d8d__prvEnableVFP  0x08000205   Thumb Code    16  port.o(.emb_text)
    PendSV_Handler                           0x08000219   Thumb Code    88  port.o(.emb_text)
    vPortGetIPSR                             0x08000275   Thumb Code     6  port.o(.emb_text)
    Reset_Handler                            0x0800027d   Thumb Code     8  startup_stm32f429_439xx.o(.text)
    ADC_IRQHandler                           0x08000297   Thumb Code     0  startup_stm32f429_439xx.o(.text)
    CAN1_RX0_IRQHandler                      0x08000297   Thumb Code     0  startup_stm32f429_439xx.o(.text)
    CAN1_RX1_IRQHandler                      0x08000297   Thumb Code     0  startup_stm32f429_439xx.o(.text)
    CAN1_SCE_IRQHandler                      0x08000297   Thumb Code     0  startup_stm32f429_439xx.o(.text)
    CAN1_TX_IRQHandler                       0x08000297   Thumb Code     0  startup_stm32f429_439xx.o(.text)
    CAN2_RX0_IRQHandler                      0x08000297   Thumb Code     0  startup_stm32f429_439xx.o(.text)
    CAN2_RX1_IRQHandler                      0x08000297   Thumb Code     0  startup_stm32f429_439xx.o(.text)
    CAN2_SCE_IRQHandler                      0x08000297   Thumb Code     0  startup_stm32f429_439xx.o(.text)
    CAN2_TX_IRQHandler                       0x08000297   Thumb Code     0  startup_stm32f429_439xx.o(.text)
    CRYP_IRQHandler                          0x08000297   Thumb Code     0  startup_stm32f429_439xx.o(.text)
    DCMI_IRQHandler                          0x08000297   Thumb Code     0  startup_stm32f429_439xx.o(.text)
    DMA1_Stream0_IRQHandler                  0x08000297   Thumb Code     0  startup_stm32f429_439xx.o(.text)
    DMA1_Stream1_IRQHandler                  0x08000297   Thumb Code     0  startup_stm32f429_439xx.o(.text)
    DMA1_Stream2_IRQHandler                  0x08000297   Thumb Code     0  startup_stm32f429_439xx.o(.text)
    DMA1_Stream3_IRQHandler                  0x08000297   Thumb Code     0  startup_stm32f429_439xx.o(.text)
    DMA1_Stream4_IRQHandler                  0x08000297   Thumb Code     0  startup_stm32f429_439xx.o(.text)
    DMA1_Stream5_IRQHandler                  0x08000297   Thumb Code     0  startup_stm32f429_439xx.o(.text)
    DMA1_Stream6_IRQHandler                  0x08000297   Thumb Code     0  startup_stm32f429_439xx.o(.text)
    DMA1_Stream7_IRQHandler                  0x08000297   Thumb Code     0  startup_stm32f429_439xx.o(.text)
    DMA2D_IRQHandler                         0x08000297   Thumb Code     0  startup_stm32f429_439xx.o(.text)
    DMA2_Stream0_IRQHandler                  0x08000297   Thumb Code     0  startup_stm32f429_439xx.o(.text)
    DMA2_Stream1_IRQHandler                  0x08000297   Thumb Code     0  startup_stm32f429_439xx.o(.text)
    DMA2_Stream2_IRQHandler                  0x08000297   Thumb Code     0  startup_stm32f429_439xx.o(.text)
    DMA2_Stream3_IRQHandler                  0x08000297   Thumb Code     0  startup_stm32f429_439xx.o(.text)
    DMA2_Stream4_IRQHandler                  0x08000297   Thumb Code     0  startup_stm32f429_439xx.o(.text)
    DMA2_Stream5_IRQHandler                  0x08000297   Thumb Code     0  startup_stm32f429_439xx.o(.text)
    DMA2_Stream6_IRQHandler                  0x08000297   Thumb Code     0  startup_stm32f429_439xx.o(.text)
    DMA2_Stream7_IRQHandler                  0x08000297   Thumb Code     0  startup_stm32f429_439xx.o(.text)
    ETH_IRQHandler                           0x08000297   Thumb Code     0  startup_stm32f429_439xx.o(.text)
    ETH_WKUP_IRQHandler                      0x08000297   Thumb Code     0  startup_stm32f429_439xx.o(.text)
    EXTI0_IRQHandler                         0x08000297   Thumb Code     0  startup_stm32f429_439xx.o(.text)
    EXTI1_IRQHandler                         0x08000297   Thumb Code     0  startup_stm32f429_439xx.o(.text)
    EXTI2_IRQHandler                         0x08000297   Thumb Code     0  startup_stm32f429_439xx.o(.text)
    EXTI3_IRQHandler                         0x08000297   Thumb Code     0  startup_stm32f429_439xx.o(.text)
    EXTI4_IRQHandler                         0x08000297   Thumb Code     0  startup_stm32f429_439xx.o(.text)
    EXTI9_5_IRQHandler                       0x08000297   Thumb Code     0  startup_stm32f429_439xx.o(.text)
    FLASH_IRQHandler                         0x08000297   Thumb Code     0  startup_stm32f429_439xx.o(.text)
    FMC_IRQHandler                           0x08000297   Thumb Code     0  startup_stm32f429_439xx.o(.text)
    FPU_IRQHandler                           0x08000297   Thumb Code     0  startup_stm32f429_439xx.o(.text)
    HASH_RNG_IRQHandler                      0x08000297   Thumb Code     0  startup_stm32f429_439xx.o(.text)
    I2C1_ER_IRQHandler                       0x08000297   Thumb Code     0  startup_stm32f429_439xx.o(.text)
    I2C1_EV_IRQHandler                       0x08000297   Thumb Code     0  startup_stm32f429_439xx.o(.text)
    I2C2_ER_IRQHandler                       0x08000297   Thumb Code     0  startup_stm32f429_439xx.o(.text)
    I2C2_EV_IRQHandler                       0x08000297   Thumb Code     0  startup_stm32f429_439xx.o(.text)
    I2C3_ER_IRQHandler                       0x08000297   Thumb Code     0  startup_stm32f429_439xx.o(.text)
    I2C3_EV_IRQHandler                       0x08000297   Thumb Code     0  startup_stm32f429_439xx.o(.text)
    LTDC_ER_IRQHandler                       0x08000297   Thumb Code     0  startup_stm32f429_439xx.o(.text)
    LTDC_IRQHandler                          0x08000297   Thumb Code     0  startup_stm32f429_439xx.o(.text)
    OTG_FS_IRQHandler                        0x08000297   Thumb Code     0  startup_stm32f429_439xx.o(.text)
    OTG_FS_WKUP_IRQHandler                   0x08000297   Thumb Code     0  startup_stm32f429_439xx.o(.text)
    OTG_HS_EP1_IN_IRQHandler                 0x08000297   Thumb Code     0  startup_stm32f429_439xx.o(.text)
    OTG_HS_EP1_OUT_IRQHandler                0x08000297   Thumb Code     0  startup_stm32f429_439xx.o(.text)
    OTG_HS_IRQHandler                        0x08000297   Thumb Code     0  startup_stm32f429_439xx.o(.text)
    OTG_HS_WKUP_IRQHandler                   0x08000297   Thumb Code     0  startup_stm32f429_439xx.o(.text)
    PVD_IRQHandler                           0x08000297   Thumb Code     0  startup_stm32f429_439xx.o(.text)
    RCC_IRQHandler                           0x08000297   Thumb Code     0  startup_stm32f429_439xx.o(.text)
    RTC_Alarm_IRQHandler                     0x08000297   Thumb Code     0  startup_stm32f429_439xx.o(.text)
    RTC_WKUP_IRQHandler                      0x08000297   Thumb Code     0  startup_stm32f429_439xx.o(.text)
    SAI1_IRQHandler                          0x08000297   Thumb Code     0  startup_stm32f429_439xx.o(.text)
    SDIO_IRQHandler                          0x08000297   Thumb Code     0  startup_stm32f429_439xx.o(.text)
    SPI1_IRQHandler                          0x08000297   Thumb Code     0  startup_stm32f429_439xx.o(.text)
    SPI2_IRQHandler                          0x08000297   Thumb Code     0  startup_stm32f429_439xx.o(.text)
    SPI3_IRQHandler                          0x08000297   Thumb Code     0  startup_stm32f429_439xx.o(.text)
    SPI4_IRQHandler                          0x08000297   Thumb Code     0  startup_stm32f429_439xx.o(.text)
    SPI5_IRQHandler                          0x08000297   Thumb Code     0  startup_stm32f429_439xx.o(.text)
    SPI6_IRQHandler                          0x08000297   Thumb Code     0  startup_stm32f429_439xx.o(.text)
    TAMP_STAMP_IRQHandler                    0x08000297   Thumb Code     0  startup_stm32f429_439xx.o(.text)
    TIM1_BRK_TIM9_IRQHandler                 0x08000297   Thumb Code     0  startup_stm32f429_439xx.o(.text)
    TIM1_CC_IRQHandler                       0x08000297   Thumb Code     0  startup_stm32f429_439xx.o(.text)
    TIM1_TRG_COM_TIM11_IRQHandler            0x08000297   Thumb Code     0  startup_stm32f429_439xx.o(.text)
    TIM1_UP_TIM10_IRQHandler                 0x08000297   Thumb Code     0  startup_stm32f429_439xx.o(.text)
    TIM2_IRQHandler                          0x08000297   Thumb Code     0  startup_stm32f429_439xx.o(.text)
    TIM3_IRQHandler                          0x08000297   Thumb Code     0  startup_stm32f429_439xx.o(.text)
    TIM4_IRQHandler                          0x08000297   Thumb Code     0  startup_stm32f429_439xx.o(.text)
    TIM5_IRQHandler                          0x08000297   Thumb Code     0  startup_stm32f429_439xx.o(.text)
    TIM6_DAC_IRQHandler                      0x08000297   Thumb Code     0  startup_stm32f429_439xx.o(.text)
    TIM7_IRQHandler                          0x08000297   Thumb Code     0  startup_stm32f429_439xx.o(.text)
    TIM8_BRK_TIM12_IRQHandler                0x08000297   Thumb Code     0  startup_stm32f429_439xx.o(.text)
    TIM8_CC_IRQHandler                       0x08000297   Thumb Code     0  startup_stm32f429_439xx.o(.text)
    TIM8_TRG_COM_TIM14_IRQHandler            0x08000297   Thumb Code     0  startup_stm32f429_439xx.o(.text)
    TIM8_UP_TIM13_IRQHandler                 0x08000297   Thumb Code     0  startup_stm32f429_439xx.o(.text)
    UART4_IRQHandler                         0x08000297   Thumb Code     0  startup_stm32f429_439xx.o(.text)
    UART5_IRQHandler                         0x08000297   Thumb Code     0  startup_stm32f429_439xx.o(.text)
    UART7_IRQHandler                         0x08000297   Thumb Code     0  startup_stm32f429_439xx.o(.text)
    UART8_IRQHandler                         0x08000297   Thumb Code     0  startup_stm32f429_439xx.o(.text)
    USART1_IRQHandler                        0x08000297   Thumb Code     0  startup_stm32f429_439xx.o(.text)
    USART2_IRQHandler                        0x08000297   Thumb Code     0  startup_stm32f429_439xx.o(.text)
    USART3_IRQHandler                        0x08000297   Thumb Code     0  startup_stm32f429_439xx.o(.text)
    USART6_IRQHandler                        0x08000297   Thumb Code     0  startup_stm32f429_439xx.o(.text)
    WWDG_IRQHandler                          0x08000297   Thumb Code     0  startup_stm32f429_439xx.o(.text)
    __aeabi_memcpy                           0x080002a1   Thumb Code    36  memcpya.o(.text)
    __aeabi_memcpy4                          0x080002a1   Thumb Code     0  memcpya.o(.text)
    __aeabi_memcpy8                          0x080002a1   Thumb Code     0  memcpya.o(.text)
    __aeabi_memset                           0x080002c5   Thumb Code    14  memseta.o(.text)
    __aeabi_memset4                          0x080002c5   Thumb Code     0  memseta.o(.text)
    __aeabi_memset8                          0x080002c5   Thumb Code     0  memseta.o(.text)
    __aeabi_memclr                           0x080002d3   Thumb Code     4  memseta.o(.text)
    __aeabi_memclr4                          0x080002d3   Thumb Code     0  memseta.o(.text)
    __aeabi_memclr8                          0x080002d3   Thumb Code     0  memseta.o(.text)
    _memset$wrapper                          0x080002d7   Thumb Code    18  memseta.o(.text)
    __aeabi_uldivmod                         0x080002e9   Thumb Code    98  uldiv.o(.text)
    __scatterload                            0x0800034d   Thumb Code    28  init.o(.text)
    __scatterload_rt2                        0x0800034d   Thumb Code     0  init.o(.text)
    __aeabi_llsl                             0x08000371   Thumb Code    30  llshl.o(.text)
    _ll_shift_l                              0x08000371   Thumb Code     0  llshl.o(.text)
    __aeabi_llsr                             0x0800038f   Thumb Code    32  llushr.o(.text)
    _ll_ushift_r                             0x0800038f   Thumb Code     0  llushr.o(.text)
    __decompress                             0x080003af   Thumb Code     0  __dczerorl2.o(.text)
    __decompress1                            0x080003af   Thumb Code    86  __dczerorl2.o(.text)
    BusFault_Handler                         0x080004ff   Thumb Code     2  stm32f4xx_it.o(i.BusFault_Handler)
    DMA2D_DeInit                             0x08000501   Thumb Code    24  stm32f4xx_dma2d.o(i.DMA2D_DeInit)
    DMA2D_GetFlagStatus                      0x08000519   Thumb Code    16  stm32f4xx_dma2d.o(i.DMA2D_GetFlagStatus)
    DMA2D_Init                               0x0800052d   Thumb Code   174  stm32f4xx_dma2d.o(i.DMA2D_Init)
    DMA2D_StartTransfer                      0x080005e5   Thumb Code    12  stm32f4xx_dma2d.o(i.DMA2D_StartTransfer)
    DebugMon_Handler                         0x080005f5   Thumb Code     2  stm32f4xx_it.o(i.DebugMon_Handler)
    Debug_USART_Config                       0x080005f9   Thumb Code   158  bsp_debug_usart.o(i.Debug_USART_Config)
    EXTI15_10_IRQHandler                     0x0800084d   Thumb Code    58  stm32f4xx_it.o(i.EXTI15_10_IRQHandler)
    EXTI_ClearITPendingBit                   0x0800088d   Thumb Code     6  stm32f4xx_exti.o(i.EXTI_ClearITPendingBit)
    EXTI_GetITStatus                         0x08000899   Thumb Code    16  stm32f4xx_exti.o(i.EXTI_GetITStatus)
    EXTI_Init                                0x080008ad   Thumb Code   110  stm32f4xx_exti.o(i.EXTI_Init)
    FMC_GetFlagStatus                        0x08000921   Thumb Code    54  stm32f4xx_fmc.o(i.FMC_GetFlagStatus)
    FMC_SDRAMCmdConfig                       0x08000959   Thumb Code    26  stm32f4xx_fmc.o(i.FMC_SDRAMCmdConfig)
    FMC_SDRAMInit                            0x08000979   Thumb Code   262  stm32f4xx_fmc.o(i.FMC_SDRAMInit)
    FMC_SetRefreshCount                      0x08000a81   Thumb Code    12  stm32f4xx_fmc.o(i.FMC_SetRefreshCount)
    GPIO_Init                                0x08000a91   Thumb Code   124  stm32f4xx_gpio.o(i.GPIO_Init)
    GPIO_PinAFConfig                         0x08000b0d   Thumb Code    32  stm32f4xx_gpio.o(i.GPIO_PinAFConfig)
    GPIO_ReadInputDataBit                    0x08000b2d   Thumb Code    14  stm32f4xx_gpio.o(i.GPIO_ReadInputDataBit)
    GPIO_ResetBits                           0x08000b3b   Thumb Code     4  stm32f4xx_gpio.o(i.GPIO_ResetBits)
    GPIO_SetBits                             0x08000b3f   Thumb Code     4  stm32f4xx_gpio.o(i.GPIO_SetBits)
    GTP_Init_Panel                           0x08000d1d   Thumb Code   156  gt9xx.o(i.GTP_Init_Panel)
    GTP_Read_Version                         0x08000df1   Thumb Code   184  gt9xx.o(i.GTP_Read_Version)
    GTP_TouchProcess                         0x08000f3d   Thumb Code     4  gt9xx.o(i.GTP_TouchProcess)
    GetGBKCode_from_EXFlash                  0x0800100d   Thumb Code    68  fonts.o(i.GetGBKCode_from_EXFlash)
    HardFault_Handler                        0x080011f5   Thumb Code     2  stm32f4xx_it.o(i.HardFault_Handler)
    I2C_GTP_IRQEnable                        0x0800128d   Thumb Code   104  bsp_i2c_touch.o(i.I2C_GTP_IRQEnable)
    I2C_ReadBytes                            0x080012f9   Thumb Code    74  bsp_i2c_touch.o(i.I2C_ReadBytes)
    I2C_ResetChip                            0x08001345   Thumb Code   104  bsp_i2c_touch.o(i.I2C_ResetChip)
    I2C_Touch_Init                           0x080013b5   Thumb Code    18  bsp_i2c_touch.o(i.I2C_Touch_Init)
    I2C_WriteBytes                           0x0800140b   Thumb Code    88  bsp_i2c_touch.o(i.I2C_WriteBytes)
    Key_GPIO_Config                          0x080014c9   Thumb Code    50  bsp_key.o(i.Key_GPIO_Config)
    Key_Scan                                 0x08001501   Thumb Code    38  bsp_key.o(i.Key_Scan)
    LCD_Clear                                0x08001529   Thumb Code    90  bsp_lcd.o(i.LCD_Clear)
    LCD_DispChar_CH                          0x08001589   Thumb Code   118  bsp_lcd.o(i.LCD_DispChar_CH)
    LCD_DisplayChar                          0x08001605   Thumb Code    26  bsp_lcd.o(i.LCD_DisplayChar)
    LCD_DisplayStringLine_EN_CH              0x08001625   Thumb Code    92  bsp_lcd.o(i.LCD_DisplayStringLine_EN_CH)
    LCD_DrawChar                             0x08001685   Thumb Code   134  bsp_lcd.o(i.LCD_DrawChar)
    LCD_DrawFullRect                         0x08001711   Thumb Code   122  bsp_lcd.o(i.LCD_DrawFullRect)
    LCD_DrawLine                             0x08001791   Thumb Code   124  bsp_lcd.o(i.LCD_DrawLine)
    LCD_DrawRect                             0x08001811   Thumb Code    68  bsp_lcd.o(i.LCD_DrawRect)
    LCD_Init                                 0x08001b51   Thumb Code   122  bsp_lcd.o(i.LCD_Init)
    LCD_LayerInit                            0x08001bcd   Thumb Code   154  bsp_lcd.o(i.LCD_LayerInit)
    LCD_SetBackColor                         0x08001c75   Thumb Code     6  bsp_lcd.o(i.LCD_SetBackColor)
    LCD_SetFont                              0x08001c81   Thumb Code     6  bsp_lcd.o(i.LCD_SetFont)
    LCD_SetLayer                             0x08001c8d   Thumb Code    28  bsp_lcd.o(i.LCD_SetLayer)
    LCD_SetTextColor                         0x08001cb1   Thumb Code     6  bsp_lcd.o(i.LCD_SetTextColor)
    LCD_SetTransparency                      0x08001cbd   Thumb Code    40  bsp_lcd.o(i.LCD_SetTransparency)
    LED_GPIO_Config                          0x08001ced   Thumb Code    86  bsp_led.o(i.LED_GPIO_Config)
    LTDC_Cmd                                 0x08001d49   Thumb Code    26  stm32f4xx_ltdc.o(i.LTDC_Cmd)
    LTDC_DitherCmd                           0x08001d69   Thumb Code    26  stm32f4xx_ltdc.o(i.LTDC_DitherCmd)
    LTDC_Init                                0x08001d89   Thumb Code   156  stm32f4xx_ltdc.o(i.LTDC_Init)
    LTDC_LayerAlpha                          0x08001e31   Thumb Code     4  stm32f4xx_ltdc.o(i.LTDC_LayerAlpha)
    LTDC_LayerCmd                            0x08001e35   Thumb Code    24  stm32f4xx_ltdc.o(i.LTDC_LayerCmd)
    LTDC_LayerInit                           0x08001e4d   Thumb Code   150  stm32f4xx_ltdc.o(i.LTDC_LayerInit)
    LTDC_ReloadConfig                        0x08001ee5   Thumb Code     6  stm32f4xx_ltdc.o(i.LTDC_ReloadConfig)
    MemManage_Handler                        0x08001ef1   Thumb Code     2  stm32f4xx_it.o(i.MemManage_Handler)
    NMI_Handler                              0x08001ef3   Thumb Code     2  stm32f4xx_it.o(i.NMI_Handler)
    NVIC_Init                                0x08001f1d   Thumb Code    98  misc.o(i.NVIC_Init)
    NVIC_PriorityGroupConfig                 0x08001f85   Thumb Code    10  misc.o(i.NVIC_PriorityGroupConfig)
    RCC_AHB1PeriphClockCmd                   0x08001f99   Thumb Code    22  stm32f4xx_rcc.o(i.RCC_AHB1PeriphClockCmd)
    RCC_AHB1PeriphResetCmd                   0x08001fb5   Thumb Code    22  stm32f4xx_rcc.o(i.RCC_AHB1PeriphResetCmd)
    RCC_AHB3PeriphClockCmd                   0x08001fd1   Thumb Code    22  stm32f4xx_rcc.o(i.RCC_AHB3PeriphClockCmd)
    RCC_APB1PeriphClockCmd                   0x08001fed   Thumb Code    22  stm32f4xx_rcc.o(i.RCC_APB1PeriphClockCmd)
    RCC_APB2PeriphClockCmd                   0x08002009   Thumb Code    22  stm32f4xx_rcc.o(i.RCC_APB2PeriphClockCmd)
    RCC_GetClocksFreq                        0x08002025   Thumb Code   148  stm32f4xx_rcc.o(i.RCC_GetClocksFreq)
    RCC_GetFlagStatus                        0x080020c9   Thumb Code    50  stm32f4xx_rcc.o(i.RCC_GetFlagStatus)
    RCC_LTDCCLKDivConfig                     0x08002101   Thumb Code    14  stm32f4xx_rcc.o(i.RCC_LTDCCLKDivConfig)
    RCC_PLLSAICmd                            0x08002115   Thumb Code     6  stm32f4xx_rcc.o(i.RCC_PLLSAICmd)
    RCC_PLLSAIConfig                         0x08002121   Thumb Code    16  stm32f4xx_rcc.o(i.RCC_PLLSAIConfig)
    SDRAM_Init                               0x080024b9   Thumb Code    92  bsp_sdram.o(i.SDRAM_Init)
    SPI_Cmd                                  0x080025e1   Thumb Code    24  stm32f4xx_spi.o(i.SPI_Cmd)
    SPI_FLASH_BufferRead                     0x080025f9   Thumb Code    72  bsp_spi_flash.o(i.SPI_FLASH_BufferRead)
    SPI_FLASH_Init                           0x08002645   Thumb Code   206  bsp_spi_flash.o(i.SPI_FLASH_Init)
    SPI_FLASH_SendByte                       0x0800271d   Thumb Code   102  bsp_spi_flash.o(i.SPI_FLASH_SendByte)
    SPI_I2S_GetFlagStatus                    0x0800278d   Thumb Code    14  stm32f4xx_spi.o(i.SPI_I2S_GetFlagStatus)
    SPI_I2S_ReceiveData                      0x0800279b   Thumb Code     4  stm32f4xx_spi.o(i.SPI_I2S_ReceiveData)
    SPI_I2S_SendData                         0x0800279f   Thumb Code     4  stm32f4xx_spi.o(i.SPI_I2S_SendData)
    SPI_Init                                 0x080027a3   Thumb Code    56  stm32f4xx_spi.o(i.SPI_Init)
    SYSCFG_EXTILineConfig                    0x0800281d   Thumb Code    38  stm32f4xx_syscfg.o(i.SYSCFG_EXTILineConfig)
    SysTick_Handler                          0x0800291d   Thumb Code    20  stm32f4xx_it.o(i.SysTick_Handler)
    SystemInit                               0x08002931   Thumb Code    74  system_stm32f4xx.o(i.SystemInit)
    Touch_Button_Up                          0x0800298d   Thumb Code    80  palette.o(i.Touch_Button_Up)
    Touch_Callback                           0x080029e1   Thumb Code    22  main.o(i.Touch_Callback)
    USART_Cmd                                0x080029fd   Thumb Code    24  stm32f4xx_usart.o(i.USART_Cmd)
    USART_GetFlagStatus                      0x08002a15   Thumb Code    14  stm32f4xx_usart.o(i.USART_GetFlagStatus)
    USART_ITConfig                           0x08002a23   Thumb Code    54  stm32f4xx_usart.o(i.USART_ITConfig)
    USART_Init                               0x08002a59   Thumb Code   180  stm32f4xx_usart.o(i.USART_Init)
    USART_SendData                           0x08002b15   Thumb Code     8  stm32f4xx_usart.o(i.USART_SendData)
    UsageFault_Handler                       0x08002b1d   Thumb Code     2  stm32f4xx_it.o(i.UsageFault_Handler)
    __0printf$8                              0x08002b21   Thumb Code    22  printf8.o(i.__0printf$8)
    __1printf$8                              0x08002b21   Thumb Code     0  printf8.o(i.__0printf$8)
    __2printf                                0x08002b21   Thumb Code     0  printf8.o(i.__0printf$8)
    __scatterload_copy                       0x08002b41   Thumb Code    14  handlers.o(i.__scatterload_copy)
    __scatterload_null                       0x08002b4f   Thumb Code     2  handlers.o(i.__scatterload_null)
    __scatterload_zeroinit                   0x08002b51   Thumb Code    14  handlers.o(i.__scatterload_zeroinit)
    fputc                                    0x08002fb9   Thumb Code    30  bsp_debug_usart.o(i.fputc)
    i2c_Ack                                  0x08002fdd   Thumb Code    52  bsp_i2c_touch.o(i.i2c_Ack)
    i2c_NAck                                 0x08003021   Thumb Code    44  bsp_i2c_touch.o(i.i2c_NAck)
    i2c_ReadByte                             0x08003051   Thumb Code    62  bsp_i2c_touch.o(i.i2c_ReadByte)
    i2c_SendByte                             0x08003095   Thumb Code    84  bsp_i2c_touch.o(i.i2c_SendByte)
    i2c_Start                                0x080030ed   Thumb Code    52  bsp_i2c_touch.o(i.i2c_Start)
    i2c_Stop                                 0x08003125   Thumb Code    36  bsp_i2c_touch.o(i.i2c_Stop)
    i2c_WaitAck                              0x0800314d   Thumb Code    60  bsp_i2c_touch.o(i.i2c_WaitAck)
    main                                     0x0800318d   Thumb Code    88  main.o(i.main)
    pvPortMalloc                             0x08003659   Thumb Code   206  heap_4.o(i.pvPortMalloc)
    pxPortInitialiseStack                    0x08003765   Thumb Code    30  port.o(i.pxPortInitialiseStack)
    uxListRemove                             0x08003789   Thumb Code    36  list.o(i.uxListRemove)
    uxTaskResetEventItemValue                0x080037ad   Thumb Code    20  tasks.o(i.uxTaskResetEventItemValue)
    vListInitialise                          0x080037c5   Thumb Code    22  list.o(i.vListInitialise)
    vListInitialiseItem                      0x080037db   Thumb Code     6  list.o(i.vListInitialiseItem)
    vListInsert                              0x080037e1   Thumb Code    48  list.o(i.vListInsert)
    vListInsertEnd                           0x08003811   Thumb Code    24  list.o(i.vListInsertEnd)
    vPortEnterCritical                       0x08003829   Thumb Code    50  port.o(i.vPortEnterCritical)
    vPortExitCritical                        0x080038a1   Thumb Code    38  port.o(i.vPortExitCritical)
    vPortFree                                0x08003909   Thumb Code    94  heap_4.o(i.vPortFree)
    vPortSetupTimerInterrupt                 0x080039a5   Thumb Code    26  port.o(i.vPortSetupTimerInterrupt)
    vTaskDelay                               0x080039c5   Thumb Code    66  tasks.o(i.vTaskDelay)
    vTaskDelete                              0x08003a3d   Thumb Code   152  tasks.o(i.vTaskDelete)
    vTaskPlaceOnUnorderedEventList           0x08003b11   Thumb Code    74  tasks.o(i.vTaskPlaceOnUnorderedEventList)
    vTaskStartScheduler                      0x08003b8d   Thumb Code    88  tasks.o(i.vTaskStartScheduler)
    vTaskSuspendAll                          0x08003c21   Thumb Code    10  tasks.o(i.vTaskSuspendAll)
    vTaskSwitchContext                       0x08003c31   Thumb Code    84  tasks.o(i.vTaskSwitchContext)
    xEventGroupCreate                        0x08003cb9   Thumb Code    26  event_groups.o(i.xEventGroupCreate)
    xEventGroupSetBits                       0x08003cd5   Thumb Code   152  event_groups.o(i.xEventGroupSetBits)
    xEventGroupWaitBits                      0x08003da1   Thumb Code   240  event_groups.o(i.xEventGroupWaitBits)
    xPortStartScheduler                      0x08003ec9   Thumb Code   192  port.o(i.xPortStartScheduler)
    xPortSysTickHandler                      0x08003fd9   Thumb Code    38  port.o(i.xPortSysTickHandler)
    xTaskCreate                              0x08004005   Thumb Code    96  tasks.o(i.xTaskCreate)
    xTaskGetSchedulerState                   0x08004065   Thumb Code    24  tasks.o(i.xTaskGetSchedulerState)
    xTaskIncrementTick                       0x08004081   Thumb Code   192  tasks.o(i.xTaskIncrementTick)
    xTaskRemoveFromUnorderedEventList        0x08004175   Thumb Code   110  tasks.o(i.xTaskRemoveFromUnorderedEventList)
    xTaskResumeAll                           0x08004219   Thumb Code   184  tasks.o(i.xTaskResumeAll)
    ASCII16x24_Table                         0x0800430c   Data        4560  fonts.o(.constdata)
    CTP_CFG_GT9157                           0x080054f0   Data         186  gt9xx.o(.constdata)
    CTP_CFG_GT911                            0x080055aa   Data         186  gt9xx.o(.constdata)
    Region$$Table$$Base                      0x08005708   Number         0  anon$$obj.o(Region$$Table)
    Region$$Table$$Limit                     0x08005728   Number         0  anon$$obj.o(Region$$Table)
    SystemCoreClock                          0x20000000   Data           4  system_stm32f4xx.o(.data)
    AHBPrescTable                            0x20000004   Data          16  system_stm32f4xx.o(.data)
    Font16x24                                0x2000003c   Data           8  fonts.o(.data)
    touchIC                                  0x20000058   Data           1  gt9xx.o(.data)
    config                                   0x20000061   Data         242  gt9xx.o(.data)
    pxCurrentTCB                             0x20000168   Data           4  tasks.o(.data)
    __stdout                                 0x200001c8   Data           4  stdout.o(.data)
    button                                   0x200001cc   Data         432  palette.o(.bss)
    __initial_sp                             0x20009a60   Data           0  startup_stm32f429_439xx.o(STACK)



==============================================================================

Memory Map of the image

  Image Entry point : 0x080001ad

  Load Region LR_IROM1 (Base: 0x08000000, Size: 0x000058f4, Max: 0x00100000, ABSOLUTE, COMPRESSED[0x0000575c])

    Execution Region ER_IROM1 (Exec base: 0x08000000, Load base: 0x08000000, Size: 0x00005728, Max: 0x00100000, ABSOLUTE)

    Exec Addr    Load Addr    Size         Type   Attr      Idx    E Section Name        Object

    0x08000000   0x08000000   0x000001ac   Data   RO            3    RESET               startup_stm32f429_439xx.o
    0x080001ac   0x080001ac   0x00000000   Code   RO         7147  * .ARM.Collect$$$$00000000  mc_w.l(entry.o)
    0x080001ac   0x080001ac   0x00000004   Code   RO         7419    .ARM.Collect$$$$00000001  mc_w.l(entry2.o)
    0x080001b0   0x080001b0   0x00000004   Code   RO         7422    .ARM.Collect$$$$00000004  mc_w.l(entry5.o)
    0x080001b4   0x080001b4   0x00000000   Code   RO         7424    .ARM.Collect$$$$00000008  mc_w.l(entry7b.o)
    0x080001b4   0x080001b4   0x00000000   Code   RO         7426    .ARM.Collect$$$$0000000A  mc_w.l(entry8b.o)
    0x080001b4   0x080001b4   0x00000008   Code   RO         7427    .ARM.Collect$$$$0000000B  mc_w.l(entry9a.o)
    0x080001bc   0x080001bc   0x00000004   Code   RO         7434    .ARM.Collect$$$$0000000E  mc_w.l(entry12b.o)
    0x080001c0   0x080001c0   0x00000000   Code   RO         7429    .ARM.Collect$$$$0000000F  mc_w.l(entry10a.o)
    0x080001c0   0x080001c0   0x00000000   Code   RO         7431    .ARM.Collect$$$$00000011  mc_w.l(entry11a.o)
    0x080001c0   0x080001c0   0x00000004   Code   RO         7420    .ARM.Collect$$$$00002712  mc_w.l(entry2.o)
    0x080001c4   0x080001c4   0x000000b6   Code   RO         7061    .emb_text           port.o
    0x0800027a   0x0800027a   0x00000002   PAD
    0x0800027c   0x0800027c   0x00000024   Code   RO            4    .text               startup_stm32f429_439xx.o
    0x080002a0   0x080002a0   0x00000024   Code   RO         7150    .text               mc_w.l(memcpya.o)
    0x080002c4   0x080002c4   0x00000024   Code   RO         7152    .text               mc_w.l(memseta.o)
    0x080002e8   0x080002e8   0x00000062   Code   RO         7438    .text               mc_w.l(uldiv.o)
    0x0800034a   0x0800034a   0x00000002   PAD
    0x0800034c   0x0800034c   0x00000024   Code   RO         7451    .text               mc_w.l(init.o)
    0x08000370   0x08000370   0x0000001e   Code   RO         7453    .text               mc_w.l(llshl.o)
    0x0800038e   0x0800038e   0x00000020   Code   RO         7455    .text               mc_w.l(llushr.o)
    0x080003ae   0x080003ae   0x00000056   Code   RO         7469    .text               mc_w.l(__dczerorl2.o)
    0x08000404   0x08000404   0x000000ac   Code   RO         5161    i.AppTaskCreate     main.o
    0x080004b0   0x080004b0   0x0000004e   Code   RO         5162    i.BSP_Init          main.o
    0x080004fe   0x080004fe   0x00000002   Code   RO         5302    i.BusFault_Handler  stm32f4xx_it.o
    0x08000500   0x08000500   0x00000018   Code   RO         1358    i.DMA2D_DeInit      stm32f4xx_dma2d.o
    0x08000518   0x08000518   0x00000014   Code   RO         1363    i.DMA2D_GetFlagStatus  stm32f4xx_dma2d.o
    0x0800052c   0x0800052c   0x000000b8   Code   RO         1366    i.DMA2D_Init        stm32f4xx_dma2d.o
    0x080005e4   0x080005e4   0x00000010   Code   RO         1368    i.DMA2D_StartTransfer  stm32f4xx_dma2d.o
    0x080005f4   0x080005f4   0x00000002   Code   RO         5303    i.DebugMon_Handler  stm32f4xx_it.o
    0x080005f6   0x080005f6   0x00000002   PAD
    0x080005f8   0x080005f8   0x000000a8   Code   RO         5459    i.Debug_USART_Config  bsp_debug_usart.o
    0x080006a0   0x080006a0   0x00000012   Code   RO         6019    i.Delay             bsp_i2c_touch.o
    0x080006b2   0x080006b2   0x00000012   Code   RO         6133    i.Delay             gt9xx.o
    0x080006c4   0x080006c4   0x00000012   Code   RO         5163    i.Display_ClearAll  main.o
    0x080006d6   0x080006d6   0x00000002   PAD
    0x080006d8   0x080006d8   0x00000064   Code   RO         5164    i.Display_DrawClearButton  main.o
    0x0800073c   0x0800073c   0x00000048   Code   RO         5165    i.Display_NextLine  main.o
    0x08000784   0x08000784   0x000000c8   Code   RO         5166    i.Display_Task      main.o
    0x0800084c   0x0800084c   0x00000040   Code   RO         5304    i.EXTI15_10_IRQHandler  stm32f4xx_it.o
    0x0800088c   0x0800088c   0x0000000c   Code   RO         1485    i.EXTI_ClearITPendingBit  stm32f4xx_exti.o
    0x08000898   0x08000898   0x00000014   Code   RO         1489    i.EXTI_GetITStatus  stm32f4xx_exti.o
    0x080008ac   0x080008ac   0x00000074   Code   RO         1490    i.EXTI_Init         stm32f4xx_exti.o
    0x08000920   0x08000920   0x00000036   Code   RO         1844    i.FMC_GetFlagStatus  stm32f4xx_fmc.o
    0x08000956   0x08000956   0x00000002   PAD
    0x08000958   0x08000958   0x00000020   Code   RO         1861    i.FMC_SDRAMCmdConfig  stm32f4xx_fmc.o
    0x08000978   0x08000978   0x00000106   Code   RO         1863    i.FMC_SDRAMInit     stm32f4xx_fmc.o
    0x08000a7e   0x08000a7e   0x00000002   PAD
    0x08000a80   0x08000a80   0x00000010   Code   RO         1867    i.FMC_SetRefreshCount  stm32f4xx_fmc.o
    0x08000a90   0x08000a90   0x0000007c   Code   RO         2046    i.GPIO_Init         stm32f4xx_gpio.o
    0x08000b0c   0x08000b0c   0x00000020   Code   RO         2047    i.GPIO_PinAFConfig  stm32f4xx_gpio.o
    0x08000b2c   0x08000b2c   0x0000000e   Code   RO         2050    i.GPIO_ReadInputDataBit  stm32f4xx_gpio.o
    0x08000b3a   0x08000b3a   0x00000004   Code   RO         2053    i.GPIO_ResetBits    stm32f4xx_gpio.o
    0x08000b3e   0x08000b3e   0x00000004   Code   RO         2054    i.GPIO_SetBits      stm32f4xx_gpio.o
    0x08000b42   0x08000b42   0x00000002   PAD
    0x08000b44   0x08000b44   0x000000b0   Code   RO         6134    i.GTP_Get_Info      gt9xx.o
    0x08000bf4   0x08000bf4   0x0000006c   Code   RO         6135    i.GTP_I2C_Read      gt9xx.o
    0x08000c60   0x08000c60   0x0000006c   Code   RO         6137    i.GTP_I2C_Test      gt9xx.o
    0x08000ccc   0x08000ccc   0x00000050   Code   RO         6138    i.GTP_I2C_Write     gt9xx.o
    0x08000d1c   0x08000d1c   0x000000d4   Code   RO         6141    i.GTP_Init_Panel    gt9xx.o
    0x08000df0   0x08000df0   0x0000014c   Code   RO         6142    i.GTP_Read_Version  gt9xx.o
    0x08000f3c   0x08000f3c   0x00000004   Code   RO         6145    i.GTP_TouchProcess  gt9xx.o
    0x08000f40   0x08000f40   0x00000068   Code   RO         6146    i.GTP_Touch_Down    gt9xx.o
    0x08000fa8   0x08000fa8   0x00000064   Code   RO         6147    i.GTP_Touch_Up      gt9xx.o
    0x0800100c   0x0800100c   0x00000048   Code   RO         5642    i.GetGBKCode_from_EXFlash  fonts.o
    0x08001054   0x08001054   0x000001a0   Code   RO         6149    i.Goodix_TS_Work_Func  gt9xx.o
    0x080011f4   0x080011f4   0x00000002   Code   RO         5305    i.HardFault_Handler  stm32f4xx_it.o
    0x080011f6   0x080011f6   0x00000002   PAD
    0x080011f8   0x080011f8   0x00000094   Code   RO         6020    i.I2C_GPIO_Config   bsp_i2c_touch.o
    0x0800128c   0x0800128c   0x0000006c   Code   RO         6022    i.I2C_GTP_IRQEnable  bsp_i2c_touch.o
    0x080012f8   0x080012f8   0x0000004a   Code   RO         6023    i.I2C_ReadBytes     bsp_i2c_touch.o
    0x08001342   0x08001342   0x00000002   PAD
    0x08001344   0x08001344   0x00000070   Code   RO         6024    i.I2C_ResetChip     bsp_i2c_touch.o
    0x080013b4   0x080013b4   0x00000012   Code   RO         6025    i.I2C_Touch_Init    bsp_i2c_touch.o
    0x080013c6   0x080013c6   0x00000044   Code   RO         6150    i.I2C_Transfer      gt9xx.o
    0x0800140a   0x0800140a   0x00000058   Code   RO         6026    i.I2C_WriteBytes    bsp_i2c_touch.o
    0x08001462   0x08001462   0x0000001c   Code   RO         5167    i.IsTouchInClearButton  main.o
    0x0800147e   0x0800147e   0x00000002   PAD
    0x08001480   0x08001480   0x00000048   Code   RO         5168    i.KEY_Task          main.o
    0x080014c8   0x080014c8   0x00000038   Code   RO         5424    i.Key_GPIO_Config   bsp_key.o
    0x08001500   0x08001500   0x00000026   Code   RO         5425    i.Key_Scan          bsp_key.o
    0x08001526   0x08001526   0x00000002   PAD
    0x08001528   0x08001528   0x00000060   Code   RO         5680    i.LCD_Clear         bsp_lcd.o
    0x08001588   0x08001588   0x0000007c   Code   RO         5685    i.LCD_DispChar_CH   bsp_lcd.o
    0x08001604   0x08001604   0x00000020   Code   RO         5687    i.LCD_DisplayChar   bsp_lcd.o
    0x08001624   0x08001624   0x00000060   Code   RO         5689    i.LCD_DisplayStringLine_EN_CH  bsp_lcd.o
    0x08001684   0x08001684   0x0000008c   Code   RO         5690    i.LCD_DrawChar      bsp_lcd.o
    0x08001710   0x08001710   0x00000080   Code   RO         5695    i.LCD_DrawFullRect  bsp_lcd.o
    0x08001790   0x08001790   0x00000080   Code   RO         5696    i.LCD_DrawLine      bsp_lcd.o
    0x08001810   0x08001810   0x00000044   Code   RO         5698    i.LCD_DrawRect      bsp_lcd.o
    0x08001854   0x08001854   0x000002fc   Code   RO         5702    i.LCD_GPIO_Config   bsp_lcd.o
    0x08001b50   0x08001b50   0x0000007a   Code   RO         5705    i.LCD_Init          bsp_lcd.o
    0x08001bca   0x08001bca   0x00000002   PAD
    0x08001bcc   0x08001bcc   0x000000a8   Code   RO         5706    i.LCD_LayerInit     bsp_lcd.o
    0x08001c74   0x08001c74   0x0000000c   Code   RO         5711    i.LCD_SetBackColor  bsp_lcd.o
    0x08001c80   0x08001c80   0x0000000c   Code   RO         5716    i.LCD_SetFont       bsp_lcd.o
    0x08001c8c   0x08001c8c   0x00000024   Code   RO         5717    i.LCD_SetLayer      bsp_lcd.o
    0x08001cb0   0x08001cb0   0x0000000c   Code   RO         5718    i.LCD_SetTextColor  bsp_lcd.o
    0x08001cbc   0x08001cbc   0x00000030   Code   RO         5719    i.LCD_SetTransparency  bsp_lcd.o
    0x08001cec   0x08001cec   0x0000005c   Code   RO         5399    i.LED_GPIO_Config   bsp_led.o
    0x08001d48   0x08001d48   0x00000020   Code   RO         2620    i.LTDC_Cmd          stm32f4xx_ltdc.o
    0x08001d68   0x08001d68   0x00000020   Code   RO         2624    i.LTDC_DitherCmd    stm32f4xx_ltdc.o
    0x08001d88   0x08001d88   0x000000a8   Code   RO         2631    i.LTDC_Init         stm32f4xx_ltdc.o
    0x08001e30   0x08001e30   0x00000004   Code   RO         2634    i.LTDC_LayerAlpha   stm32f4xx_ltdc.o
    0x08001e34   0x08001e34   0x00000018   Code   RO         2635    i.LTDC_LayerCmd     stm32f4xx_ltdc.o
    0x08001e4c   0x08001e4c   0x00000096   Code   RO         2636    i.LTDC_LayerInit    stm32f4xx_ltdc.o
    0x08001ee2   0x08001ee2   0x00000002   PAD
    0x08001ee4   0x08001ee4   0x0000000c   Code   RO         2643    i.LTDC_ReloadConfig  stm32f4xx_ltdc.o
    0x08001ef0   0x08001ef0   0x00000002   Code   RO         5306    i.MemManage_Handler  stm32f4xx_it.o
    0x08001ef2   0x08001ef2   0x00000002   Code   RO         5307    i.NMI_Handler       stm32f4xx_it.o
    0x08001ef4   0x08001ef4   0x00000026   Code   RO         5460    i.NVIC_Configuration  bsp_debug_usart.o
    0x08001f1a   0x08001f1a   0x00000002   PAD
    0x08001f1c   0x08001f1c   0x00000068   Code   RO          164    i.NVIC_Init         misc.o
    0x08001f84   0x08001f84   0x00000014   Code   RO          165    i.NVIC_PriorityGroupConfig  misc.o
    0x08001f98   0x08001f98   0x0000001c   Code   RO         2960    i.RCC_AHB1PeriphClockCmd  stm32f4xx_rcc.o
    0x08001fb4   0x08001fb4   0x0000001c   Code   RO         2962    i.RCC_AHB1PeriphResetCmd  stm32f4xx_rcc.o
    0x08001fd0   0x08001fd0   0x0000001c   Code   RO         2966    i.RCC_AHB3PeriphClockCmd  stm32f4xx_rcc.o
    0x08001fec   0x08001fec   0x0000001c   Code   RO         2969    i.RCC_APB1PeriphClockCmd  stm32f4xx_rcc.o
    0x08002008   0x08002008   0x0000001c   Code   RO         2972    i.RCC_APB2PeriphClockCmd  stm32f4xx_rcc.o
    0x08002024   0x08002024   0x000000a4   Code   RO         2981    i.RCC_GetClocksFreq  stm32f4xx_rcc.o
    0x080020c8   0x080020c8   0x00000038   Code   RO         2982    i.RCC_GetFlagStatus  stm32f4xx_rcc.o
    0x08002100   0x08002100   0x00000014   Code   RO         2993    i.RCC_LTDCCLKDivConfig  stm32f4xx_rcc.o
    0x08002114   0x08002114   0x0000000c   Code   RO         3002    i.RCC_PLLSAICmd     stm32f4xx_rcc.o
    0x08002120   0x08002120   0x00000014   Code   RO         3003    i.RCC_PLLSAIConfig  stm32f4xx_rcc.o
    0x08002134   0x08002134   0x00000384   Code   RO         5962    i.SDRAM_GPIO_Config  bsp_sdram.o
    0x080024b8   0x080024b8   0x0000005c   Code   RO         5963    i.SDRAM_Init        bsp_sdram.o
    0x08002514   0x08002514   0x000000ac   Code   RO         5964    i.SDRAM_InitSequence  bsp_sdram.o
    0x080025c0   0x080025c0   0x00000020   Code   RO         5968    i.SDRAM_delay       bsp_sdram.o
    0x080025e0   0x080025e0   0x00000018   Code   RO         4115    i.SPI_Cmd           stm32f4xx_spi.o
    0x080025f8   0x080025f8   0x0000004c   Code   RO         5518    i.SPI_FLASH_BufferRead  bsp_spi_flash.o
    0x08002644   0x08002644   0x000000d8   Code   RO         5521    i.SPI_FLASH_Init    bsp_spi_flash.o
    0x0800271c   0x0800271c   0x00000070   Code   RO         5527    i.SPI_FLASH_SendByte  bsp_spi_flash.o
    0x0800278c   0x0800278c   0x0000000e   Code   RO         4123    i.SPI_I2S_GetFlagStatus  stm32f4xx_spi.o
    0x0800279a   0x0800279a   0x00000004   Code   RO         4126    i.SPI_I2S_ReceiveData  stm32f4xx_spi.o
    0x0800279e   0x0800279e   0x00000004   Code   RO         4127    i.SPI_I2S_SendData  stm32f4xx_spi.o
    0x080027a2   0x080027a2   0x00000038   Code   RO         4128    i.SPI_Init          stm32f4xx_spi.o
    0x080027da   0x080027da   0x00000002   PAD
    0x080027dc   0x080027dc   0x00000040   Code   RO         5534    i.SPI_TIMEOUT_UserCallback  bsp_spi_flash.o
    0x0800281c   0x0800281c   0x0000002c   Code   RO         4280    i.SYSCFG_EXTILineConfig  stm32f4xx_syscfg.o
    0x08002848   0x08002848   0x000000d4   Code   RO           13    i.SetSysClock       system_stm32f4xx.o
    0x0800291c   0x0800291c   0x00000014   Code   RO         5308    i.SysTick_Handler   stm32f4xx_it.o
    0x08002930   0x08002930   0x0000005c   Code   RO           15    i.SystemInit        system_stm32f4xx.o
    0x0800298c   0x0800298c   0x00000054   Code   RO         6284    i.Touch_Button_Up   palette.o
    0x080029e0   0x080029e0   0x0000001c   Code   RO         5169    i.Touch_Callback    main.o
    0x080029fc   0x080029fc   0x00000018   Code   RO         4907    i.USART_Cmd         stm32f4xx_usart.o
    0x08002a14   0x08002a14   0x0000000e   Code   RO         4910    i.USART_GetFlagStatus  stm32f4xx_usart.o
    0x08002a22   0x08002a22   0x00000036   Code   RO         4913    i.USART_ITConfig    stm32f4xx_usart.o
    0x08002a58   0x08002a58   0x000000bc   Code   RO         4914    i.USART_Init        stm32f4xx_usart.o
    0x08002b14   0x08002b14   0x00000008   Code   RO         4924    i.USART_SendData    stm32f4xx_usart.o
    0x08002b1c   0x08002b1c   0x00000002   Code   RO         5309    i.UsageFault_Handler  stm32f4xx_it.o
    0x08002b1e   0x08002b1e   0x00000002   PAD
    0x08002b20   0x08002b20   0x00000020   Code   RO         7365    i.__0printf$8       mc_w.l(printf8.o)
    0x08002b40   0x08002b40   0x0000000e   Code   RO         7463    i.__scatterload_copy  mc_w.l(handlers.o)
    0x08002b4e   0x08002b4e   0x00000002   Code   RO         7464    i.__scatterload_null  mc_w.l(handlers.o)
    0x08002b50   0x08002b50   0x0000000e   Code   RO         7465    i.__scatterload_zeroinit  mc_w.l(handlers.o)
    0x08002b5e   0x08002b5e   0x00000002   PAD
    0x08002b60   0x08002b60   0x00000404   Code   RO         7372    i._printf_core      mc_w.l(printf8.o)
    0x08002f64   0x08002f64   0x00000024   Code   RO         7373    i._printf_post_padding  mc_w.l(printf8.o)
    0x08002f88   0x08002f88   0x0000002e   Code   RO         7374    i._printf_pre_padding  mc_w.l(printf8.o)
    0x08002fb6   0x08002fb6   0x00000002   PAD
    0x08002fb8   0x08002fb8   0x00000024   Code   RO         5465    i.fputc             bsp_debug_usart.o
    0x08002fdc   0x08002fdc   0x00000038   Code   RO         6027    i.i2c_Ack           bsp_i2c_touch.o
    0x08003014   0x08003014   0x0000000c   Code   RO         6028    i.i2c_Delay         bsp_i2c_touch.o
    0x08003020   0x08003020   0x00000030   Code   RO         6029    i.i2c_NAck          bsp_i2c_touch.o
    0x08003050   0x08003050   0x00000044   Code   RO         6030    i.i2c_ReadByte      bsp_i2c_touch.o
    0x08003094   0x08003094   0x00000058   Code   RO         6031    i.i2c_SendByte      bsp_i2c_touch.o
    0x080030ec   0x080030ec   0x00000038   Code   RO         6032    i.i2c_Start         bsp_i2c_touch.o
    0x08003124   0x08003124   0x00000028   Code   RO         6033    i.i2c_Stop          bsp_i2c_touch.o
    0x0800314c   0x0800314c   0x00000040   Code   RO         6034    i.i2c_WaitAck       bsp_i2c_touch.o
    0x0800318c   0x0800318c   0x000000f8   Code   RO         5170    i.main              main.o
    0x08003284   0x08003284   0x00000070   Code   RO         6686    i.prvAddCurrentTaskToDelayedList  tasks.o
    0x080032f4   0x080032f4   0x00000088   Code   RO         6687    i.prvAddNewTaskToReadyList  tasks.o
    0x0800337c   0x0800337c   0x00000054   Code   RO         6688    i.prvCheckTasksWaitingTermination  tasks.o
    0x080033d0   0x080033d0   0x00000014   Code   RO         6689    i.prvDeleteTCB      tasks.o
    0x080033e4   0x080033e4   0x0000004c   Code   RO         7000    i.prvHeapInit       heap_4.o
    0x08003430   0x08003430   0x00000028   Code   RO         6690    i.prvIdleTask       tasks.o
    0x08003458   0x08003458   0x000000b4   Code   RO         6691    i.prvInitialiseNewTask  tasks.o
    0x0800350c   0x0800350c   0x00000058   Code   RO         6692    i.prvInitialiseTaskLists  tasks.o
    0x08003564   0x08003564   0x00000054   Code   RO         7001    i.prvInsertBlockIntoFreeList  heap_4.o
    0x080035b8   0x080035b8   0x00000024   Code   RO         6693    i.prvResetNextTaskUnblockTime  tasks.o
    0x080035dc   0x080035dc   0x00000064   Code   RO         7062    i.prvTaskExitError  port.o
    0x08003640   0x08003640   0x00000018   Code   RO         6384    i.prvTestWaitCondition  event_groups.o
    0x08003658   0x08003658   0x0000010c   Code   RO         7002    i.pvPortMalloc      heap_4.o
    0x08003764   0x08003764   0x00000024   Code   RO         7063    i.pxPortInitialiseStack  port.o
    0x08003788   0x08003788   0x00000024   Code   RO         6477    i.uxListRemove      list.o
    0x080037ac   0x080037ac   0x00000018   Code   RO         6699    i.uxTaskResetEventItemValue  tasks.o
    0x080037c4   0x080037c4   0x00000016   Code   RO         6478    i.vListInitialise   list.o
    0x080037da   0x080037da   0x00000006   Code   RO         6479    i.vListInitialiseItem  list.o
    0x080037e0   0x080037e0   0x00000030   Code   RO         6480    i.vListInsert       list.o
    0x08003810   0x08003810   0x00000018   Code   RO         6481    i.vListInsertEnd    list.o
    0x08003828   0x08003828   0x00000078   Code   RO         7065    i.vPortEnterCritical  port.o
    0x080038a0   0x080038a0   0x00000068   Code   RO         7066    i.vPortExitCritical  port.o
    0x08003908   0x08003908   0x0000009c   Code   RO         7003    i.vPortFree         heap_4.o
    0x080039a4   0x080039a4   0x00000020   Code   RO         7067    i.vPortSetupTimerInterrupt  port.o
    0x080039c4   0x080039c4   0x00000078   Code   RO         6700    i.vTaskDelay        tasks.o
    0x08003a3c   0x08003a3c   0x000000d4   Code   RO         6702    i.vTaskDelete       tasks.o
    0x08003b10   0x08003b10   0x0000007c   Code   RO         6707    i.vTaskPlaceOnUnorderedEventList  tasks.o
    0x08003b8c   0x08003b8c   0x00000094   Code   RO         6711    i.vTaskStartScheduler  tasks.o
    0x08003c20   0x08003c20   0x00000010   Code   RO         6713    i.vTaskSuspendAll   tasks.o
    0x08003c30   0x08003c30   0x00000088   Code   RO         6714    i.vTaskSwitchContext  tasks.o
    0x08003cb8   0x08003cb8   0x0000001a   Code   RO         6389    i.xEventGroupCreate  event_groups.o
    0x08003cd2   0x08003cd2   0x00000002   PAD
    0x08003cd4   0x08003cd4   0x000000cc   Code   RO         6391    i.xEventGroupSetBits  event_groups.o
    0x08003da0   0x08003da0   0x00000128   Code   RO         6393    i.xEventGroupWaitBits  event_groups.o
    0x08003ec8   0x08003ec8   0x00000110   Code   RO         7069    i.xPortStartScheduler  port.o
    0x08003fd8   0x08003fd8   0x0000002c   Code   RO         7070    i.xPortSysTickHandler  port.o
    0x08004004   0x08004004   0x00000060   Code   RO         6716    i.xTaskCreate       tasks.o
    0x08004064   0x08004064   0x0000001c   Code   RO         6719    i.xTaskGetSchedulerState  tasks.o
    0x08004080   0x08004080   0x000000f4   Code   RO         6722    i.xTaskIncrementTick  tasks.o
    0x08004174   0x08004174   0x000000a4   Code   RO         6726    i.xTaskRemoveFromUnorderedEventList  tasks.o
    0x08004218   0x08004218   0x000000f4   Code   RO         6727    i.xTaskResumeAll    tasks.o
    0x0800430c   0x0800430c   0x000011d0   Data   RO         5643    .constdata          fonts.o
    0x080054dc   0x080054dc   0x00000188   Data   RO         6151    .constdata          gt9xx.o
    0x08005664   0x08005664   0x000000a1   Data   RO         6167    .conststring        gt9xx.o
    0x08005705   0x08005705   0x00000003   PAD
    0x08005708   0x08005708   0x00000020   Data   RO         7461    Region$$Table       anon$$obj.o


    Execution Region RW_IRAM1 (Exec base: 0x20000000, Load base: 0x08005728, Size: 0x00009a60, Max: 0x00030000, ABSOLUTE, COMPRESSED[0x00000034])

    Exec Addr    Load Addr    Size         Type   Attr      Idx    E Section Name        Object

    0x20000000   COMPRESSED   0x00000014   Data   RW           16    .data               system_stm32f4xx.o
    0x20000014   COMPRESSED   0x00000010   Data   RW         3013    .data               stm32f4xx_rcc.o
    0x20000024   COMPRESSED   0x00000014   Data   RW         5171    .data               main.o
    0x20000038   COMPRESSED   0x00000004   Data   RW         5535    .data               bsp_spi_flash.o
    0x2000003c   COMPRESSED   0x00000008   Data   RW         5647    .data               fonts.o
    0x20000044   COMPRESSED   0x00000001   Data   RW         5651    .data               fonts.o
    0x20000045   COMPRESSED   0x00000003   PAD
    0x20000048   COMPRESSED   0x00000010   Data   RW         5724    .data               bsp_lcd.o
    0x20000058   COMPRESSED   0x00000110   Data   RW         6168    .data               gt9xx.o
    0x20000168   COMPRESSED   0x0000003c   Data   RW         6730    .data               tasks.o
    0x200001a4   COMPRESSED   0x00000018   Data   RW         7008    .data               heap_4.o
    0x200001bc   COMPRESSED   0x0000000c   Data   RW         7071    .data               port.o
    0x200001c8   COMPRESSED   0x00000004   Data   RW         7435    .data               mc_w.l(stdout.o)
    0x200001cc        -       0x000001b0   Zero   RW         6285    .bss                palette.o
    0x2000037c        -       0x000002e4   Zero   RW         6729    .bss                tasks.o
    0x20000660        -       0x00009000   Zero   RW         7007    .bss                heap_4.o
    0x20009660        -       0x00000400   Zero   RW            1    STACK               startup_stm32f429_439xx.o


==============================================================================

Image component sizes


      Code (inc. data)   RO Data    RW Data    ZI Data      Debug   Object Name

       242         16          0          0          0       2089   bsp_debug_usart.o
       998         52          0          0          0      10790   bsp_i2c_touch.o
        94          6          0          0          0       1737   bsp_key.o
      1986        122          0         16          0      13698   bsp_lcd.o
        92          6          0          0          0        670   bsp_led.o
      1196         28          0          0          0       3501   bsp_sdram.o
       468         74          0          4          0       3717   bsp_spi_flash.o
       550        108          0          0          0       7387   event_groups.o
        72          4       4560          9          0       2678   fonts.o
      1726        536        553        272          0      11445   gt9xx.o
       584        138          0         24      36864       4603   heap_4.o
       136          0          0          0          0       3766   list.o
      1016        366          0         20          0      22455   main.o
       124         16          0          0          0       2051   misc.o
        84          4          0          0        432       3141   palette.o
       890        314          0         12          0      10936   port.o
        36          8        428          0       1024       1036   startup_stm32f429_439xx.o
       244         18          0          0          0       3764   stm32f4xx_dma2d.o
       148         16          0          0          0       2840   stm32f4xx_exti.o
       364         10          0          0          0       4359   stm32f4xx_fmc.o
       178          0          0          0          0       4451   stm32f4xx_gpio.o
        96          6          0          0          0      11262   stm32f4xx_it.o
       422         30          0          0          0       6111   stm32f4xx_ltdc.o
       412         68          0         16          0      10231   stm32f4xx_rcc.o
       102          0          0          0          0       4458   stm32f4xx_spi.o
        44          6          0          0          0        808   stm32f4xx_syscfg.o
       288          8          0          0          0       5217   stm32f4xx_usart.o
       304         34          0         20          0     315185   system_stm32f4xx.o
      2252        562          0         60        740      27885   tasks.o

    ----------------------------------------------------------------------
     15180       2556       5576        456      39060     502271   Object Totals
         0          0         32          0          0          0   (incl. Generated)
        32          0          3          3          0          0   (incl. Padding)

    ----------------------------------------------------------------------

      Code (inc. data)   RO Data    RW Data    ZI Data      Debug   Library Member Name

        86          0          0          0          0          0   __dczerorl2.o
         0          0          0          0          0          0   entry.o
         0          0          0          0          0          0   entry10a.o
         0          0          0          0          0          0   entry11a.o
         4          0          0          0          0          0   entry12b.o
         8          4          0          0          0          0   entry2.o
         4          0          0          0          0          0   entry5.o
         0          0          0          0          0          0   entry7b.o
         0          0          0          0          0          0   entry8b.o
         8          4          0          0          0          0   entry9a.o
        30          0          0          0          0          0   handlers.o
        36          8          0          0          0         68   init.o
        30          0          0          0          0         68   llshl.o
        32          0          0          0          0         68   llushr.o
        36          0          0          0          0         68   memcpya.o
        36          0          0          0          0        108   memseta.o
      1142         54          0          0          0        352   printf8.o
         0          0          0          4          0          0   stdout.o
        98          0          0          0          0         92   uldiv.o

    ----------------------------------------------------------------------
      1556         70          0          4          0        824   Library Totals
         6          0          0          0          0          0   (incl. Padding)

    ----------------------------------------------------------------------

      Code (inc. data)   RO Data    RW Data    ZI Data      Debug   Library Name

      1550         70          0          4          0        824   mc_w.l

    ----------------------------------------------------------------------
      1556         70          0          4          0        824   Library Totals

    ----------------------------------------------------------------------

==============================================================================


      Code (inc. data)   RO Data    RW Data    ZI Data      Debug   

     16736       2626       5576        460      39060     487015   Grand Totals
     16736       2626       5576         52      39060     487015   ELF Image Totals (compressed)
     16736       2626       5576         52          0          0   ROM Totals

==============================================================================

    Total RO  Size (Code + RO Data)                22312 (  21.79kB)
    Total RW  Size (RW Data + ZI Data)             39520 (  38.59kB)
    Total ROM Size (Code + RO Data + RW Data)      22364 (  21.84kB)

==============================================================================

