Component: ARM Compiler 5.06 update 7 (build 960) Tool: armlink [4d3601]

==============================================================================

Section Cross References

    main.o(i.Task1_Entry) refers to main.o(i.delay) for delay
    main.o(i.Task1_Entry) refers to main.o(.data) for flag1
    main.o(i.Task2_Entry) refers to main.o(i.delay) for delay
    main.o(i.Task2_Entry) refers to main.o(.data) for flag2
    main.o(i.Task3_Entry) refers to task.o(i.vTaskDelay) for vTaskDelay
    main.o(i.Task3_Entry) refers to main.o(.data) for flag3
    main.o(i.Task4_Entry) refers to task.o(i.vTaskDelay) for vTaskDelay
    main.o(i.Task4_Entry) refers to main.o(.data) for flag4
    main.o(i.Task5_Entry) refers to task.o(i.vTaskDelay) for vTaskDelay
    main.o(i.Task5_Entry) refers to main.o(.data) for flag5
    main.o(i.main) refers to task.o(i.xTaskCreateStatic) for xTaskCreateStatic
    main.o(i.main) refers to task.o(i.vTaskStartScheduler) for vTaskStartScheduler
    main.o(i.main) refers to main.o(.bss) for Task3TCB
    main.o(i.main) refers to main.o(i.Task3_Entry) for Task3_Entry
    main.o(i.main) refers to main.o(.data) for Task3_Handle
    main.o(i.main) refers to main.o(i.Task1_Entry) for Task1_Entry
    main.o(i.main) refers to main.o(i.Task2_Entry) for Task2_Entry
    main.o(i.main) refers to main.o(i.Task5_Entry) for Task5_Entry
    main.o(i.main) refers to main.o(i.Task4_Entry) for Task4_Entry
    main.o(i.vApplicationGetIdleTaskMemory) refers to main.o(.bss) for IdleTaskTCB
    port.o(.emb_text) refers to task.o(.data) for pxCurrentTCB
    port.o(.emb_text) refers to task.o(i.vTaskSwitchContext) for vTaskSwitchContext
    port.o(i.SysTick_Handler) refers to task.o(i.xTaskIncrementTick) for xTaskIncrementTick
    port.o(i.pxPortInitialiseStack) refers to port.o(i.prvTaskExitError) for prvTaskExitError
    port.o(i.vPortEnterCritical) refers to port.o(.data) for uxCriticalNesting
    port.o(i.vPortExitCritical) refers to port.o(.data) for uxCriticalNesting
    port.o(i.xPortStartScheduler) refers to port.o(i.vPortSetupTimerInterrupt) for vPortSetupTimerInterrupt
    port.o(i.xPortStartScheduler) refers to port.o(.emb_text) for prvStartFirstTask
    task.o(i.prvAddCurrentTaskToDelayedList) refers to list.o(i.uxListRemove) for uxListRemove
    task.o(i.prvAddCurrentTaskToDelayedList) refers to list.o(i.vListInsert) for vListInsert
    task.o(i.prvAddCurrentTaskToDelayedList) refers to task.o(.data) for xTickCount
    task.o(i.prvAddNewTaskToReadyList) refers to port.o(i.vPortEnterCritical) for vPortEnterCritical
    task.o(i.prvAddNewTaskToReadyList) refers to task.o(i.prvInitialiseTaskLists) for prvInitialiseTaskLists
    task.o(i.prvAddNewTaskToReadyList) refers to list.o(i.vListInsertEnd) for vListInsertEnd
    task.o(i.prvAddNewTaskToReadyList) refers to port.o(i.vPortExitCritical) for vPortExitCritical
    task.o(i.prvAddNewTaskToReadyList) refers to task.o(.data) for uxCurrentNumberOfTasks
    task.o(i.prvAddNewTaskToReadyList) refers to task.o(.bss) for pxReadyTasksLists
    task.o(i.prvInitialiseNewTask) refers to list.o(i.vListInitialiseItem) for vListInitialiseItem
    task.o(i.prvInitialiseNewTask) refers to port.o(i.pxPortInitialiseStack) for pxPortInitialiseStack
    task.o(i.prvInitialiseTaskLists) refers to list.o(i.vListInitialise) for vListInitialise
    task.o(i.prvInitialiseTaskLists) refers to task.o(.bss) for pxReadyTasksLists
    task.o(i.prvInitialiseTaskLists) refers to task.o(.data) for pxDelayedTaskList
    task.o(i.prvResetNextTaskUnblockTime) refers to task.o(.data) for pxDelayedTaskList
    task.o(i.vTaskDelay) refers to task.o(i.prvAddCurrentTaskToDelayedList) for prvAddCurrentTaskToDelayedList
    task.o(i.vTaskDelay) refers to task.o(.data) for pxCurrentTCB
    task.o(i.vTaskStartScheduler) refers to main.o(i.vApplicationGetIdleTaskMemory) for vApplicationGetIdleTaskMemory
    task.o(i.vTaskStartScheduler) refers to task.o(i.xTaskCreateStatic) for xTaskCreateStatic
    task.o(i.vTaskStartScheduler) refers to port.o(i.xPortStartScheduler) for xPortStartScheduler
    task.o(i.vTaskStartScheduler) refers to task.o(i.prvIdleTask) for prvIdleTask
    task.o(i.vTaskStartScheduler) refers to task.o(.data) for xIdleTaskHandle
    task.o(i.vTaskSwitchContext) refers to task.o(.data) for uxTopReadyPriority
    task.o(i.vTaskSwitchContext) refers to task.o(.bss) for pxReadyTasksLists
    task.o(i.xTaskCreateStatic) refers to task.o(i.prvInitialiseNewTask) for prvInitialiseNewTask
    task.o(i.xTaskCreateStatic) refers to task.o(i.prvAddNewTaskToReadyList) for prvAddNewTaskToReadyList
    task.o(i.xTaskIncrementTick) refers to task.o(i.prvResetNextTaskUnblockTime) for prvResetNextTaskUnblockTime
    task.o(i.xTaskIncrementTick) refers to list.o(i.uxListRemove) for uxListRemove
    task.o(i.xTaskIncrementTick) refers to list.o(i.vListInsertEnd) for vListInsertEnd
    task.o(i.xTaskIncrementTick) refers to task.o(.data) for xTickCount
    task.o(i.xTaskIncrementTick) refers to task.o(.bss) for pxReadyTasksLists
    startup_armcm3.o(RESET) refers to startup_armcm3.o(STACK) for __initial_sp
    startup_armcm3.o(RESET) refers to startup_armcm3.o(.text) for Reset_Handler
    startup_armcm3.o(RESET) refers to port.o(.emb_text) for SVC_Handler
    startup_armcm3.o(RESET) refers to port.o(i.SysTick_Handler) for SysTick_Handler
    startup_armcm3.o(.text) refers to system_armcm3.o(i.SystemInit) for SystemInit
    startup_armcm3.o(.text) refers to entry.o(.ARM.Collect$$$$00000000) for __main
    system_armcm3.o(i.SystemCoreClockUpdate) refers to system_armcm3.o(.data) for SystemCoreClock
    system_armcm3.o(i.SystemInit) refers to startup_armcm3.o(RESET) for __Vectors
    system_armcm3.o(i.SystemInit) refers to system_armcm3.o(.data) for SystemCoreClock
    entry.o(.ARM.Collect$$$$00000000) refers (Special) to entry10a.o(.ARM.Collect$$$$0000000F) for __rt_final_cpp
    entry.o(.ARM.Collect$$$$00000000) refers (Special) to entry11a.o(.ARM.Collect$$$$00000011) for __rt_final_exit
    entry.o(.ARM.Collect$$$$00000000) refers (Special) to entry12b.o(.ARM.Collect$$$$0000000E) for __rt_lib_shutdown_fini
    entry.o(.ARM.Collect$$$$00000000) refers (Special) to entry7b.o(.ARM.Collect$$$$00000008) for _main_clock
    entry.o(.ARM.Collect$$$$00000000) refers (Special) to entry8b.o(.ARM.Collect$$$$0000000A) for _main_cpp_init
    entry.o(.ARM.Collect$$$$00000000) refers (Special) to entry9a.o(.ARM.Collect$$$$0000000B) for _main_init
    entry.o(.ARM.Collect$$$$00000000) refers (Special) to entry5.o(.ARM.Collect$$$$00000004) for _main_scatterload
    entry.o(.ARM.Collect$$$$00000000) refers (Special) to entry2.o(.ARM.Collect$$$$00000001) for _main_stk
    entry2.o(.ARM.Collect$$$$00000001) refers to entry2.o(.ARM.Collect$$$$00002712) for __lit__00000000
    entry2.o(.ARM.Collect$$$$00002712) refers to startup_armcm3.o(STACK) for __initial_sp
    entry2.o(__vectab_stack_and_reset_area) refers to startup_armcm3.o(STACK) for __initial_sp
    entry2.o(__vectab_stack_and_reset_area) refers to entry.o(.ARM.Collect$$$$00000000) for __main
    entry5.o(.ARM.Collect$$$$00000004) refers to init.o(.text) for __scatterload
    entry9a.o(.ARM.Collect$$$$0000000B) refers to main.o(i.main) for main
    entry9b.o(.ARM.Collect$$$$0000000C) refers to main.o(i.main) for main
    init.o(.text) refers to entry5.o(.ARM.Collect$$$$00000004) for __main_after_scatterload


==============================================================================

Removing Unused input sections from the image.

    Removing port.o(.rev16_text), (4 bytes).
    Removing port.o(.revsh_text), (4 bytes).
    Removing port.o(.rrx_text), (6 bytes).
    Removing startup_armcm3.o(HEAP), (3072 bytes).
    Removing system_armcm3.o(.rev16_text), (4 bytes).
    Removing system_armcm3.o(.revsh_text), (4 bytes).
    Removing system_armcm3.o(.rrx_text), (6 bytes).
    Removing system_armcm3.o(i.SystemCoreClockUpdate), (16 bytes).

8 unused section(s) (total 3116 bytes) removed from the image.

==============================================================================

Image Symbol Table

    Local Symbols

    Symbol Name                              Value     Ov Type        Size  Object(Section)

    RESET                                    0x00000000   Section      192  startup_armcm3.o(RESET)
    ../clib/microlib/init/entry.s            0x00000000   Number         0  entry11b.o ABSOLUTE
    ../clib/microlib/init/entry.s            0x00000000   Number         0  entry11a.o ABSOLUTE
    ../clib/microlib/init/entry.s            0x00000000   Number         0  entry10a.o ABSOLUTE
    ../clib/microlib/init/entry.s            0x00000000   Number         0  entry9b.o ABSOLUTE
    ../clib/microlib/init/entry.s            0x00000000   Number         0  entry9a.o ABSOLUTE
    ../clib/microlib/init/entry.s            0x00000000   Number         0  entry8b.o ABSOLUTE
    ../clib/microlib/init/entry.s            0x00000000   Number         0  entry8a.o ABSOLUTE
    ../clib/microlib/init/entry.s            0x00000000   Number         0  entry7b.o ABSOLUTE
    ../clib/microlib/init/entry.s            0x00000000   Number         0  entry7a.o ABSOLUTE
    ../clib/microlib/init/entry.s            0x00000000   Number         0  entry10b.o ABSOLUTE
    ../clib/microlib/init/entry.s            0x00000000   Number         0  entry5.o ABSOLUTE
    ../clib/microlib/init/entry.s            0x00000000   Number         0  entry2.o ABSOLUTE
    ../clib/microlib/init/entry.s            0x00000000   Number         0  entry.o ABSOLUTE
    ../clib/microlib/init/entry.s            0x00000000   Number         0  entry12b.o ABSOLUTE
    ../clib/microlib/init/entry.s            0x00000000   Number         0  entry12a.o ABSOLUTE
    ..\User\main.c                           0x00000000   Number         0  main.o ABSOLUTE
    ..\\freertos\\portable\\RVDS\\ARM_CM3\\port.c 0x00000000   Number         0  port.o ABSOLUTE
    ..\freertos\list.c                       0x00000000   Number         0  list.o ABSOLUTE
    ..\freertos\portable\RVDS\ARM_CM3\port.c 0x00000000   Number         0  port.o ABSOLUTE
    ..\freertos\task.c                       0x00000000   Number         0  task.o ABSOLUTE
    RTE\Device\ARMCM3\startup_ARMCM3.s       0x00000000   Number         0  startup_armcm3.o ABSOLUTE
    RTE\Device\ARMCM3\system_ARMCM3.c        0x00000000   Number         0  system_armcm3.o ABSOLUTE
    RTE\\Device\\ARMCM3\\system_ARMCM3.c     0x00000000   Number         0  system_armcm3.o ABSOLUTE
    dc.s                                     0x00000000   Number         0  dc.o ABSOLUTE
    handlers.s                               0x00000000   Number         0  handlers.o ABSOLUTE
    init.s                                   0x00000000   Number         0  init.o ABSOLUTE
    .ARM.Collect$$$$00000000                 0x000000c0   Section        0  entry.o(.ARM.Collect$$$$00000000)
    .ARM.Collect$$$$00000001                 0x000000c0   Section        4  entry2.o(.ARM.Collect$$$$00000001)
    .ARM.Collect$$$$00000004                 0x000000c4   Section        4  entry5.o(.ARM.Collect$$$$00000004)
    .ARM.Collect$$$$00000008                 0x000000c8   Section        0  entry7b.o(.ARM.Collect$$$$00000008)
    .ARM.Collect$$$$0000000A                 0x000000c8   Section        0  entry8b.o(.ARM.Collect$$$$0000000A)
    .ARM.Collect$$$$0000000B                 0x000000c8   Section        8  entry9a.o(.ARM.Collect$$$$0000000B)
    .ARM.Collect$$$$0000000E                 0x000000d0   Section        4  entry12b.o(.ARM.Collect$$$$0000000E)
    .ARM.Collect$$$$0000000F                 0x000000d4   Section        0  entry10a.o(.ARM.Collect$$$$0000000F)
    .ARM.Collect$$$$00000011                 0x000000d4   Section        0  entry11a.o(.ARM.Collect$$$$00000011)
    .ARM.Collect$$$$00002712                 0x000000d4   Section        4  entry2.o(.ARM.Collect$$$$00002712)
    __lit__00000000                          0x000000d4   Data           4  entry2.o(.ARM.Collect$$$$00002712)
    .emb_text                                0x000000d8   Section      144  port.o(.emb_text)
    .text                                    0x00000168   Section       36  startup_armcm3.o(.text)
    .text                                    0x0000018c   Section       36  init.o(.text)
    i.SysTick_Handler                        0x000001b0   Section        0  port.o(i.SysTick_Handler)
    i.SystemInit                             0x000001d4   Section        0  system_armcm3.o(i.SystemInit)
    i.Task1_Entry                            0x000001f4   Section        0  main.o(i.Task1_Entry)
    i.Task2_Entry                            0x00000218   Section        0  main.o(i.Task2_Entry)
    i.Task3_Entry                            0x0000023c   Section        0  main.o(i.Task3_Entry)
    i.Task4_Entry                            0x0000025c   Section        0  main.o(i.Task4_Entry)
    i.Task5_Entry                            0x0000027c   Section        0  main.o(i.Task5_Entry)
    i.__scatterload_copy                     0x0000029c   Section       14  handlers.o(i.__scatterload_copy)
    i.__scatterload_null                     0x000002aa   Section        2  handlers.o(i.__scatterload_null)
    i.__scatterload_zeroinit                 0x000002ac   Section       14  handlers.o(i.__scatterload_zeroinit)
    i.delay                                  0x000002ba   Section        0  main.o(i.delay)
    i.main                                   0x000002c4   Section        0  main.o(i.main)
    i.prvAddCurrentTaskToDelayedList         0x000003e4   Section        0  task.o(i.prvAddCurrentTaskToDelayedList)
    prvAddCurrentTaskToDelayedList           0x000003e5   Thumb Code    98  task.o(i.prvAddCurrentTaskToDelayedList)
    i.prvAddNewTaskToReadyList               0x00000460   Section        0  task.o(i.prvAddNewTaskToReadyList)
    prvAddNewTaskToReadyList                 0x00000461   Thumb Code   110  task.o(i.prvAddNewTaskToReadyList)
    i.prvIdleTask                            0x000004e4   Section        0  task.o(i.prvIdleTask)
    prvIdleTask                              0x000004e5   Thumb Code     4  task.o(i.prvIdleTask)
    i.prvInitialiseNewTask                   0x000004e8   Section        0  task.o(i.prvInitialiseNewTask)
    prvInitialiseNewTask                     0x000004e9   Thumb Code   110  task.o(i.prvInitialiseNewTask)
    i.prvInitialiseTaskLists                 0x00000558   Section        0  task.o(i.prvInitialiseTaskLists)
    i.prvResetNextTaskUnblockTime            0x000005a0   Section        0  task.o(i.prvResetNextTaskUnblockTime)
    prvResetNextTaskUnblockTime              0x000005a1   Thumb Code    42  task.o(i.prvResetNextTaskUnblockTime)
    i.prvTaskExitError                       0x000005d4   Section        0  port.o(i.prvTaskExitError)
    prvTaskExitError                         0x000005d5   Thumb Code     4  port.o(i.prvTaskExitError)
    i.pxPortInitialiseStack                  0x000005d8   Section        0  port.o(i.pxPortInitialiseStack)
    i.uxListRemove                           0x000005fc   Section        0  list.o(i.uxListRemove)
    i.vApplicationGetIdleTaskMemory          0x00000624   Section        0  main.o(i.vApplicationGetIdleTaskMemory)
    i.vListInitialise                        0x0000063c   Section        0  list.o(i.vListInitialise)
    i.vListInitialiseItem                    0x00000656   Section        0  list.o(i.vListInitialiseItem)
    i.vListInsert                            0x0000065c   Section        0  list.o(i.vListInsert)
    i.vListInsertEnd                         0x00000690   Section        0  list.o(i.vListInsertEnd)
    i.vPortEnterCritical                     0x000006a8   Section        0  port.o(i.vPortEnterCritical)
    i.vPortExitCritical                      0x000006cc   Section        0  port.o(i.vPortExitCritical)
    i.vPortSetupTimerInterrupt               0x000006ec   Section        0  port.o(i.vPortSetupTimerInterrupt)
    i.vTaskDelay                             0x00000700   Section        0  task.o(i.vTaskDelay)
    i.vTaskStartScheduler                    0x0000072c   Section        0  task.o(i.vTaskStartScheduler)
    i.vTaskSwitchContext                     0x0000078c   Section        0  task.o(i.vTaskSwitchContext)
    i.xPortStartScheduler                    0x000007d0   Section        0  port.o(i.xPortStartScheduler)
    i.xTaskCreateStatic                      0x000007f8   Section        0  task.o(i.xTaskCreateStatic)
    i.xTaskIncrementTick                     0x0000083c   Section        0  task.o(i.xTaskIncrementTick)
    .data                                    0x20000000   Section       28  main.o(.data)
    .data                                    0x2000001c   Section        4  port.o(.data)
    uxCriticalNesting                        0x2000001c   Data           4  port.o(.data)
    .data                                    0x20000020   Section       40  task.o(.data)
    uxCurrentNumberOfTasks                   0x20000024   Data           4  task.o(.data)
    uxTaskNumber                             0x20000028   Data           4  task.o(.data)
    xIdleTaskHandle                          0x2000002c   Data           4  task.o(.data)
    xTickCount                               0x20000030   Data           4  task.o(.data)
    uxTopReadyPriority                       0x20000034   Data           4  task.o(.data)
    pxDelayedTaskList                        0x20000038   Data           4  task.o(.data)
    pxOverflowDelayedTaskList                0x2000003c   Data           4  task.o(.data)
    xNextTaskUnblockTime                     0x20000040   Data           4  task.o(.data)
    xNumOfOverflows                          0x20000044   Data           4  task.o(.data)
    .data                                    0x20000048   Section        4  system_armcm3.o(.data)
    .bss                                     0x2000004c   Section     3384  main.o(.bss)
    .bss                                     0x20000d84   Section      140  task.o(.bss)
    xDelayedTaskList1                        0x20000de8   Data          20  task.o(.bss)
    xDelayedTaskList2                        0x20000dfc   Data          20  task.o(.bss)
    STACK                                    0x20000e10   Section     1024  startup_armcm3.o(STACK)

    Global Symbols

    Symbol Name                              Value     Ov Type        Size  Object(Section)

    BuildAttributes$$THM_ISAv4$P$D$K$B$S$PE$A:L22UL41UL21$X:L11$S22US41US21$IEEE1$IW$USESV6$~STKCKD$USESV7$~SHL$OSPACE$EBA8$MICROLIB$REQ8$PRES8$EABIv2 0x00000000   Number         0  anon$$obj.o ABSOLUTE
    __ARM_use_no_argv                        0x00000000   Number         0  main.o ABSOLUTE
    __Vectors                                0x00000000   Data           4  startup_armcm3.o(RESET)
    __arm_fini_                               - Undefined Weak Reference
    __cpp_initialize__aeabi_                  - Undefined Weak Reference
    __cxa_finalize                            - Undefined Weak Reference
    __decompress                              - Undefined Weak Reference
    _clock_init                               - Undefined Weak Reference
    _microlib_exit                            - Undefined Weak Reference
    __Vectors_End                            0x000000c0   Data           0  startup_armcm3.o(RESET)
    __Vectors_Size                           0x000000c0   Number         0  startup_armcm3.o ABSOLUTE
    __main                                   0x000000c1   Thumb Code     0  entry.o(.ARM.Collect$$$$00000000)
    _main_stk                                0x000000c1   Thumb Code     0  entry2.o(.ARM.Collect$$$$00000001)
    _main_scatterload                        0x000000c5   Thumb Code     0  entry5.o(.ARM.Collect$$$$00000004)
    __main_after_scatterload                 0x000000c9   Thumb Code     0  entry5.o(.ARM.Collect$$$$00000004)
    _main_clock                              0x000000c9   Thumb Code     0  entry7b.o(.ARM.Collect$$$$00000008)
    _main_cpp_init                           0x000000c9   Thumb Code     0  entry8b.o(.ARM.Collect$$$$0000000A)
    _main_init                               0x000000c9   Thumb Code     0  entry9a.o(.ARM.Collect$$$$0000000B)
    __rt_lib_shutdown_fini                   0x000000d1   Thumb Code     0  entry12b.o(.ARM.Collect$$$$0000000E)
    __rt_final_cpp                           0x000000d5   Thumb Code     0  entry10a.o(.ARM.Collect$$$$0000000F)
    __rt_final_exit                          0x000000d5   Thumb Code     0  entry11a.o(.ARM.Collect$$$$00000011)
    prvStartFirstTask                        0x000000d9   Thumb Code    28  port.o(.emb_text)
    SVC_Handler                              0x000000f9   Thumb Code    32  port.o(.emb_text)
    PendSV_Handler                           0x0000011d   Thumb Code    72  port.o(.emb_text)
    Reset_Handler                            0x00000169   Thumb Code     8  startup_armcm3.o(.text)
    NMI_Handler                              0x00000171   Thumb Code     2  startup_armcm3.o(.text)
    HardFault_Handler                        0x00000173   Thumb Code     2  startup_armcm3.o(.text)
    MemManage_Handler                        0x00000175   Thumb Code     2  startup_armcm3.o(.text)
    BusFault_Handler                         0x00000177   Thumb Code     2  startup_armcm3.o(.text)
    UsageFault_Handler                       0x00000179   Thumb Code     2  startup_armcm3.o(.text)
    DebugMon_Handler                         0x0000017d   Thumb Code     2  startup_armcm3.o(.text)
    AACI_IRQHandler                          0x00000183   Thumb Code     0  startup_armcm3.o(.text)
    CAN_IRQHandler                           0x00000183   Thumb Code     0  startup_armcm3.o(.text)
    CHLCD_IRQHandler                         0x00000183   Thumb Code     0  startup_armcm3.o(.text)
    CLCD_IRQHandler                          0x00000183   Thumb Code     0  startup_armcm3.o(.text)
    CPU_CLCD_IRQHandler                      0x00000183   Thumb Code     0  startup_armcm3.o(.text)
    ENET_IRQHandler                          0x00000183   Thumb Code     0  startup_armcm3.o(.text)
    FLEXRAY_IRQHandler                       0x00000183   Thumb Code     0  startup_armcm3.o(.text)
    I2C_IRQHandler                           0x00000183   Thumb Code     0  startup_armcm3.o(.text)
    LIN_IRQHandler                           0x00000183   Thumb Code     0  startup_armcm3.o(.text)
    MCIA_IRQHandler                          0x00000183   Thumb Code     0  startup_armcm3.o(.text)
    MCIB_IRQHandler                          0x00000183   Thumb Code     0  startup_armcm3.o(.text)
    RTC_IRQHandler                           0x00000183   Thumb Code     0  startup_armcm3.o(.text)
    SPI_IRQHandler                           0x00000183   Thumb Code     0  startup_armcm3.o(.text)
    TIM0_IRQHandler                          0x00000183   Thumb Code     0  startup_armcm3.o(.text)
    TIM2_IRQHandler                          0x00000183   Thumb Code     0  startup_armcm3.o(.text)
    UART0_IRQHandler                         0x00000183   Thumb Code     0  startup_armcm3.o(.text)
    UART1_IRQHandler                         0x00000183   Thumb Code     0  startup_armcm3.o(.text)
    UART2_IRQHandler                         0x00000183   Thumb Code     0  startup_armcm3.o(.text)
    UART3_IRQHandler                         0x00000183   Thumb Code     0  startup_armcm3.o(.text)
    UART4_IRQHandler                         0x00000183   Thumb Code     0  startup_armcm3.o(.text)
    USBDC_IRQHandler                         0x00000183   Thumb Code     0  startup_armcm3.o(.text)
    USBHC_IRQHandler                         0x00000183   Thumb Code     0  startup_armcm3.o(.text)
    WDT_IRQHandler                           0x00000183   Thumb Code     0  startup_armcm3.o(.text)
    __scatterload                            0x0000018d   Thumb Code    28  init.o(.text)
    __scatterload_rt2                        0x0000018d   Thumb Code     0  init.o(.text)
    SysTick_Handler                          0x000001b1   Thumb Code    36  port.o(i.SysTick_Handler)
    SystemInit                               0x000001d5   Thumb Code    14  system_armcm3.o(i.SystemInit)
    Task1_Entry                              0x000001f5   Thumb Code    32  main.o(i.Task1_Entry)
    Task2_Entry                              0x00000219   Thumb Code    32  main.o(i.Task2_Entry)
    Task3_Entry                              0x0000023d   Thumb Code    26  main.o(i.Task3_Entry)
    Task4_Entry                              0x0000025d   Thumb Code    26  main.o(i.Task4_Entry)
    Task5_Entry                              0x0000027d   Thumb Code    26  main.o(i.Task5_Entry)
    __scatterload_copy                       0x0000029d   Thumb Code    14  handlers.o(i.__scatterload_copy)
    __scatterload_null                       0x000002ab   Thumb Code     2  handlers.o(i.__scatterload_null)
    __scatterload_zeroinit                   0x000002ad   Thumb Code    14  handlers.o(i.__scatterload_zeroinit)
    delay                                    0x000002bb   Thumb Code    10  main.o(i.delay)
    main                                     0x000002c5   Thumb Code   168  main.o(i.main)
    prvInitialiseTaskLists                   0x00000559   Thumb Code    52  task.o(i.prvInitialiseTaskLists)
    pxPortInitialiseStack                    0x000005d9   Thumb Code    30  port.o(i.pxPortInitialiseStack)
    uxListRemove                             0x000005fd   Thumb Code    40  list.o(i.uxListRemove)
    vApplicationGetIdleTaskMemory            0x00000625   Thumb Code    14  main.o(i.vApplicationGetIdleTaskMemory)
    vListInitialise                          0x0000063d   Thumb Code    26  list.o(i.vListInitialise)
    vListInitialiseItem                      0x00000657   Thumb Code     6  list.o(i.vListInitialiseItem)
    vListInsert                              0x0000065d   Thumb Code    52  list.o(i.vListInsert)
    vListInsertEnd                           0x00000691   Thumb Code    24  list.o(i.vListInsertEnd)
    vPortEnterCritical                       0x000006a9   Thumb Code    30  port.o(i.vPortEnterCritical)
    vPortExitCritical                        0x000006cd   Thumb Code    28  port.o(i.vPortExitCritical)
    vPortSetupTimerInterrupt                 0x000006ed   Thumb Code    14  port.o(i.vPortSetupTimerInterrupt)
    vTaskDelay                               0x00000701   Thumb Code    34  task.o(i.vTaskDelay)
    vTaskStartScheduler                      0x0000072d   Thumb Code    70  task.o(i.vTaskStartScheduler)
    vTaskSwitchContext                       0x0000078d   Thumb Code    54  task.o(i.vTaskSwitchContext)
    xPortStartScheduler                      0x000007d1   Thumb Code    36  port.o(i.xPortStartScheduler)
    xTaskCreateStatic                        0x000007f9   Thumb Code    66  task.o(i.xTaskCreateStatic)
    xTaskIncrementTick                       0x0000083d   Thumb Code   170  task.o(i.xTaskIncrementTick)
    Region$$Table$$Base                      0x00000908   Number         0  anon$$obj.o(Region$$Table)
    Region$$Table$$Limit                     0x00000928   Number         0  anon$$obj.o(Region$$Table)
    flag1                                    0x20000000   Data           1  main.o(.data)
    flag2                                    0x20000001   Data           1  main.o(.data)
    flag3                                    0x20000002   Data           1  main.o(.data)
    flag4                                    0x20000003   Data           1  main.o(.data)
    flag5                                    0x20000004   Data           1  main.o(.data)
    Task1_Handle                             0x20000008   Data           4  main.o(.data)
    Task2_Handle                             0x2000000c   Data           4  main.o(.data)
    Task3_Handle                             0x20000010   Data           4  main.o(.data)
    Task4_Handle                             0x20000014   Data           4  main.o(.data)
    Task5_Handle                             0x20000018   Data           4  main.o(.data)
    pxCurrentTCB                             0x20000020   Data           4  task.o(.data)
    SystemCoreClock                          0x20000048   Data           4  system_armcm3.o(.data)
    Task1Stack                               0x2000004c   Data         512  main.o(.bss)
    Task1TCB                                 0x2000024c   Data          52  main.o(.bss)
    Task2Stack                               0x20000280   Data         512  main.o(.bss)
    Task2TCB                                 0x20000480   Data          52  main.o(.bss)
    Task3Stack                               0x200004b4   Data         512  main.o(.bss)
    Task3TCB                                 0x200006b4   Data          52  main.o(.bss)
    Task4Stack                               0x200006e8   Data         512  main.o(.bss)
    Task4TCB                                 0x200008e8   Data          52  main.o(.bss)
    Task5Stack                               0x2000091c   Data         512  main.o(.bss)
    Task5TCB                                 0x20000b1c   Data          52  main.o(.bss)
    IdleTaskStack                            0x20000b50   Data         512  main.o(.bss)
    IdleTaskTCB                              0x20000d50   Data          52  main.o(.bss)
    pxReadyTasksLists                        0x20000d84   Data         100  task.o(.bss)
    __initial_sp                             0x20001210   Data           0  startup_armcm3.o(STACK)



==============================================================================

Memory Map of the image

  Image Entry point : 0x000000c1

  Load Region LR_IROM1 (Base: 0x00000000, Size: 0x00000974, Max: 0x00040000, ABSOLUTE)

    Execution Region ER_IROM1 (Exec base: 0x00000000, Load base: 0x00000000, Size: 0x00000928, Max: 0x00040000, ABSOLUTE)

    Exec Addr    Load Addr    Size         Type   Attr      Idx    E Section Name        Object

    0x00000000   0x00000000   0x000000c0   Data   RO          309    RESET               startup_armcm3.o
    0x000000c0   0x000000c0   0x00000000   Code   RO          351  * .ARM.Collect$$$$00000000  mc_w.l(entry.o)
    0x000000c0   0x000000c0   0x00000004   Code   RO          354    .ARM.Collect$$$$00000001  mc_w.l(entry2.o)
    0x000000c4   0x000000c4   0x00000004   Code   RO          357    .ARM.Collect$$$$00000004  mc_w.l(entry5.o)
    0x000000c8   0x000000c8   0x00000000   Code   RO          359    .ARM.Collect$$$$00000008  mc_w.l(entry7b.o)
    0x000000c8   0x000000c8   0x00000000   Code   RO          361    .ARM.Collect$$$$0000000A  mc_w.l(entry8b.o)
    0x000000c8   0x000000c8   0x00000008   Code   RO          362    .ARM.Collect$$$$0000000B  mc_w.l(entry9a.o)
    0x000000d0   0x000000d0   0x00000004   Code   RO          369    .ARM.Collect$$$$0000000E  mc_w.l(entry12b.o)
    0x000000d4   0x000000d4   0x00000000   Code   RO          364    .ARM.Collect$$$$0000000F  mc_w.l(entry10a.o)
    0x000000d4   0x000000d4   0x00000000   Code   RO          366    .ARM.Collect$$$$00000011  mc_w.l(entry11a.o)
    0x000000d4   0x000000d4   0x00000004   Code   RO          355    .ARM.Collect$$$$00002712  mc_w.l(entry2.o)
    0x000000d8   0x000000d8   0x00000090   Code   RO           92    .emb_text           port.o
    0x00000168   0x00000168   0x00000024   Code   RO          310    .text               startup_armcm3.o
    0x0000018c   0x0000018c   0x00000024   Code   RO          370    .text               mc_w.l(init.o)
    0x000001b0   0x000001b0   0x00000024   Code   RO           93    i.SysTick_Handler   port.o
    0x000001d4   0x000001d4   0x00000020   Code   RO          318    i.SystemInit        system_armcm3.o
    0x000001f4   0x000001f4   0x00000024   Code   RO            1    i.Task1_Entry       main.o
    0x00000218   0x00000218   0x00000024   Code   RO            2    i.Task2_Entry       main.o
    0x0000023c   0x0000023c   0x00000020   Code   RO            3    i.Task3_Entry       main.o
    0x0000025c   0x0000025c   0x00000020   Code   RO            4    i.Task4_Entry       main.o
    0x0000027c   0x0000027c   0x00000020   Code   RO            5    i.Task5_Entry       main.o
    0x0000029c   0x0000029c   0x0000000e   Code   RO          374    i.__scatterload_copy  mc_w.l(handlers.o)
    0x000002aa   0x000002aa   0x00000002   Code   RO          375    i.__scatterload_null  mc_w.l(handlers.o)
    0x000002ac   0x000002ac   0x0000000e   Code   RO          376    i.__scatterload_zeroinit  mc_w.l(handlers.o)
    0x000002ba   0x000002ba   0x0000000a   Code   RO            6    i.delay             main.o
    0x000002c4   0x000002c4   0x00000120   Code   RO            7    i.main              main.o
    0x000003e4   0x000003e4   0x0000007c   Code   RO          187    i.prvAddCurrentTaskToDelayedList  task.o
    0x00000460   0x00000460   0x00000084   Code   RO          188    i.prvAddNewTaskToReadyList  task.o
    0x000004e4   0x000004e4   0x00000004   Code   RO          189    i.prvIdleTask       task.o
    0x000004e8   0x000004e8   0x0000006e   Code   RO          190    i.prvInitialiseNewTask  task.o
    0x00000556   0x00000556   0x00000002   PAD
    0x00000558   0x00000558   0x00000048   Code   RO          191    i.prvInitialiseTaskLists  task.o
    0x000005a0   0x000005a0   0x00000034   Code   RO          192    i.prvResetNextTaskUnblockTime  task.o
    0x000005d4   0x000005d4   0x00000004   Code   RO           94    i.prvTaskExitError  port.o
    0x000005d8   0x000005d8   0x00000024   Code   RO           95    i.pxPortInitialiseStack  port.o
    0x000005fc   0x000005fc   0x00000028   Code   RO          268    i.uxListRemove      list.o
    0x00000624   0x00000624   0x00000018   Code   RO            8    i.vApplicationGetIdleTaskMemory  main.o
    0x0000063c   0x0000063c   0x0000001a   Code   RO          269    i.vListInitialise   list.o
    0x00000656   0x00000656   0x00000006   Code   RO          270    i.vListInitialiseItem  list.o
    0x0000065c   0x0000065c   0x00000034   Code   RO          271    i.vListInsert       list.o
    0x00000690   0x00000690   0x00000018   Code   RO          272    i.vListInsertEnd    list.o
    0x000006a8   0x000006a8   0x00000024   Code   RO           96    i.vPortEnterCritical  port.o
    0x000006cc   0x000006cc   0x00000020   Code   RO           97    i.vPortExitCritical  port.o
    0x000006ec   0x000006ec   0x00000014   Code   RO           98    i.vPortSetupTimerInterrupt  port.o
    0x00000700   0x00000700   0x0000002c   Code   RO          193    i.vTaskDelay        task.o
    0x0000072c   0x0000072c   0x00000060   Code   RO          194    i.vTaskStartScheduler  task.o
    0x0000078c   0x0000078c   0x00000044   Code   RO          195    i.vTaskSwitchContext  task.o
    0x000007d0   0x000007d0   0x00000028   Code   RO           99    i.xPortStartScheduler  port.o
    0x000007f8   0x000007f8   0x00000042   Code   RO          196    i.xTaskCreateStatic  task.o
    0x0000083a   0x0000083a   0x00000002   PAD
    0x0000083c   0x0000083c   0x000000cc   Code   RO          197    i.xTaskIncrementTick  task.o
    0x00000908   0x00000908   0x00000020   Data   RO          372    Region$$Table       anon$$obj.o


    Execution Region RW_IRAM1 (Exec base: 0x20000000, Load base: 0x00000928, Size: 0x00001210, Max: 0x00020000, ABSOLUTE)

    Exec Addr    Load Addr    Size         Type   Attr      Idx    E Section Name        Object

    0x20000000   0x00000928   0x0000001c   Data   RW           10    .data               main.o
    0x2000001c   0x00000944   0x00000004   Data   RW          100    .data               port.o
    0x20000020   0x00000948   0x00000028   Data   RW          199    .data               task.o
    0x20000048   0x00000970   0x00000004   Data   RW          319    .data               system_armcm3.o
    0x2000004c        -       0x00000d38   Zero   RW            9    .bss                main.o
    0x20000d84        -       0x0000008c   Zero   RW          198    .bss                task.o
    0x20000e10        -       0x00000400   Zero   RW          307    STACK               startup_armcm3.o


==============================================================================

Image component sizes


      Code (inc. data)   RO Data    RW Data    ZI Data      Debug   Object Name

       148          0          0          0          0       3106   list.o
       490        156          0         28       3384      15592   main.o
       348         38          0          4          0       7928   port.o
        36          8        192          0       1024        808   startup_armcm3.o
        32         18          0          4          0        731   system_armcm3.o
       972        162          0         40        140      13315   task.o

    ----------------------------------------------------------------------
      2030        382        224         76       4548      41480   Object Totals
         0          0         32          0          0          0   (incl. Generated)
         4          0          0          0          0          0   (incl. Padding)

    ----------------------------------------------------------------------

      Code (inc. data)   RO Data    RW Data    ZI Data      Debug   Library Member Name

         0          0          0          0          0          0   entry.o
         0          0          0          0          0          0   entry10a.o
         0          0          0          0          0          0   entry11a.o
         4          0          0          0          0          0   entry12b.o
         8          4          0          0          0          0   entry2.o
         4          0          0          0          0          0   entry5.o
         0          0          0          0          0          0   entry7b.o
         0          0          0          0          0          0   entry8b.o
         8          4          0          0          0          0   entry9a.o
        30          0          0          0          0          0   handlers.o
        36          8          0          0          0         68   init.o

    ----------------------------------------------------------------------
        90         16          0          0          0         68   Library Totals
         0          0          0          0          0          0   (incl. Padding)

    ----------------------------------------------------------------------

      Code (inc. data)   RO Data    RW Data    ZI Data      Debug   Library Name

        90         16          0          0          0         68   mc_w.l

    ----------------------------------------------------------------------
        90         16          0          0          0         68   Library Totals

    ----------------------------------------------------------------------

==============================================================================


      Code (inc. data)   RO Data    RW Data    ZI Data      Debug   

      2120        398        224         76       4548      40140   Grand Totals
      2120        398        224         76       4548      40140   ELF Image Totals
      2120        398        224         76          0          0   ROM Totals

==============================================================================

    Total RO  Size (Code + RO Data)                 2344 (   2.29kB)
    Total RW  Size (RW Data + ZI Data)              4624 (   4.52kB)
    Total ROM Size (Code + RO Data + RW Data)       2420 (   2.36kB)

==============================================================================

