Component: ARM Compiler 5.06 update 7 (build 960) Tool: armlink [4d3601]

==============================================================================

Section Cross References

    startup_stm32f429_439xx.o(RESET) refers to startup_stm32f429_439xx.o(STACK) for __initial_sp
    startup_stm32f429_439xx.o(RESET) refers to startup_stm32f429_439xx.o(.text) for Reset_Handler
    startup_stm32f429_439xx.o(RESET) refers to stm32f4xx_it.o(i.NMI_Handler) for NMI_Handler
    startup_stm32f429_439xx.o(RESET) refers to stm32f4xx_it.o(i.HardFault_Handler) for HardFault_Handler
    startup_stm32f429_439xx.o(RESET) refers to stm32f4xx_it.o(i.MemManage_Handler) for MemManage_Handler
    startup_stm32f429_439xx.o(RESET) refers to stm32f4xx_it.o(i.BusFault_Handler) for BusFault_Handler
    startup_stm32f429_439xx.o(RESET) refers to stm32f4xx_it.o(i.UsageFault_Handler) for UsageFault_Handler
    startup_stm32f429_439xx.o(RESET) refers to port.o(.emb_text) for SVC_Handler
    startup_stm32f429_439xx.o(RESET) refers to stm32f4xx_it.o(i.DebugMon_Handler) for DebugMon_Handler
    startup_stm32f429_439xx.o(RESET) refers to stm32f4xx_it.o(i.SysTick_Handler) for SysTick_Handler
    startup_stm32f429_439xx.o(RESET) refers to stm32f4xx_it.o(i.EXTI0_IRQHandler) for EXTI0_IRQHandler
    startup_stm32f429_439xx.o(RESET) refers to stm32f4xx_it.o(i.USART1_IRQHandler) for USART1_IRQHandler
    startup_stm32f429_439xx.o(RESET) refers to stm32f4xx_it.o(i.EXTI15_10_IRQHandler) for EXTI15_10_IRQHandler
    startup_stm32f429_439xx.o(.text) refers to system_stm32f4xx.o(i.SystemInit) for SystemInit
    startup_stm32f429_439xx.o(.text) refers to entry.o(.ARM.Collect$$$$00000000) for __main
    system_stm32f4xx.o(i.SystemCoreClockUpdate) refers to system_stm32f4xx.o(.data) for .data
    system_stm32f4xx.o(i.SystemInit) refers to system_stm32f4xx.o(i.SetSysClock) for SetSysClock
    stm32f4xx_adc.o(i.ADC_DeInit) refers to stm32f4xx_rcc.o(i.RCC_APB2PeriphResetCmd) for RCC_APB2PeriphResetCmd
    stm32f4xx_can.o(i.CAN_DeInit) refers to stm32f4xx_rcc.o(i.RCC_APB1PeriphResetCmd) for RCC_APB1PeriphResetCmd
    stm32f4xx_can.o(i.CAN_GetITStatus) refers to stm32f4xx_can.o(i.CheckITStatus) for CheckITStatus
    stm32f4xx_cryp.o(i.CRYP_DeInit) refers to stm32f4xx_rcc.o(i.RCC_AHB2PeriphResetCmd) for RCC_AHB2PeriphResetCmd
    stm32f4xx_cryp_aes.o(i.CRYP_AES_CBC) refers to stm32f4xx_cryp.o(i.CRYP_KeyStructInit) for CRYP_KeyStructInit
    stm32f4xx_cryp_aes.o(i.CRYP_AES_CBC) refers to stm32f4xx_cryp.o(i.CRYP_KeyInit) for CRYP_KeyInit
    stm32f4xx_cryp_aes.o(i.CRYP_AES_CBC) refers to stm32f4xx_cryp.o(i.CRYP_Init) for CRYP_Init
    stm32f4xx_cryp_aes.o(i.CRYP_AES_CBC) refers to stm32f4xx_cryp.o(i.CRYP_IVInit) for CRYP_IVInit
    stm32f4xx_cryp_aes.o(i.CRYP_AES_CBC) refers to stm32f4xx_cryp.o(i.CRYP_FIFOFlush) for CRYP_FIFOFlush
    stm32f4xx_cryp_aes.o(i.CRYP_AES_CBC) refers to stm32f4xx_cryp.o(i.CRYP_Cmd) for CRYP_Cmd
    stm32f4xx_cryp_aes.o(i.CRYP_AES_CBC) refers to stm32f4xx_cryp.o(i.CRYP_GetCmdStatus) for CRYP_GetCmdStatus
    stm32f4xx_cryp_aes.o(i.CRYP_AES_CBC) refers to stm32f4xx_cryp.o(i.CRYP_GetFlagStatus) for CRYP_GetFlagStatus
    stm32f4xx_cryp_aes.o(i.CRYP_AES_CBC) refers to stm32f4xx_cryp.o(i.CRYP_DataIn) for CRYP_DataIn
    stm32f4xx_cryp_aes.o(i.CRYP_AES_CBC) refers to stm32f4xx_cryp.o(i.CRYP_DataOut) for CRYP_DataOut
    stm32f4xx_cryp_aes.o(i.CRYP_AES_CCM) refers to stm32f4xx_cryp.o(i.CRYP_KeyStructInit) for CRYP_KeyStructInit
    stm32f4xx_cryp_aes.o(i.CRYP_AES_CCM) refers to stm32f4xx_cryp.o(i.CRYP_FIFOFlush) for CRYP_FIFOFlush
    stm32f4xx_cryp_aes.o(i.CRYP_AES_CCM) refers to stm32f4xx_cryp.o(i.CRYP_KeyInit) for CRYP_KeyInit
    stm32f4xx_cryp_aes.o(i.CRYP_AES_CCM) refers to stm32f4xx_cryp.o(i.CRYP_IVInit) for CRYP_IVInit
    stm32f4xx_cryp_aes.o(i.CRYP_AES_CCM) refers to stm32f4xx_cryp.o(i.CRYP_Init) for CRYP_Init
    stm32f4xx_cryp_aes.o(i.CRYP_AES_CCM) refers to stm32f4xx_cryp.o(i.CRYP_PhaseConfig) for CRYP_PhaseConfig
    stm32f4xx_cryp_aes.o(i.CRYP_AES_CCM) refers to stm32f4xx_cryp.o(i.CRYP_DataIn) for CRYP_DataIn
    stm32f4xx_cryp_aes.o(i.CRYP_AES_CCM) refers to stm32f4xx_cryp.o(i.CRYP_Cmd) for CRYP_Cmd
    stm32f4xx_cryp_aes.o(i.CRYP_AES_CCM) refers to stm32f4xx_cryp.o(i.CRYP_GetCmdStatus) for CRYP_GetCmdStatus
    stm32f4xx_cryp_aes.o(i.CRYP_AES_CCM) refers to stm32f4xx_cryp.o(i.CRYP_GetFlagStatus) for CRYP_GetFlagStatus
    stm32f4xx_cryp_aes.o(i.CRYP_AES_CCM) refers to stm32f4xx_cryp.o(i.CRYP_DataOut) for CRYP_DataOut
    stm32f4xx_cryp_aes.o(i.CRYP_AES_CTR) refers to stm32f4xx_cryp.o(i.CRYP_KeyStructInit) for CRYP_KeyStructInit
    stm32f4xx_cryp_aes.o(i.CRYP_AES_CTR) refers to stm32f4xx_cryp.o(i.CRYP_KeyInit) for CRYP_KeyInit
    stm32f4xx_cryp_aes.o(i.CRYP_AES_CTR) refers to stm32f4xx_cryp.o(i.CRYP_Init) for CRYP_Init
    stm32f4xx_cryp_aes.o(i.CRYP_AES_CTR) refers to stm32f4xx_cryp.o(i.CRYP_IVInit) for CRYP_IVInit
    stm32f4xx_cryp_aes.o(i.CRYP_AES_CTR) refers to stm32f4xx_cryp.o(i.CRYP_FIFOFlush) for CRYP_FIFOFlush
[...]
    ..\..\Libraries\STM32F4xx_StdPeriph_Driver\src\stm32f4xx_spi.c 0x00000000   Number         0  stm32f4xx_spi.o ABSOLUTE
    ..\..\Libraries\STM32F4xx_StdPeriph_Driver\src\stm32f4xx_syscfg.c 0x00000000   Number         0  stm32f4xx_syscfg.o ABSOLUTE
    ..\..\Libraries\STM32F4xx_StdPeriph_Driver\src\stm32f4xx_tim.c 0x00000000   Number         0  stm32f4xx_tim.o ABSOLUTE
    ..\..\Libraries\STM32F4xx_StdPeriph_Driver\src\stm32f4xx_usart.c 0x00000000   Number         0  stm32f4xx_usart.o ABSOLUTE
    ..\..\Libraries\STM32F4xx_StdPeriph_Driver\src\stm32f4xx_wwdg.c 0x00000000   Number         0  stm32f4xx_wwdg.o ABSOLUTE
    ..\..\User\exti\bsp_exti.c               0x00000000   Number         0  bsp_exti.o ABSOLUTE
    ..\..\User\flash\bsp_spi_flash.c         0x00000000   Number         0  bsp_spi_flash.o ABSOLUTE
    ..\..\User\font\fonts.c                  0x00000000   Number         0  fonts.o ABSOLUTE
    ..\..\User\i2c\bsp_i2c_ee.c              0x00000000   Number         0  bsp_i2c_ee.o ABSOLUTE
    ..\..\User\key\bsp_key.c                 0x00000000   Number         0  bsp_key.o ABSOLUTE
    ..\..\User\lcd\bsp_lcd.c                 0x00000000   Number         0  bsp_lcd.o ABSOLUTE
    ..\..\User\led\bsp_led.c                 0x00000000   Number         0  bsp_led.o ABSOLUTE
    ..\..\User\main.c                        0x00000000   Number         0  main.o ABSOLUTE
    ..\..\User\sdram\bsp_sdram.c             0x00000000   Number         0  bsp_sdram.o ABSOLUTE
    ..\..\User\stm32f4xx_it.c                0x00000000   Number         0  stm32f4xx_it.o ABSOLUTE
    ..\..\User\uart\bsp_debug_usart.c        0x00000000   Number         0  bsp_debug_usart.o ABSOLUTE
    ..\\..\\FreeRTOS\\port\\MemMang\\heap_4.c 0x00000000   Number         0  heap_4.o ABSOLUTE
    ..\\..\\FreeRTOS\\port\\RVDS\\ARM_CM4F\\port.c 0x00000000   Number         0  port.o ABSOLUTE
    ..\\..\\FreeRTOS\\src\\croutine.c        0x00000000   Number         0  croutine.o ABSOLUTE
    ..\\..\\FreeRTOS\\src\\event_groups.c    0x00000000   Number         0  event_groups.o ABSOLUTE
    ..\\..\\FreeRTOS\\src\\list.c            0x00000000   Number         0  list.o ABSOLUTE
    ..\\..\\FreeRTOS\\src\\queue.c           0x00000000   Number         0  queue.o ABSOLUTE
    ..\\..\\FreeRTOS\\src\\tasks.c           0x00000000   Number         0  tasks.o ABSOLUTE
    ..\\..\\FreeRTOS\\src\\timers.c          0x00000000   Number         0  timers.o ABSOLUTE
    ..\\..\\Libraries\\CMSIS\\Device\\ST\\STM32F4xx\\Source\\Templates\\system_stm32f4xx.c 0x00000000   Number         0  system_stm32f4xx.o ABSOLUTE
    ..\\..\\Libraries\\STM32F4xx_StdPeriph_Driver\\src\\misc.c 0x00000000   Number         0  misc.o ABSOLUTE
    ..\\..\\Libraries\\STM32F4xx_StdPeriph_Driver\\src\\stm32f4xx_adc.c 0x00000000   Number         0  stm32f4xx_adc.o ABSOLUTE
    ..\\..\\Libraries\\STM32F4xx_StdPeriph_Driver\\src\\stm32f4xx_can.c 0x00000000   Number         0  stm32f4xx_can.o ABSOLUTE
    ..\\..\\Libraries\\STM32F4xx_StdPeriph_Driver\\src\\stm32f4xx_cec.c 0x00000000   Number         0  stm32f4xx_cec.o ABSOLUTE
    ..\\..\\Libraries\\STM32F4xx_StdPeriph_Driver\\src\\stm32f4xx_crc.c 0x00000000   Number         0  stm32f4xx_crc.o ABSOLUTE
    ..\\..\\Libraries\\STM32F4xx_StdPeriph_Driver\\src\\stm32f4xx_cryp.c 0x00000000   Number         0  stm32f4xx_cryp.o ABSOLUTE
    ..\\..\\Libraries\\STM32F4xx_StdPeriph_Driver\\src\\stm32f4xx_cryp_aes.c 0x00000000   Number         0  stm32f4xx_cryp_aes.o ABSOLUTE
    ..\\..\\Libraries\\STM32F4xx_StdPeriph_Driver\\src\\stm32f4xx_cryp_des.c 0x00000000   Number         0  stm32f4xx_cryp_des.o ABSOLUTE
    ..\\..\\Libraries\\STM32F4xx_StdPeriph_Driver\\src\\stm32f4xx_cryp_tdes.c 0x00000000   Number         0  stm32f4xx_cryp_tdes.o ABSOLUTE
    ..\\..\\Libraries\\STM32F4xx_StdPeriph_Driver\\src\\stm32f4xx_dac.c 0x00000000   Number         0  stm32f4xx_dac.o ABSOLUTE
    ..\\..\\Libraries\\STM32F4xx_StdPeriph_Driver\\src\\stm32f4xx_dbgmcu.c 0x00000000   Number         0  stm32f4xx_dbgmcu.o ABSOLUTE
    ..\\..\\Libraries\\STM32F4xx_StdPeriph_Driver\\src\\stm32f4xx_dcmi.c 0x00000000   Number         0  stm32f4xx_dcmi.o ABSOLUTE
    ..\\..\\Libraries\\STM32F4xx_StdPeriph_Driver\\src\\stm32f4xx_dma.c 0x00000000   Number         0  stm32f4xx_dma.o ABSOLUTE
    ..\\..\\Libraries\\STM32F4xx_StdPeriph_Driver\\src\\stm32f4xx_dma2d.c 0x00000000   Number         0  stm32f4xx_dma2d.o ABSOLUTE
    ..\\..\\Libraries\\STM32F4xx_StdPeriph_Driver\\src\\stm32f4xx_exti.c 0x00000000   Number         0  stm32f4xx_exti.o ABSOLUTE
    ..\\..\\Libraries\\STM32F4xx_StdPeriph_Driver\\src\\stm32f4xx_flash.c 0x00000000   Number         0  stm32f4xx_flash.o ABSOLUTE
    ..\\..\\Libraries\\STM32F4xx_StdPeriph_Driver\\src\\stm32f4xx_flash_ramfunc.c 0x00000000   Number         0  stm32f4xx_flash_ramfunc.o ABSOLUTE
    ..\\..\\Libraries\\STM32F4xx_StdPeriph_Driver\\src\\stm32f4xx_fmc.c 0x00000000   Number         0  stm32f4xx_fmc.o ABSOLUTE
    ..\\..\\Libraries\\STM32F4xx_StdPeriph_Driver\\src\\stm32f4xx_fmpi2c.c 0x00000000   Number         0  stm32f4xx_fmpi2c.o ABSOLUTE
    ..\\..\\Libraries\\STM32F4xx_StdPeriph_Driver\\src\\stm32f4xx_gpio.c 0x00000000   Number         0  stm32f4xx_gpio.o ABSOLUTE
    ..\\..\\Libraries\\STM32F4xx_StdPeriph_Driver\\src\\stm32f4xx_hash.c 0x00000000   Number         0  stm32f4xx_hash.o ABSOLUTE
    ..\\..\\Libraries\\STM32F4xx_StdPeriph_Driver\\src\\stm32f4xx_hash_md5.c 0x00000000   Number         0  stm32f4xx_hash_md5.o ABSOLUTE
    ..\\..\\Libraries\\STM32F4xx_StdPeriph_Driver\\src\\stm32f4xx_hash_sha1.c 0x00000000   Number         0  stm32f4xx_hash_sha1.o ABSOLUTE
    ..\\..\\Libraries\\STM32F4xx_StdPeriph_Driver\\src\\stm32f4xx_i2c.c 0x00000000   Number         0  stm32f4xx_i2c.o ABSOLUTE
    ..\\..\\Libraries\\STM32F4xx_StdPeriph_Driver\\src\\stm32f4xx_iwdg.c 0x00000000   Number         0  stm32f4xx_iwdg.o ABSOLUTE
    ..\\..\\Libraries\\STM32F4xx_StdPeriph_Driver\\src\\stm32f4xx_ltdc.c 0x00000000   Number         0  stm32f4xx_ltdc.o ABSOLUTE
    ..\\..\\Libraries\\STM32F4xx_StdPeriph_Driver\\src\\stm32f4xx_pwr.c 0x00000000   Number         0  stm32f4xx_pwr.o ABSOLUTE
    ..\\..\\Libraries\\STM32F4xx_StdPeriph_Driver\\src\\stm32f4xx_qspi.c 0x00000000   Number         0  stm32f4xx_qspi.o ABSOLUTE
    ..\\..\\Libraries\\STM32F4xx_StdPeriph_Driver\\src\\stm32f4xx_rcc.c 0x00000000   Number         0  stm32f4xx_rcc.o ABSOLUTE
    ..\\..\\Libraries\\STM32F4xx_StdPeriph_Driver\\src\\stm32f4xx_rng.c 0x00000000   Number         0  stm32f4xx_rng.o ABSOLUTE
    ..\\..\\Libraries\\STM32F4xx_StdPeriph_Driver\\src\\stm32f4xx_rtc.c 0x00000000   Number         0  stm32f4xx_rtc.o ABSOLUTE
    ..\\..\\Libraries\\STM32F4xx_StdPeriph_Driver\\src\\stm32f4xx_sai.c 0x00000000   Number         0  stm32f4xx_sai.o ABSOLUTE
    ..\\..\\Libraries\\STM32F4xx_StdPeriph_Driver\\src\\stm32f4xx_sdio.c 0x00000000   Number         0  stm32f4xx_sdio.o ABSOLUTE
    ..\\..\\Libraries\\STM32F4xx_StdPeriph_Driver\\src\\stm32f4xx_spdifrx.c 0x00000000   Number         0  stm32f4xx_spdifrx.o ABSOLUTE
    ..\\..\\Libraries\\STM32F4xx_StdPeriph_Driver\\src\\stm32f4xx_spi.c 0x00000000   Number         0  stm32f4xx_spi.o ABSOLUTE
    ..\\..\\Libraries\\STM32F4xx_StdPeriph_Driver\\src\\stm32f4xx_syscfg.c 0x00000000   Number         0  stm32f4xx_syscfg.o ABSOLUTE
    ..\\..\\Libraries\\STM32F4xx_StdPeriph_Driver\\src\\stm32f4xx_tim.c 0x00000000   Number         0  stm32f4xx_tim.o ABSOLUTE
    ..\\..\\Libraries\\STM32F4xx_StdPeriph_Driver\\src\\stm32f4xx_usart.c 0x00000000   Number         0  stm32f4xx_usart.o ABSOLUTE
    ..\\..\\Libraries\\STM32F4xx_StdPeriph_Driver\\src\\stm32f4xx_wwdg.c 0x00000000   Number         0  stm32f4xx_wwdg.o ABSOLUTE
    ..\\..\\User\\exti\\bsp_exti.c           0x00000000   Number         0  bsp_exti.o ABSOLUTE
    ..\\..\\User\\flash\\bsp_spi_flash.c     0x00000000   Number         0  bsp_spi_flash.o ABSOLUTE
    ..\\..\\User\\i2c\\bsp_i2c_ee.c          0x00000000   Number         0  bsp_i2c_ee.o ABSOLUTE
    ..\\..\\User\\key\\bsp_key.c             0x00000000   Number         0  bsp_key.o ABSOLUTE
    ..\\..\\User\\lcd\\bsp_lcd.c             0x00000000   Number         0  bsp_lcd.o ABSOLUTE
    ..\\..\\User\\led\\bsp_led.c             0x00000000   Number         0  bsp_led.o ABSOLUTE
    ..\\..\\User\\main.c                     0x00000000   Number         0  main.o ABSOLUTE
    ..\\..\\User\\sdram\\bsp_sdram.c         0x00000000   Number         0  bsp_sdram.o ABSOLUTE
    ..\\..\\User\\stm32f4xx_it.c             0x00000000   Number         0  stm32f4xx_it.o ABSOLUTE
    ..\\..\\User\\uart\\bsp_debug_usart.c    0x00000000   Number         0  bsp_debug_usart.o ABSOLUTE
    cdrcmple.s                               0x00000000   Number         0  cdrcmple.o ABSOLUTE
    dc.s                                     0x00000000   Number         0  dc.o ABSOLUTE
    handlers.s                               0x00000000   Number         0  handlers.o ABSOLUTE
    init.s                                   0x00000000   Number         0  init.o ABSOLUTE
    RESET                                    0x08000000   Section      428  startup_stm32f429_439xx.o(RESET)
    .ARM.Collect$$$$00000000                 0x080001ac   Section        0  entry.o(.ARM.Collect$$$$00000000)
    .ARM.Collect$$$$00000001                 0x080001ac   Section        4  entry2.o(.ARM.Collect$$$$00000001)
    .ARM.Collect$$$$00000004                 0x080001b0   Section        4  entry5.o(.ARM.Collect$$$$00000004)
    .ARM.Collect$$$$00000008                 0x080001b4   Section        0  entry7b.o(.ARM.Collect$$$$00000008)
    .ARM.Collect$$$$0000000A                 0x080001b4   Section        0  entry8b.o(.ARM.Collect$$$$0000000A)
    .ARM.Collect$$$$0000000B                 0x080001b4   Section        8  entry9a.o(.ARM.Collect$$$$0000000B)
    .ARM.Collect$$$$0000000E                 0x080001bc   Section        4  entry12b.o(.ARM.Collect$$$$0000000E)
    .ARM.Collect$$$$0000000F                 0x080001c0   Section        0  entry10a.o(.ARM.Collect$$$$0000000F)
    .ARM.Collect$$$$00000011                 0x080001c0   Section        0  entry11a.o(.ARM.Collect$$$$00000011)
    .ARM.Collect$$$$00002712                 0x080001c0   Section        4  entry2.o(.ARM.Collect$$$$00002712)
    __lit__00000000                          0x080001c0   Data           4  entry2.o(.ARM.Collect$$$$00002712)
    .emb_text                                0x080001c4   Section      182  port.o(.emb_text)
    $v0                                      0x080001c4   Number         0  port.o(.emb_text)
    .text                                    0x0800027c   Section       36  startup_stm32f429_439xx.o(.text)
    $v0                                      0x0800027c   Number         0  startup_stm32f429_439xx.o(.text)
    .text                                    0x080002a0   Section        0  memcpya.o(.text)
    .text                                    0x080002c4   Section        0  uldiv.o(.text)
    .text                                    0x08000328   Section       36  init.o(.text)
    .text                                    0x0800034c   Section        0  llshl.o(.text)
    .text                                    0x0800036a   Section        0  llushr.o(.text)
    i.AppTaskCreate                          0x0800038c   Section        0  main.o(i.AppTaskCreate)
    AppTaskCreate                            0x0800038d   Thumb Code    64  main.o(i.AppTaskCreate)
    i.BusFault_Handler                       0x080003fc   Section        0  stm32f4xx_it.o(i.BusFault_Handler)
    i.DMA2D_DeInit                           0x080003fe   Section        0  stm32f4xx_dma2d.o(i.DMA2D_DeInit)
    i.DMA2D_GetFlagStatus                    0x08000418   Section        0  stm32f4xx_dma2d.o(i.DMA2D_GetFlagStatus)
    i.DMA2D_Init                             0x0800042c   Section        0  stm32f4xx_dma2d.o(i.DMA2D_Init)
    i.DMA2D_StartTransfer                    0x080004e0   Section        0  stm32f4xx_dma2d.o(i.DMA2D_StartTransfer)
    i.DebugMon_Handler                       0x080004f0   Section        0  stm32f4xx_it.o(i.DebugMon_Handler)
    i.Debug_USART_Config                     0x080004f4   Section        0  bsp_debug_usart.o(i.Debug_USART_Config)
    i.DisplayFrameData                       0x080005b0   Section        0  main.o(i.DisplayFrameData)
    DisplayFrameData                         0x080005b1   Thumb Code   148  main.o(i.DisplayFrameData)
    i.EXTI0_IRQHandler                       0x08000668   Section        0  stm32f4xx_it.o(i.EXTI0_IRQHandler)
    i.EXTI15_10_IRQHandler                   0x0800066a   Section        0  stm32f4xx_it.o(i.EXTI15_10_IRQHandler)
    i.FMC_GetFlagStatus                      0x0800066c   Section        0  stm32f4xx_fmc.o(i.FMC_GetFlagStatus)
    i.FMC_SDRAMCmdConfig                     0x080006a2   Section        0  stm32f4xx_fmc.o(i.FMC_SDRAMCmdConfig)
    i.FMC_SDRAMInit                          0x080006c4   Section        0  stm32f4xx_fmc.o(i.FMC_SDRAMInit)
    i.FMC_SetRefreshCount                    0x080007e4   Section        0  stm32f4xx_fmc.o(i.FMC_SetRefreshCount)
    i.FrameTimeoutCallback                   0x080007f8   Section        0  main.o(i.FrameTimeoutCallback)
    FrameTimeoutCallback                     0x080007f9   Thumb Code    32  main.o(i.FrameTimeoutCallback)
    i.GPIO_Init                              0x0800081c   Section        0  stm32f4xx_gpio.o(i.GPIO_Init)
    i.GPIO_PinAFConfig                       0x08000894   Section        0  stm32f4xx_gpio.o(i.GPIO_PinAFConfig)
    i.GPIO_SetBits                           0x080008b4   Section        0  stm32f4xx_gpio.o(i.GPIO_SetBits)
    i.HardFault_Handler                      0x080008b8   Section        0  stm32f4xx_it.o(i.HardFault_Handler)
    i.LCD_Clear                              0x080008bc   Section        0  bsp_lcd.o(i.LCD_Clear)
    i.LCD_ClearLine                          0x08000914   Section        0  bsp_lcd.o(i.LCD_ClearLine)
    i.LCD_DisplayChar                        0x0800094c   Section        0  bsp_lcd.o(i.LCD_DisplayChar)
    i.LCD_DisplayStringLine                  0x0800096c   Section        0  bsp_lcd.o(i.LCD_DisplayStringLine)
    i.LCD_DrawChar                           0x080009b0   Section        0  bsp_lcd.o(i.LCD_DrawChar)
    i.LCD_GPIO_Config                        0x08000a40   Section        0  bsp_lcd.o(i.LCD_GPIO_Config)
    LCD_GPIO_Config                          0x08000a41   Thumb Code   726  bsp_lcd.o(i.LCD_GPIO_Config)
    i.LCD_GetFont                            0x08000d3c   Section        0  bsp_lcd.o(i.LCD_GetFont)
    i.LCD_Init                               0x08000d48   Section        0  bsp_lcd.o(i.LCD_Init)
    i.LCD_LayerInit                          0x08000dcc   Section        0  bsp_lcd.o(i.LCD_LayerInit)
    i.LCD_SetColors                          0x08000e6c   Section        0  bsp_lcd.o(i.LCD_SetColors)
    i.LCD_SetFont                            0x08000e78   Section        0  bsp_lcd.o(i.LCD_SetFont)
    i.LCD_SetLayer                           0x08000e84   Section        0  bsp_lcd.o(i.LCD_SetLayer)
    i.LCD_SetTransparency                    0x08000ea4   Section        0  bsp_lcd.o(i.LCD_SetTransparency)
    i.LED_GPIO_Config                        0x08000ed0   Section        0  bsp_led.o(i.LED_GPIO_Config)
    i.LTDC_Cmd                               0x08000f2c   Section        0  stm32f4xx_ltdc.o(i.LTDC_Cmd)
    i.LTDC_Init                              0x08000f48   Section        0  stm32f4xx_ltdc.o(i.LTDC_Init)
    i.LTDC_LayerAlpha                        0x08000ff0   Section        0  stm32f4xx_ltdc.o(i.LTDC_LayerAlpha)
    i.LTDC_LayerCmd                          0x08000ff4   Section        0  stm32f4xx_ltdc.o(i.LTDC_LayerCmd)
    i.LTDC_LayerInit                         0x08001008   Section        0  stm32f4xx_ltdc.o(i.LTDC_LayerInit)
    i.LTDC_ReloadConfig                      0x080010a0   Section        0  stm32f4xx_ltdc.o(i.LTDC_ReloadConfig)
    i.MemManage_Handler                      0x080010ac   Section        0  stm32f4xx_it.o(i.MemManage_Handler)
    i.NMI_Handler                            0x080010ae   Section        0  stm32f4xx_it.o(i.NMI_Handler)
    i.NVIC_Init                              0x080010b0   Section        0  misc.o(i.NVIC_Init)
    i.NVIC_PriorityGroupConfig               0x08001114   Section        0  misc.o(i.NVIC_PriorityGroupConfig)
    i.Protocol_Analysis_Task                 0x08001128   Section        0  main.o(i.Protocol_Analysis_Task)
    Protocol_Analysis_Task                   0x08001129   Thumb Code   114  main.o(i.Protocol_Analysis_Task)
    i.RCC_AHB1PeriphClockCmd                 0x080011a4   Section        0  stm32f4xx_rcc.o(i.RCC_AHB1PeriphClockCmd)
    i.RCC_AHB1PeriphResetCmd                 0x080011bc   Section        0  stm32f4xx_rcc.o(i.RCC_AHB1PeriphResetCmd)
    i.RCC_AHB3PeriphClockCmd                 0x080011d4   Section        0  stm32f4xx_rcc.o(i.RCC_AHB3PeriphClockCmd)
    i.RCC_APB2PeriphClockCmd                 0x080011ec   Section        0  stm32f4xx_rcc.o(i.RCC_APB2PeriphClockCmd)
    i.RCC_GetClocksFreq                      0x08001204   Section        0  stm32f4xx_rcc.o(i.RCC_GetClocksFreq)
    i.RCC_GetFlagStatus                      0x08001298   Section        0  stm32f4xx_rcc.o(i.RCC_GetFlagStatus)
    i.RCC_LTDCCLKDivConfig                   0x080012cc   Section        0  stm32f4xx_rcc.o(i.RCC_LTDCCLKDivConfig)
    i.RCC_PLLSAICmd                          0x080012e0   Section        0  stm32f4xx_rcc.o(i.RCC_PLLSAICmd)
    i.RCC_PLLSAIConfig                       0x080012ec   Section        0  stm32f4xx_rcc.o(i.RCC_PLLSAIConfig)
    i.Response_Task                          0x08001300   Section        0  main.o(i.Response_Task)
    Response_Task                            0x08001301   Thumb Code    72  main.o(i.Response_Task)
    i.SDRAM_GPIO_Config                      0x08001358   Section        0  bsp_sdram.o(i.SDRAM_GPIO_Config)
    SDRAM_GPIO_Config                        0x08001359   Thumb Code   880  bsp_sdram.o(i.SDRAM_GPIO_Config)
    i.SDRAM_Init                             0x080016e0   Section        0  bsp_sdram.o(i.SDRAM_Init)
    i.SDRAM_InitSequence                     0x0800173c   Section        0  bsp_sdram.o(i.SDRAM_InitSequence)
    SDRAM_InitSequence                       0x0800173d   Thumb Code   176  bsp_sdram.o(i.SDRAM_InitSequence)
    i.SetSysClock                            0x080017f0   Section        0  system_stm32f4xx.o(i.SetSysClock)
    SetSysClock                              0x080017f1   Thumb Code   190  system_stm32f4xx.o(i.SetSysClock)
    i.SysTick_Handler                        0x080018c0   Section        0  stm32f4xx_it.o(i.SysTick_Handler)
    i.SystemInit                             0x080018d4   Section        0  system_stm32f4xx.o(i.SystemInit)
    i.USART1_IRQHandler                      0x08001930   Section        0  stm32f4xx_it.o(i.USART1_IRQHandler)
    i.USART_Cmd                              0x080019a0   Section        0  stm32f4xx_usart.o(i.USART_Cmd)
    i.USART_GetFlagStatus                    0x080019b4   Section        0  stm32f4xx_usart.o(i.USART_GetFlagStatus)
    i.USART_GetITStatus                      0x080019c2   Section        0  stm32f4xx_usart.o(i.USART_GetITStatus)
    i.USART_ITConfig                         0x08001a00   Section        0  stm32f4xx_usart.o(i.USART_ITConfig)
    i.USART_Init                             0x08001a30   Section        0  stm32f4xx_usart.o(i.USART_Init)
    i.USART_ReceiveData                      0x08001adc   Section        0  stm32f4xx_usart.o(i.USART_ReceiveData)
    i.USART_SendData                         0x08001ae4   Section        0  stm32f4xx_usart.o(i.USART_SendData)
    i.UsageFault_Handler                     0x08001aec   Section        0  stm32f4xx_it.o(i.UsageFault_Handler)
    i.Usart_SendByte                         0x08001aee   Section        0  bsp_debug_usart.o(i.Usart_SendByte)
    i.__0printf$8                            0x08001b04   Section        0  printf8.o(i.__0printf$8)
    i.__0snprintf$8                          0x08001b24   Section        0  printf8.o(i.__0snprintf$8)
    i.__scatterload_copy                     0x08001b58   Section       14  handlers.o(i.__scatterload_copy)
    i.__scatterload_null                     0x08001b66   Section        2  handlers.o(i.__scatterload_null)
    i.__scatterload_zeroinit                 0x08001b68   Section       14  handlers.o(i.__scatterload_zeroinit)
    i._printf_core                           0x08001b78   Section        0  printf8.o(i._printf_core)
    _printf_core                             0x08001b79   Thumb Code   984  printf8.o(i._printf_core)
    i._printf_post_padding                   0x08001f7c   Section        0  printf8.o(i._printf_post_padding)
    _printf_post_padding                     0x08001f7d   Thumb Code    36  printf8.o(i._printf_post_padding)
    i._printf_pre_padding                    0x08001fa0   Section        0  printf8.o(i._printf_pre_padding)
    _printf_pre_padding                      0x08001fa1   Thumb Code    46  printf8.o(i._printf_pre_padding)
    i._snputc                                0x08001fce   Section        0  printf8.o(i._snputc)
    _snputc                                  0x08001fcf   Thumb Code    22  printf8.o(i._snputc)
    i.fputc                                  0x08001fe4   Section        0  bsp_debug_usart.o(i.fputc)
    i.main                                   0x08002008   Section        0  main.o(i.main)
    i.prvAddCurrentTaskToDelayedList         0x080020f0   Section        0  tasks.o(i.prvAddCurrentTaskToDelayedList)
    prvAddCurrentTaskToDelayedList           0x080020f1   Thumb Code   102  tasks.o(i.prvAddCurrentTaskToDelayedList)
    i.prvAddNewTaskToReadyList               0x08002160   Section        0  tasks.o(i.prvAddNewTaskToReadyList)
    prvAddNewTaskToReadyList                 0x08002161   Thumb Code   190  tasks.o(i.prvAddNewTaskToReadyList)
    i.prvCheckForValidListAndQueue           0x08002230   Section        0  timers.o(i.prvCheckForValidListAndQueue)
    prvCheckForValidListAndQueue             0x08002231   Thumb Code    62  timers.o(i.prvCheckForValidListAndQueue)
    i.prvCheckTasksWaitingTermination        0x08002280   Section        0  tasks.o(i.prvCheckTasksWaitingTermination)
    prvCheckTasksWaitingTermination          0x08002281   Thumb Code    74  tasks.o(i.prvCheckTasksWaitingTermination)
    i.prvCopyDataFromQueue                   0x080022d4   Section        0  queue.o(i.prvCopyDataFromQueue)
    prvCopyDataFromQueue                     0x080022d5   Thumb Code    38  queue.o(i.prvCopyDataFromQueue)
    i.prvCopyDataToQueue                     0x080022fa   Section        0  queue.o(i.prvCopyDataToQueue)
    prvCopyDataToQueue                       0x080022fb   Thumb Code    90  queue.o(i.prvCopyDataToQueue)
    i.prvDeleteTCB                           0x08002354   Section        0  tasks.o(i.prvDeleteTCB)
    prvDeleteTCB                             0x08002355   Thumb Code    20  tasks.o(i.prvDeleteTCB)
    i.prvHeapInit                            0x08002368   Section        0  heap_4.o(i.prvHeapInit)
    prvHeapInit                              0x08002369   Thumb Code    66  heap_4.o(i.prvHeapInit)
    i.prvIdleTask                            0x080023b4   Section        0  tasks.o(i.prvIdleTask)
    prvIdleTask                              0x080023b5   Thumb Code    30  tasks.o(i.prvIdleTask)
    i.prvInitialiseNewTask                   0x080023dc   Section        0  tasks.o(i.prvInitialiseNewTask)
    prvInitialiseNewTask                     0x080023dd   Thumb Code   138  tasks.o(i.prvInitialiseNewTask)
    i.prvInsertBlockIntoFreeList             0x08002494   Section        0  heap_4.o(i.prvInsertBlockIntoFreeList)
    prvInsertBlockIntoFreeList               0x08002495   Thumb Code    72  heap_4.o(i.prvInsertBlockIntoFreeList)
    i.prvInsertTimerInActiveList             0x080024e0   Section        0  timers.o(i.prvInsertTimerInActiveList)
    prvInsertTimerInActiveList               0x080024e1   Thumb Code    52  timers.o(i.prvInsertTimerInActiveList)
    i.prvIsQueueEmpty                        0x08002518   Section        0  queue.o(i.prvIsQueueEmpty)
    prvIsQueueEmpty                          0x08002519   Thumb Code    26  queue.o(i.prvIsQueueEmpty)
    i.prvProcessExpiredTimer                 0x08002534   Section        0  timers.o(i.prvProcessExpiredTimer)
    prvProcessExpiredTimer                   0x08002535   Thumb Code    86  timers.o(i.prvProcessExpiredTimer)
    i.prvProcessReceivedCommands             0x08002594   Section        0  timers.o(i.prvProcessReceivedCommands)
    prvProcessReceivedCommands               0x08002595   Thumb Code   196  timers.o(i.prvProcessReceivedCommands)
    i.prvProcessTimerOrBlockTask             0x08002688   Section        0  timers.o(i.prvProcessTimerOrBlockTask)
    prvProcessTimerOrBlockTask               0x08002689   Thumb Code    98  timers.o(i.prvProcessTimerOrBlockTask)
    i.prvResetNextTaskUnblockTime            0x080026f4   Section        0  tasks.o(i.prvResetNextTaskUnblockTime)
    prvResetNextTaskUnblockTime              0x080026f5   Thumb Code    26  tasks.o(i.prvResetNextTaskUnblockTime)
    i.prvSampleTimeNow                       0x08002714   Section        0  timers.o(i.prvSampleTimeNow)
    prvSampleTimeNow                         0x08002715   Thumb Code    36  timers.o(i.prvSampleTimeNow)
    i.prvSwitchTimerLists                    0x0800273c   Section        0  timers.o(i.prvSwitchTimerLists)
    prvSwitchTimerLists                      0x0800273d   Thumb Code   100  timers.o(i.prvSwitchTimerLists)
    i.prvTaskExitError                       0x080027a8   Section        0  port.o(i.prvTaskExitError)
    prvTaskExitError                         0x080027a9   Thumb Code    36  port.o(i.prvTaskExitError)
    i.prvTestWaitCondition                   0x0800280c   Section        0  event_groups.o(i.prvTestWaitCondition)
    prvTestWaitCondition                     0x0800280d   Thumb Code    20  event_groups.o(i.prvTestWaitCondition)
    i.prvTimerTask                           0x08002820   Section        0  timers.o(i.prvTimerTask)
    prvTimerTask                             0x08002821   Thumb Code    34  timers.o(i.prvTimerTask)
    i.prvUnlockQueue                         0x08002848   Section        0  queue.o(i.prvUnlockQueue)
    prvUnlockQueue                           0x08002849   Thumb Code   106  queue.o(i.prvUnlockQueue)
    i.pvPortMalloc                           0x080028b4   Section        0  heap_4.o(i.pvPortMalloc)
    i.pxPortInitialiseStack                  0x080029c8   Section        0  port.o(i.pxPortInitialiseStack)
    i.uxListRemove                           0x080029f4   Section        0  list.o(i.uxListRemove)
    i.uxTaskResetEventItemValue              0x08002a18   Section        0  tasks.o(i.uxTaskResetEventItemValue)
    i.vListInitialise                        0x08002a30   Section        0  list.o(i.vListInitialise)
    i.vListInitialiseItem                    0x08002a46   Section        0  list.o(i.vListInitialiseItem)
    i.vListInsert                            0x08002a4c   Section        0  list.o(i.vListInsert)
    i.vListInsertEnd                         0x08002a7c   Section        0  list.o(i.vListInsertEnd)
    i.vPortEnterCritical                     0x08002a94   Section        0  port.o(i.vPortEnterCritical)
    i.vPortExitCritical                      0x08002b0c   Section        0  port.o(i.vPortExitCritical)
    i.vPortFree                              0x08002b70   Section        0  heap_4.o(i.vPortFree)
    i.vPortSetupTimerInterrupt               0x08002c0c   Section        0  port.o(i.vPortSetupTimerInterrupt)
    i.vPortValidateInterruptPriority         0x08002c2c   Section        0  port.o(i.vPortValidateInterruptPriority)
    i.vQueueAddToRegistry                    0x08002cb8   Section        0  queue.o(i.vQueueAddToRegistry)
    i.vQueueWaitForMessageRestricted         0x08002cdc   Section        0  queue.o(i.vQueueWaitForMessageRestricted)
    i.vTaskDelete                            0x08002d20   Section        0  tasks.o(i.vTaskDelete)
    i.vTaskMissedYield                       0x08002df4   Section        0  tasks.o(i.vTaskMissedYield)
    i.vTaskPlaceOnEventList                  0x08002e00   Section        0  tasks.o(i.vTaskPlaceOnEventList)
    i.vTaskPlaceOnEventListRestricted        0x08002e5c   Section        0  tasks.o(i.vTaskPlaceOnEventListRestricted)
    i.vTaskPlaceOnUnorderedEventList         0x08002ec0   Section        0  tasks.o(i.vTaskPlaceOnUnorderedEventList)
    i.vTaskSetTimeOutState                   0x08002f38   Section        0  tasks.o(i.vTaskSetTimeOutState)
    i.vTaskStartScheduler                    0x08002f88   Section        0  tasks.o(i.vTaskStartScheduler)
    i.vTaskSuspendAll                        0x08003024   Section        0  tasks.o(i.vTaskSuspendAll)
    i.vTaskSwitchContext                     0x08003034   Section        0  tasks.o(i.vTaskSwitchContext)
    i.xEventGroupCreate                      0x080030b8   Section        0  event_groups.o(i.xEventGroupCreate)
    i.xEventGroupSetBits                     0x080030d4   Section        0  event_groups.o(i.xEventGroupSetBits)
    i.xEventGroupWaitBits                    0x0800318c   Section        0  event_groups.o(i.xEventGroupWaitBits)
    i.xPortStartScheduler                    0x080032b4   Section        0  port.o(i.xPortStartScheduler)
    i.xPortSysTickHandler                    0x080033c8   Section        0  port.o(i.xPortSysTickHandler)
    i.xQueueGenericCreate                    0x080033f4   Section        0  queue.o(i.xQueueGenericCreate)
    i.xQueueGenericReceive                   0x08003464   Section        0  queue.o(i.xQueueGenericReceive)
    i.xQueueGenericReset                     0x080035d4   Section        0  queue.o(i.xQueueGenericReset)
    i.xQueueGenericSend                      0x08003684   Section        0  queue.o(i.xQueueGenericSend)
    i.xQueueGenericSendFromISR               0x08003800   Section        0  queue.o(i.xQueueGenericSendFromISR)
    i.xTaskCheckForTimeOut                   0x080038dc   Section        0  tasks.o(i.xTaskCheckForTimeOut)
    i.xTaskCreate                            0x0800396c   Section        0  tasks.o(i.xTaskCreate)
    i.xTaskGetSchedulerState                 0x080039c4   Section        0  tasks.o(i.xTaskGetSchedulerState)
    i.xTaskGetTickCount                      0x080039e0   Section        0  tasks.o(i.xTaskGetTickCount)
    i.xTaskGetTickCountFromISR               0x080039ec   Section        0  tasks.o(i.xTaskGetTickCountFromISR)
    i.xTaskIncrementTick                     0x080039fc   Section        0  tasks.o(i.xTaskIncrementTick)
    i.xTaskRemoveFromEventList               0x08003aec   Section        0  tasks.o(i.xTaskRemoveFromEventList)
    i.xTaskRemoveFromUnorderedEventList      0x08003b8c   Section        0  tasks.o(i.xTaskRemoveFromUnorderedEventList)
    i.xTaskResumeAll                         0x08003c2c   Section        0  tasks.o(i.xTaskResumeAll)
    i.xTimerCreate                           0x08003d18   Section        0  timers.o(i.xTimerCreate)
    i.xTimerCreateTimerTask                  0x08003d90   Section        0  timers.o(i.xTimerCreateTimerTask)
    i.xTimerGenericCommand                   0x08003e08   Section        0  timers.o(i.xTimerGenericCommand)
    .constdata                               0x08003e9c   Section     4560  fonts.o(.constdata)
    .data                                    0x20000000   Section       20  system_stm32f4xx.o(.data)
    .data                                    0x20000014   Section       16  stm32f4xx_rcc.o(.data)
    APBAHBPrescTable                         0x20000014   Data          16  stm32f4xx_rcc.o(.data)
    .data                                    0x20000024   Section       28  main.o(.data)
    g_disp_line                              0x20000024   Data           1  main.o(.data)
    g_frame_len                              0x20000026   Data           2  main.o(.data)
    AppTaskCreate_Handle                     0x2000002c   Data           4  main.o(.data)
    xResponseTask_Handle                     0x20000034   Data           4  main.o(.data)
    xCommEventGroup                          0x2000003c   Data           4  main.o(.data)
    .data                                    0x20000040   Section       20  bsp_lcd.o(.data)
    CurrentTextColor                         0x20000040   Data           4  bsp_lcd.o(.data)
    CurrentBackColor                         0x20000044   Data           4  bsp_lcd.o(.data)
    CurrentFrameBuffer                       0x20000048   Data           4  bsp_lcd.o(.data)
    CurrentLayer                             0x2000004c   Data           4  bsp_lcd.o(.data)
    LCD_Currentfonts                         0x20000050   Data           4  bsp_lcd.o(.data)
    .data                                    0x20000054   Section        8  fonts.o(.data)
    .data                                    0x2000005c   Section       60  tasks.o(.data)
    uxDeletedTasksWaitingCleanUp             0x20000060   Data           4  tasks.o(.data)
    uxCurrentNumberOfTasks                   0x20000064   Data           4  tasks.o(.data)
    xTickCount                               0x20000068   Data           4  tasks.o(.data)
    uxTopReadyPriority                       0x2000006c   Data           4  tasks.o(.data)
    xSchedulerRunning                        0x20000070   Data           4  tasks.o(.data)
    uxPendedTicks                            0x20000074   Data           4  tasks.o(.data)
    xYieldPending                            0x20000078   Data           4  tasks.o(.data)
    xNumOfOverflows                          0x2000007c   Data           4  tasks.o(.data)
    uxTaskNumber                             0x20000080   Data           4  tasks.o(.data)
    xNextTaskUnblockTime                     0x20000084   Data           4  tasks.o(.data)
    xIdleTaskHandle                          0x20000088   Data           4  tasks.o(.data)
    uxSchedulerSuspended                     0x2000008c   Data           4  tasks.o(.data)
    pxDelayedTaskList                        0x20000090   Data           4  tasks.o(.data)
    pxOverflowDelayedTaskList                0x20000094   Data           4  tasks.o(.data)
    .data                                    0x20000098   Section       20  timers.o(.data)
    xTimerQueue                              0x20000098   Data           4  timers.o(.data)
    xTimerTaskHandle                         0x2000009c   Data           4  timers.o(.data)
    xLastTime                                0x200000a0   Data           4  timers.o(.data)
    pxCurrentTimerList                       0x200000a4   Data           4  timers.o(.data)
    pxOverflowTimerList                      0x200000a8   Data           4  timers.o(.data)
    .data                                    0x200000ac   Section       24  heap_4.o(.data)
    pxEnd                                    0x200000ac   Data           4  heap_4.o(.data)
    xFreeBytesRemaining                      0x200000b0   Data           4  heap_4.o(.data)
    xMinimumEverFreeBytesRemaining           0x200000b4   Data           4  heap_4.o(.data)
    xBlockAllocatedBit                       0x200000b8   Data           4  heap_4.o(.data)
    xStart                                   0x200000bc   Data           8  heap_4.o(.data)
    .data                                    0x200000c4   Section       12  port.o(.data)
    ucMaxSysCallPriority                     0x200000c4   Data           1  port.o(.data)
    uxCriticalNesting                        0x200000c8   Data           4  port.o(.data)
    ulMaxPRIGROUPValue                       0x200000cc   Data           4  port.o(.data)
    .data                                    0x200000d0   Section        4  stdout.o(.data)
    .bss                                     0x200000d4   Section      512  main.o(.bss)
    g_frame_buf                              0x200000d4   Data         512  main.o(.bss)
    .bss                                     0x200002d4   Section       80  queue.o(.bss)
    .bss                                     0x20000324   Section      740  tasks.o(.bss)
    pxReadyTasksLists                        0x20000324   Data         640  tasks.o(.bss)
    xDelayedTaskList1                        0x200005a4   Data          20  tasks.o(.bss)
    xDelayedTaskList2                        0x200005b8   Data          20  tasks.o(.bss)
    xPendingReadyList                        0x200005cc   Data          20  tasks.o(.bss)
    xTasksWaitingTermination                 0x200005e0   Data          20  tasks.o(.bss)
    xSuspendedTaskList                       0x200005f4   Data          20  tasks.o(.bss)
    .bss                                     0x20000608   Section       40  timers.o(.bss)
    xActiveTimerList1                        0x20000608   Data          20  timers.o(.bss)
    xActiveTimerList2                        0x2000061c   Data          20  timers.o(.bss)
    .bss                                     0x20000630   Section    36864  heap_4.o(.bss)
    ucHeap                                   0x20000630   Data       36864  heap_4.o(.bss)
    STACK                                    0x20009630   Section     1024  startup_stm32f429_439xx.o(STACK)

    Global Symbols

    Symbol Name                              Value     Ov Type        Size  Object(Section)

    BuildAttributes$$THM_ISAv4$E$P$D$K$B$S$7EM$VFPi3$EXTD16$VFPS$VFMA$PE$A:L22UL41UL21$X:L11$S22US41US21$IEEE1$IW$USESV6$~STKCKD$USESV7$~SHL$OSPACE$ROPI$EBA8$MICROLIB$REQ8$PRES8$EABIv2 0x00000000   Number         0  anon$$obj.o ABSOLUTE
    __ARM_use_no_argv                        0x00000000   Number         0  main.o ABSOLUTE
    _printf_a                                0x00000000   Number         0  stubs.o ABSOLUTE
    _printf_c                                0x00000000   Number         0  stubs.o ABSOLUTE
    _printf_charcount                        0x00000000   Number         0  stubs.o ABSOLUTE
    _printf_d                                0x00000000   Number         0  stubs.o ABSOLUTE
    _printf_e                                0x00000000   Number         0  stubs.o ABSOLUTE
    _printf_f                                0x00000000   Number         0  stubs.o ABSOLUTE
    _printf_flags                            0x00000000   Number         0  stubs.o ABSOLUTE
    _printf_fp_dec                           0x00000000   Number         0  stubs.o ABSOLUTE
    _printf_fp_hex                           0x00000000   Number         0  stubs.o ABSOLUTE
    _printf_g                                0x00000000   Number         0  stubs.o ABSOLUTE
    _printf_i                                0x00000000   Number         0  stubs.o ABSOLUTE
    _printf_int_dec                          0x00000000   Number         0  stubs.o ABSOLUTE
    _printf_l                                0x00000000   Number         0  stubs.o ABSOLUTE
    _printf_lc                               0x00000000   Number         0  stubs.o ABSOLUTE
    _printf_ll                               0x00000000   Number         0  stubs.o ABSOLUTE
    _printf_lld                              0x00000000   Number         0  stubs.o ABSOLUTE
    _printf_lli                              0x00000000   Number         0  stubs.o ABSOLUTE
    _printf_llo                              0x00000000   Number         0  stubs.o ABSOLUTE
    _printf_llu                              0x00000000   Number         0  stubs.o ABSOLUTE
    _printf_llx                              0x00000000   Number         0  stubs.o ABSOLUTE
    _printf_longlong_dec                     0x00000000   Number         0  stubs.o ABSOLUTE
    _printf_longlong_hex                     0x00000000   Number         0  stubs.o ABSOLUTE
    _printf_longlong_oct                     0x00000000   Number         0  stubs.o ABSOLUTE
    _printf_ls                               0x00000000   Number         0  stubs.o ABSOLUTE
    _printf_mbtowc                           0x00000000   Number         0  stubs.o ABSOLUTE
    _printf_n                                0x00000000   Number         0  stubs.o ABSOLUTE
    _printf_o                                0x00000000   Number         0  stubs.o ABSOLUTE
    _printf_p                                0x00000000   Number         0  stubs.o ABSOLUTE
    _printf_percent                          0x00000000   Number         0  stubs.o ABSOLUTE
    _printf_pre_padding                      0x00000000   Number         0  stubs.o ABSOLUTE
    _printf_return_value                     0x00000000   Number         0  stubs.o ABSOLUTE
    _printf_s                                0x00000000   Number         0  stubs.o ABSOLUTE
    _printf_sizespec                         0x00000000   Number         0  stubs.o ABSOLUTE
    _printf_str                              0x00000000   Number         0  stubs.o ABSOLUTE
    _printf_truncate_signed                  0x00000000   Number         0  stubs.o ABSOLUTE
    _printf_truncate_unsigned                0x00000000   Number         0  stubs.o ABSOLUTE
    _printf_u                                0x00000000   Number         0  stubs.o ABSOLUTE
    _printf_wc                               0x00000000   Number         0  stubs.o ABSOLUTE
    _printf_wctomb                           0x00000000   Number         0  stubs.o ABSOLUTE
    _printf_widthprec                        0x00000000   Number         0  stubs.o ABSOLUTE
    _printf_x                                0x00000000   Number         0  stubs.o ABSOLUTE
    __arm_fini_                               - Undefined Weak Reference
    __cpp_initialize__aeabi_                  - Undefined Weak Reference
    __cxa_finalize                            - Undefined Weak Reference
    __decompress                              - Undefined Weak Reference
    _clock_init                               - Undefined Weak Reference
    _microlib_exit                            - Undefined Weak Reference
    __Vectors_Size                           0x000001ac   Number         0  startup_stm32f429_439xx.o ABSOLUTE
    __Vectors                                0x08000000   Data           4  startup_stm32f429_439xx.o(RESET)
    __Vectors_End                            0x080001ac   Data           0  startup_stm32f429_439xx.o(RESET)
    __main                                   0x080001ad   Thumb Code     0  entry.o(.ARM.Collect$$$$00000000)
    _main_stk                                0x080001ad   Thumb Code     0  entry2.o(.ARM.Collect$$$$00000001)
    _main_scatterload                        0x080001b1   Thumb Code     0  entry5.o(.ARM.Collect$$$$00000004)
    __main_after_scatterload                 0x080001b5   Thumb Code     0  entry5.o(.ARM.Collect$$$$00000004)
    _main_clock                              0x080001b5   Thumb Code     0  entry7b.o(.ARM.Collect$$$$00000008)
    _main_cpp_init                           0x080001b5   Thumb Code     0  entry8b.o(.ARM.Collect$$$$0000000A)
    _main_init                               0x080001b5   Thumb Code     0  entry9a.o(.ARM.Collect$$$$0000000B)
    __rt_lib_shutdown_fini                   0x080001bd   Thumb Code     0  entry12b.o(.ARM.Collect$$$$0000000E)
    __rt_final_cpp                           0x080001c1   Thumb Code     0  entry10a.o(.ARM.Collect$$$$0000000F)
    __rt_final_exit                          0x080001c1   Thumb Code     0  entry11a.o(.ARM.Collect$$$$00000011)
    SVC_Handler                              0x080001c5   Thumb Code    28  port.o(.emb_text)
    __asm___6_port_c_39a90d8d__prvStartFirstTask 0x080001e5   Thumb Code    28  port.o(.emb_text)
    __asm___6_port_c_39a90d8d__prvEnableVFP  0x08000205   Thumb Code    16  port.o(.emb_text)
    PendSV_Handler                           0x08000219   Thumb Code    88  port.o(.emb_text)
    vPortGetIPSR                             0x08000275   Thumb Code     6  port.o(.emb_text)
    Reset_Handler                            0x0800027d   Thumb Code     8  startup_stm32f429_439xx.o(.text)
    ADC_IRQHandler                           0x08000297   Thumb Code     0  startup_stm32f429_439xx.o(.text)
    CAN1_RX0_IRQHandler                      0x08000297   Thumb Code     0  startup_stm32f429_439xx.o(.text)
    CAN1_RX1_IRQHandler                      0x08000297   Thumb Code     0  startup_stm32f429_439xx.o(.text)
    CAN1_SCE_IRQHandler                      0x08000297   Thumb Code     0  startup_stm32f429_439xx.o(.text)
    CAN1_TX_IRQHandler                       0x08000297   Thumb Code     0  startup_stm32f429_439xx.o(.text)
    CAN2_RX0_IRQHandler                      0x08000297   Thumb Code     0  startup_stm32f429_439xx.o(.text)
    CAN2_RX1_IRQHandler                      0x08000297   Thumb Code     0  startup_stm32f429_439xx.o(.text)
    CAN2_SCE_IRQHandler                      0x08000297   Thumb Code     0  startup_stm32f429_439xx.o(.text)
    CAN2_TX_IRQHandler                       0x08000297   Thumb Code     0  startup_stm32f429_439xx.o(.text)
    CRYP_IRQHandler                          0x08000297   Thumb Code     0  startup_stm32f429_439xx.o(.text)
    DCMI_IRQHandler                          0x08000297   Thumb Code     0  startup_stm32f429_439xx.o(.text)
    DMA1_Stream0_IRQHandler                  0x08000297   Thumb Code     0  startup_stm32f429_439xx.o(.text)
    DMA1_Stream1_IRQHandler                  0x08000297   Thumb Code     0  startup_stm32f429_439xx.o(.text)
    DMA1_Stream2_IRQHandler                  0x08000297   Thumb Code     0  startup_stm32f429_439xx.o(.text)
    DMA1_Stream3_IRQHandler                  0x08000297   Thumb Code     0  startup_stm32f429_439xx.o(.text)
    DMA1_Stream4_IRQHandler                  0x08000297   Thumb Code     0  startup_stm32f429_439xx.o(.text)
    DMA1_Stream5_IRQHandler                  0x08000297   Thumb Code     0  startup_stm32f429_439xx.o(.text)
    DMA1_Stream6_IRQHandler                  0x08000297   Thumb Code     0  startup_stm32f429_439xx.o(.text)
    DMA1_Stream7_IRQHandler                  0x08000297   Thumb Code     0  startup_stm32f429_439xx.o(.text)
    DMA2D_IRQHandler                         0x08000297   Thumb Code     0  startup_stm32f429_439xx.o(.text)
    DMA2_Stream0_IRQHandler                  0x08000297   Thumb Code     0  startup_stm32f429_439xx.o(.text)
    DMA2_Stream1_IRQHandler                  0x08000297   Thumb Code     0  startup_stm32f429_439xx.o(.text)
    DMA2_Stream2_IRQHandler                  0x08000297   Thumb Code     0  startup_stm32f429_439xx.o(.text)
    DMA2_Stream3_IRQHandler                  0x08000297   Thumb Code     0  startup_stm32f429_439xx.o(.text)
    DMA2_Stream4_IRQHandler                  0x08000297   Thumb Code     0  startup_stm32f429_439xx.o(.text)
    DMA2_Stream5_IRQHandler                  0x08000297   Thumb Code     0  startup_stm32f429_439xx.o(.text)
    DMA2_Stream6_IRQHandler                  0x08000297   Thumb Code     0  startup_stm32f429_439xx.o(.text)
    DMA2_Stream7_IRQHandler                  0x08000297   Thumb Code     0  startup_stm32f429_439xx.o(.text)
    ETH_IRQHandler                           0x08000297   Thumb Code     0  startup_stm32f429_439xx.o(.text)
    ETH_WKUP_IRQHandler                      0x08000297   Thumb Code     0  startup_stm32f429_439xx.o(.text)
    EXTI1_IRQHandler                         0x08000297   Thumb Code     0  startup_stm32f429_439xx.o(.text)
    EXTI2_IRQHandler                         0x08000297   Thumb Code     0  startup_stm32f429_439xx.o(.text)
    EXTI3_IRQHandler                         0x08000297   Thumb Code     0  startup_stm32f429_439xx.o(.text)
    EXTI4_IRQHandler                         0x08000297   Thumb Code     0  startup_stm32f429_439xx.o(.text)
    EXTI9_5_IRQHandler                       0x08000297   Thumb Code     0  startup_stm32f429_439xx.o(.text)
    FLASH_IRQHandler                         0x08000297   Thumb Code     0  startup_stm32f429_439xx.o(.text)
    FMC_IRQHandler                           0x08000297   Thumb Code     0  startup_stm32f429_439xx.o(.text)
    FPU_IRQHandler                           0x08000297   Thumb Code     0  startup_stm32f429_439xx.o(.text)
    HASH_RNG_IRQHandler                      0x08000297   Thumb Code     0  startup_stm32f429_439xx.o(.text)
    I2C1_ER_IRQHandler                       0x08000297   Thumb Code     0  startup_stm32f429_439xx.o(.text)
    I2C1_EV_IRQHandler                       0x08000297   Thumb Code     0  startup_stm32f429_439xx.o(.text)
    I2C2_ER_IRQHandler                       0x08000297   Thumb Code     0  startup_stm32f429_439xx.o(.text)
    I2C2_EV_IRQHandler                       0x08000297   Thumb Code     0  startup_stm32f429_439xx.o(.text)
    I2C3_ER_IRQHandler                       0x08000297   Thumb Code     0  startup_stm32f429_439xx.o(.text)
    I2C3_EV_IRQHandler                       0x08000297   Thumb Code     0  startup_stm32f429_439xx.o(.text)
    LTDC_ER_IRQHandler                       0x08000297   Thumb Code     0  startup_stm32f429_439xx.o(.text)
    LTDC_IRQHandler                          0x08000297   Thumb Code     0  startup_stm32f429_439xx.o(.text)
    OTG_FS_IRQHandler                        0x08000297   Thumb Code     0  startup_stm32f429_439xx.o(.text)
    OTG_FS_WKUP_IRQHandler                   0x08000297   Thumb Code     0  startup_stm32f429_439xx.o(.text)
    OTG_HS_EP1_IN_IRQHandler                 0x08000297   Thumb Code     0  startup_stm32f429_439xx.o(.text)
    OTG_HS_EP1_OUT_IRQHandler                0x08000297   Thumb Code     0  startup_stm32f429_439xx.o(.text)
    OTG_HS_IRQHandler                        0x08000297   Thumb Code     0  startup_stm32f429_439xx.o(.text)
    OTG_HS_WKUP_IRQHandler                   0x08000297   Thumb Code     0  startup_stm32f429_439xx.o(.text)
    PVD_IRQHandler                           0x08000297   Thumb Code     0  startup_stm32f429_439xx.o(.text)
    RCC_IRQHandler                           0x08000297   Thumb Code     0  startup_stm32f429_439xx.o(.text)
    RTC_Alarm_IRQHandler                     0x08000297   Thumb Code     0  startup_stm32f429_439xx.o(.text)
    RTC_WKUP_IRQHandler                      0x08000297   Thumb Code     0  startup_stm32f429_439xx.o(.text)
    SAI1_IRQHandler                          0x08000297   Thumb Code     0  startup_stm32f429_439xx.o(.text)
    SDIO_IRQHandler                          0x08000297   Thumb Code     0  startup_stm32f429_439xx.o(.text)
    SPI1_IRQHandler                          0x08000297   Thumb Code     0  startup_stm32f429_439xx.o(.text)
    SPI2_IRQHandler                          0x08000297   Thumb Code     0  startup_stm32f429_439xx.o(.text)
    SPI3_IRQHandler                          0x08000297   Thumb Code     0  startup_stm32f429_439xx.o(.text)
    SPI4_IRQHandler                          0x08000297   Thumb Code     0  startup_stm32f429_439xx.o(.text)
    SPI5_IRQHandler                          0x08000297   Thumb Code     0  startup_stm32f429_439xx.o(.text)
    SPI6_IRQHandler                          0x08000297   Thumb Code     0  startup_stm32f429_439xx.o(.text)
    TAMP_STAMP_IRQHandler                    0x08000297   Thumb Code     0  startup_stm32f429_439xx.o(.text)
    TIM1_BRK_TIM9_IRQHandler                 0x08000297   Thumb Code     0  startup_stm32f429_439xx.o(.text)
    TIM1_CC_IRQHandler                       0x08000297   Thumb Code     0  startup_stm32f429_439xx.o(.text)
    TIM1_TRG_COM_TIM11_IRQHandler            0x08000297   Thumb Code     0  startup_stm32f429_439xx.o(.text)
    TIM1_UP_TIM10_IRQHandler                 0x08000297   Thumb Code     0  startup_stm32f429_439xx.o(.text)
    TIM2_IRQHandler                          0x08000297   Thumb Code     0  startup_stm32f429_439xx.o(.text)
    TIM3_IRQHandler                          0x08000297   Thumb Code     0  startup_stm32f429_439xx.o(.text)
    TIM4_IRQHandler                          0x08000297   Thumb Code     0  startup_stm32f429_439xx.o(.text)
    TIM5_IRQHandler                          0x08000297   Thumb Code     0  startup_stm32f429_439xx.o(.text)
    TIM6_DAC_IRQHandler                      0x08000297   Thumb Code     0  startup_stm32f429_439xx.o(.text)
    TIM7_IRQHandler                          0x08000297   Thumb Code     0  startup_stm32f429_439xx.o(.text)
    TIM8_BRK_TIM12_IRQHandler                0x08000297   Thumb Code     0  startup_stm32f429_439xx.o(.text)
    TIM8_CC_IRQHandler                       0x08000297   Thumb Code     0  startup_stm32f429_439xx.o(.text)
    TIM8_TRG_COM_TIM14_IRQHandler            0x08000297   Thumb Code     0  startup_stm32f429_439xx.o(.text)
    TIM8_UP_TIM13_IRQHandler                 0x08000297   Thumb Code     0  startup_stm32f429_439xx.o(.text)
    UART4_IRQHandler                         0x08000297   Thumb Code     0  startup_stm32f429_439xx.o(.text)
    UART5_IRQHandler                         0x08000297   Thumb Code     0  startup_stm32f429_439xx.o(.text)
    UART7_IRQHandler                         0x08000297   Thumb Code     0  startup_stm32f429_439xx.o(.text)
    UART8_IRQHandler                         0x08000297   Thumb Code     0  startup_stm32f429_439xx.o(.text)
    USART2_IRQHandler                        0x08000297   Thumb Code     0  startup_stm32f429_439xx.o(.text)
    USART3_IRQHandler                        0x08000297   Thumb Code     0  startup_stm32f429_439xx.o(.text)
    USART6_IRQHandler                        0x08000297   Thumb Code     0  startup_stm32f429_439xx.o(.text)
    WWDG_IRQHandler                          0x08000297   Thumb Code     0  startup_stm32f429_439xx.o(.text)
    __aeabi_memcpy                           0x080002a1   Thumb Code    36  memcpya.o(.text)
    __aeabi_memcpy4                          0x080002a1   Thumb Code     0  memcpya.o(.text)
    __aeabi_memcpy8                          0x080002a1   Thumb Code     0  memcpya.o(.text)
    __aeabi_uldivmod                         0x080002c5   Thumb Code    98  uldiv.o(.text)
    __scatterload                            0x08000329   Thumb Code    28  init.o(.text)
    __scatterload_rt2                        0x08000329   Thumb Code     0  init.o(.text)
    __aeabi_llsl                             0x0800034d   Thumb Code    30  llshl.o(.text)
    _ll_shift_l                              0x0800034d   Thumb Code     0  llshl.o(.text)
    __aeabi_llsr                             0x0800036b   Thumb Code    32  llushr.o(.text)
    _ll_ushift_r                             0x0800036b   Thumb Code     0  llushr.o(.text)
    BusFault_Handler                         0x080003fd   Thumb Code     2  stm32f4xx_it.o(i.BusFault_Handler)
    DMA2D_DeInit                             0x080003ff   Thumb Code    24  stm32f4xx_dma2d.o(i.DMA2D_DeInit)
    DMA2D_GetFlagStatus                      0x08000419   Thumb Code    16  stm32f4xx_dma2d.o(i.DMA2D_GetFlagStatus)
    DMA2D_Init                               0x0800042d   Thumb Code   170  stm32f4xx_dma2d.o(i.DMA2D_Init)
    DMA2D_StartTransfer                      0x080004e1   Thumb Code    12  stm32f4xx_dma2d.o(i.DMA2D_StartTransfer)
    DebugMon_Handler                         0x080004f1   Thumb Code     2  stm32f4xx_it.o(i.DebugMon_Handler)
    Debug_USART_Config                       0x080004f5   Thumb Code   180  bsp_debug_usart.o(i.Debug_USART_Config)
    EXTI0_IRQHandler                         0x08000669   Thumb Code     2  stm32f4xx_it.o(i.EXTI0_IRQHandler)
    EXTI15_10_IRQHandler                     0x0800066b   Thumb Code     2  stm32f4xx_it.o(i.EXTI15_10_IRQHandler)
    FMC_GetFlagStatus                        0x0800066d   Thumb Code    54  stm32f4xx_fmc.o(i.FMC_GetFlagStatus)
    FMC_SDRAMCmdConfig                       0x080006a3   Thumb Code    34  stm32f4xx_fmc.o(i.FMC_SDRAMCmdConfig)
    FMC_SDRAMInit                            0x080006c5   Thumb Code   282  stm32f4xx_fmc.o(i.FMC_SDRAMInit)
    FMC_SetRefreshCount                      0x080007e5   Thumb Code    18  stm32f4xx_fmc.o(i.FMC_SetRefreshCount)
    GPIO_Init                                0x0800081d   Thumb Code   120  stm32f4xx_gpio.o(i.GPIO_Init)
    GPIO_PinAFConfig                         0x08000895   Thumb Code    32  stm32f4xx_gpio.o(i.GPIO_PinAFConfig)
    GPIO_SetBits                             0x080008b5   Thumb Code     4  stm32f4xx_gpio.o(i.GPIO_SetBits)
    HardFault_Handler                        0x080008b9   Thumb Code     2  stm32f4xx_it.o(i.HardFault_Handler)
    LCD_Clear                                0x080008bd   Thumb Code    84  bsp_lcd.o(i.LCD_Clear)
    LCD_ClearLine                            0x08000915   Thumb Code    50  bsp_lcd.o(i.LCD_ClearLine)
    LCD_DisplayChar                          0x0800094d   Thumb Code    26  bsp_lcd.o(i.LCD_DisplayChar)
    LCD_DisplayStringLine                    0x0800096d   Thumb Code    62  bsp_lcd.o(i.LCD_DisplayStringLine)
    LCD_DrawChar                             0x080009b1   Thumb Code   138  bsp_lcd.o(i.LCD_DrawChar)
    LCD_GetFont                              0x08000d3d   Thumb Code     6  bsp_lcd.o(i.LCD_GetFont)
    LCD_Init                                 0x08000d49   Thumb Code   132  bsp_lcd.o(i.LCD_Init)
    LCD_LayerInit                            0x08000dcd   Thumb Code   144  bsp_lcd.o(i.LCD_LayerInit)
    LCD_SetColors                            0x08000e6d   Thumb Code     8  bsp_lcd.o(i.LCD_SetColors)
    LCD_SetFont                              0x08000e79   Thumb Code     6  bsp_lcd.o(i.LCD_SetFont)
    LCD_SetLayer                             0x08000e85   Thumb Code    24  bsp_lcd.o(i.LCD_SetLayer)
    LCD_SetTransparency                      0x08000ea5   Thumb Code    34  bsp_lcd.o(i.LCD_SetTransparency)
    LED_GPIO_Config                          0x08000ed1   Thumb Code    86  bsp_led.o(i.LED_GPIO_Config)
    LTDC_Cmd                                 0x08000f2d   Thumb Code    22  stm32f4xx_ltdc.o(i.LTDC_Cmd)
    LTDC_Init                                0x08000f49   Thumb Code   156  stm32f4xx_ltdc.o(i.LTDC_Init)
    LTDC_LayerAlpha                          0x08000ff1   Thumb Code     4  stm32f4xx_ltdc.o(i.LTDC_LayerAlpha)
    LTDC_LayerCmd                            0x08000ff5   Thumb Code    20  stm32f4xx_ltdc.o(i.LTDC_LayerCmd)
    LTDC_LayerInit                           0x08001009   Thumb Code   150  stm32f4xx_ltdc.o(i.LTDC_LayerInit)
    LTDC_ReloadConfig                        0x080010a1   Thumb Code     6  stm32f4xx_ltdc.o(i.LTDC_ReloadConfig)
    MemManage_Handler                        0x080010ad   Thumb Code     2  stm32f4xx_it.o(i.MemManage_Handler)
    NMI_Handler                              0x080010af   Thumb Code     2  stm32f4xx_it.o(i.NMI_Handler)
    NVIC_Init                                0x080010b1   Thumb Code    96  misc.o(i.NVIC_Init)
    NVIC_PriorityGroupConfig                 0x08001115   Thumb Code    10  misc.o(i.NVIC_PriorityGroupConfig)
    RCC_AHB1PeriphClockCmd                   0x080011a5   Thumb Code    18  stm32f4xx_rcc.o(i.RCC_AHB1PeriphClockCmd)
    RCC_AHB1PeriphResetCmd                   0x080011bd   Thumb Code    18  stm32f4xx_rcc.o(i.RCC_AHB1PeriphResetCmd)
    RCC_AHB3PeriphClockCmd                   0x080011d5   Thumb Code    18  stm32f4xx_rcc.o(i.RCC_AHB3PeriphClockCmd)
    RCC_APB2PeriphClockCmd                   0x080011ed   Thumb Code    18  stm32f4xx_rcc.o(i.RCC_APB2PeriphClockCmd)
    RCC_GetClocksFreq                        0x08001205   Thumb Code   132  stm32f4xx_rcc.o(i.RCC_GetClocksFreq)
    RCC_GetFlagStatus                        0x08001299   Thumb Code    46  stm32f4xx_rcc.o(i.RCC_GetFlagStatus)
    RCC_LTDCCLKDivConfig                     0x080012cd   Thumb Code    14  stm32f4xx_rcc.o(i.RCC_LTDCCLKDivConfig)
    RCC_PLLSAICmd                            0x080012e1   Thumb Code     6  stm32f4xx_rcc.o(i.RCC_PLLSAICmd)
    RCC_PLLSAIConfig                         0x080012ed   Thumb Code    16  stm32f4xx_rcc.o(i.RCC_PLLSAIConfig)
    SDRAM_Init                               0x080016e1   Thumb Code    92  bsp_sdram.o(i.SDRAM_Init)
    SysTick_Handler                          0x080018c1   Thumb Code    20  stm32f4xx_it.o(i.SysTick_Handler)
    SystemInit                               0x080018d5   Thumb Code    74  system_stm32f4xx.o(i.SystemInit)
    USART1_IRQHandler                        0x08001931   Thumb Code    96  stm32f4xx_it.o(i.USART1_IRQHandler)
    USART_Cmd                                0x080019a1   Thumb Code    20  stm32f4xx_usart.o(i.USART_Cmd)
    USART_GetFlagStatus                      0x080019b5   Thumb Code    14  stm32f4xx_usart.o(i.USART_GetFlagStatus)
    USART_GetITStatus                        0x080019c3   Thumb Code    62  stm32f4xx_usart.o(i.USART_GetITStatus)
    USART_ITConfig                           0x08001a01   Thumb Code    48  stm32f4xx_usart.o(i.USART_ITConfig)
    USART_Init                               0x08001a31   Thumb Code   164  stm32f4xx_usart.o(i.USART_Init)
    USART_ReceiveData                        0x08001add   Thumb Code     8  stm32f4xx_usart.o(i.USART_ReceiveData)
    USART_SendData                           0x08001ae5   Thumb Code     8  stm32f4xx_usart.o(i.USART_SendData)
    UsageFault_Handler                       0x08001aed   Thumb Code     2  stm32f4xx_it.o(i.UsageFault_Handler)
    Usart_SendByte                           0x08001aef   Thumb Code    22  bsp_debug_usart.o(i.Usart_SendByte)
    __0printf$8                              0x08001b05   Thumb Code    22  printf8.o(i.__0printf$8)
    __1printf$8                              0x08001b05   Thumb Code     0  printf8.o(i.__0printf$8)
    __2printf                                0x08001b05   Thumb Code     0  printf8.o(i.__0printf$8)
    __0snprintf$8                            0x08001b25   Thumb Code    48  printf8.o(i.__0snprintf$8)
    __1snprintf$8                            0x08001b25   Thumb Code     0  printf8.o(i.__0snprintf$8)
    __2snprintf                              0x08001b25   Thumb Code     0  printf8.o(i.__0snprintf$8)
    __scatterload_copy                       0x08001b59   Thumb Code    14  handlers.o(i.__scatterload_copy)
    __scatterload_null                       0x08001b67   Thumb Code     2  handlers.o(i.__scatterload_null)
    __scatterload_zeroinit                   0x08001b69   Thumb Code    14  handlers.o(i.__scatterload_zeroinit)
    fputc                                    0x08001fe5   Thumb Code    30  bsp_debug_usart.o(i.fputc)
    main                                     0x08002009   Thumb Code   184  main.o(i.main)
    pvPortMalloc                             0x080028b5   Thumb Code   214  heap_4.o(i.pvPortMalloc)
    pxPortInitialiseStack                    0x080029c9   Thumb Code    40  port.o(i.pxPortInitialiseStack)
    uxListRemove                             0x080029f5   Thumb Code    36  list.o(i.uxListRemove)
    uxTaskResetEventItemValue                0x08002a19   Thumb Code    20  tasks.o(i.uxTaskResetEventItemValue)
    vListInitialise                          0x08002a31   Thumb Code    22  list.o(i.vListInitialise)
    vListInitialiseItem                      0x08002a47   Thumb Code     6  list.o(i.vListInitialiseItem)
    vListInsert                              0x08002a4d   Thumb Code    48  list.o(i.vListInsert)
    vListInsertEnd                           0x08002a7d   Thumb Code    24  list.o(i.vListInsertEnd)
    vPortEnterCritical                       0x08002a95   Thumb Code    50  port.o(i.vPortEnterCritical)
    vPortExitCritical                        0x08002b0d   Thumb Code    34  port.o(i.vPortExitCritical)
    vPortFree                                0x08002b71   Thumb Code    94  heap_4.o(i.vPortFree)
    vPortSetupTimerInterrupt                 0x08002c0d   Thumb Code    26  port.o(i.vPortSetupTimerInterrupt)
    vPortValidateInterruptPriority           0x08002c2d   Thumb Code    70  port.o(i.vPortValidateInterruptPriority)
    vQueueAddToRegistry                      0x08002cb9   Thumb Code    32  queue.o(i.vQueueAddToRegistry)
    vQueueWaitForMessageRestricted           0x08002cdd   Thumb Code    68  queue.o(i.vQueueWaitForMessageRestricted)
    vTaskDelete                              0x08002d21   Thumb Code   152  tasks.o(i.vTaskDelete)
    vTaskMissedYield                         0x08002df5   Thumb Code     8  tasks.o(i.vTaskMissedYield)
    vTaskPlaceOnEventList                    0x08002e01   Thumb Code    44  tasks.o(i.vTaskPlaceOnEventList)
    vTaskPlaceOnEventListRestricted          0x08002e5d   Thumb Code    52  tasks.o(i.vTaskPlaceOnEventListRestricted)
    vTaskPlaceOnUnorderedEventList           0x08002ec1   Thumb Code    72  tasks.o(i.vTaskPlaceOnUnorderedEventList)
    vTaskSetTimeOutState                     0x08002f39   Thumb Code    30  tasks.o(i.vTaskSetTimeOutState)
    vTaskStartScheduler                      0x08002f89   Thumb Code    96  tasks.o(i.vTaskStartScheduler)
    vTaskSuspendAll                          0x08003025   Thumb Code    10  tasks.o(i.vTaskSuspendAll)
    vTaskSwitchContext                       0x08003035   Thumb Code    80  tasks.o(i.vTaskSwitchContext)
    xEventGroupCreate                        0x080030b9   Thumb Code    26  event_groups.o(i.xEventGroupCreate)
    xEventGroupSetBits                       0x080030d5   Thumb Code   132  event_groups.o(i.xEventGroupSetBits)
    xEventGroupWaitBits                      0x0800318d   Thumb Code   240  event_groups.o(i.xEventGroupWaitBits)
    xPortStartScheduler                      0x080032b5   Thumb Code   196  port.o(i.xPortStartScheduler)
    xPortSysTickHandler                      0x080033c9   Thumb Code    38  port.o(i.xPortSysTickHandler)
    xQueueGenericCreate                      0x080033f5   Thumb Code    68  queue.o(i.xQueueGenericCreate)
    xQueueGenericReceive                     0x08003465   Thumb Code   320  queue.o(i.xQueueGenericReceive)
    xQueueGenericReset                       0x080035d5   Thumb Code   128  queue.o(i.xQueueGenericReset)
    xQueueGenericSend                        0x08003685   Thumb Code   332  queue.o(i.xQueueGenericSend)
    xQueueGenericSendFromISR                 0x08003801   Thumb Code   174  queue.o(i.xQueueGenericSendFromISR)
    xTaskCheckForTimeOut                     0x080038dd   Thumb Code    94  tasks.o(i.xTaskCheckForTimeOut)
    xTaskCreate                              0x0800396d   Thumb Code    86  tasks.o(i.xTaskCreate)
    xTaskGetSchedulerState                   0x080039c5   Thumb Code    22  tasks.o(i.xTaskGetSchedulerState)
    xTaskGetTickCount                        0x080039e1   Thumb Code     6  tasks.o(i.xTaskGetTickCount)
    xTaskGetTickCountFromISR                 0x080039ed   Thumb Code    12  tasks.o(i.xTaskGetTickCountFromISR)
    xTaskIncrementTick                       0x080039fd   Thumb Code   188  tasks.o(i.xTaskIncrementTick)
    xTaskRemoveFromEventList                 0x08003aed   Thumb Code   102  tasks.o(i.xTaskRemoveFromEventList)
    xTaskRemoveFromUnorderedEventList        0x08003b8d   Thumb Code   108  tasks.o(i.xTaskRemoveFromUnorderedEventList)
    xTaskResumeAll                           0x08003c2d   Thumb Code   180  tasks.o(i.xTaskResumeAll)
    xTimerCreate                             0x08003d19   Thumb Code    74  timers.o(i.xTimerCreate)
    xTimerCreateTimerTask                    0x08003d91   Thumb Code    58  timers.o(i.xTimerCreateTimerTask)
    xTimerGenericCommand                     0x08003e09   Thumb Code    98  timers.o(i.xTimerGenericCommand)
    ASCII16x24_Table                         0x08003e9c   Data        4560  fonts.o(.constdata)
    Region$$Table$$Base                      0x0800506c   Number         0  anon$$obj.o(Region$$Table)
    Region$$Table$$Limit                     0x0800508c   Number         0  anon$$obj.o(Region$$Table)
    SystemCoreClock                          0x20000000   Data           4  system_stm32f4xx.o(.data)
    AHBPrescTable                            0x20000004   Data          16  system_stm32f4xx.o(.data)
    xUartRxQueue                             0x20000028   Data           4  main.o(.data)
    xProtocolTask_Handle                     0x20000030   Data           4  main.o(.data)
    xFrameTimeoutTimer                       0x20000038   Data           4  main.o(.data)
    Font16x24                                0x20000054   Data           8  fonts.o(.data)
    pxCurrentTCB                             0x2000005c   Data           4  tasks.o(.data)
    __stdout                                 0x200000d0   Data           4  stdout.o(.data)
    xQueueRegistry                           0x200002d4   Data          80  queue.o(.bss)
    __initial_sp                             0x20009a30   Data           0  startup_stm32f429_439xx.o(STACK)



==============================================================================

Memory Map of the image

  Image Entry point : 0x080001ad

  Load Region LR_IROM1 (Base: 0x08000000, Size: 0x00005160, Max: 0x00100000, ABSOLUTE)

    Execution Region ER_IROM1 (Exec base: 0x08000000, Load base: 0x08000000, Size: 0x0000508c, Max: 0x00100000, ABSOLUTE)

    Exec Addr    Load Addr    Size         Type   Attr      Idx    E Section Name        Object

    0x08000000   0x08000000   0x000001ac   Data   RO            3    RESET               startup_stm32f429_439xx.o
    0x080001ac   0x080001ac   0x00000000   Code   RO         6934  * .ARM.Collect$$$$00000000  mc_w.l(entry.o)
    0x080001ac   0x080001ac   0x00000004   Code   RO         7202    .ARM.Collect$$$$00000001  mc_w.l(entry2.o)
    0x080001b0   0x080001b0   0x00000004   Code   RO         7205    .ARM.Collect$$$$00000004  mc_w.l(entry5.o)
    0x080001b4   0x080001b4   0x00000000   Code   RO         7207    .ARM.Collect$$$$00000008  mc_w.l(entry7b.o)
    0x080001b4   0x080001b4   0x00000000   Code   RO         7209    .ARM.Collect$$$$0000000A  mc_w.l(entry8b.o)
    0x080001b4   0x080001b4   0x00000008   Code   RO         7210    .ARM.Collect$$$$0000000B  mc_w.l(entry9a.o)
    0x080001bc   0x080001bc   0x00000004   Code   RO         7217    .ARM.Collect$$$$0000000E  mc_w.l(entry12b.o)
    0x080001c0   0x080001c0   0x00000000   Code   RO         7212    .ARM.Collect$$$$0000000F  mc_w.l(entry10a.o)
    0x080001c0   0x080001c0   0x00000000   Code   RO         7214    .ARM.Collect$$$$00000011  mc_w.l(entry11a.o)
    0x080001c0   0x080001c0   0x00000004   Code   RO         7203    .ARM.Collect$$$$00002712  mc_w.l(entry2.o)
    0x080001c4   0x080001c4   0x000000b6   Code   RO         6848    .emb_text           port.o
    0x0800027a   0x0800027a   0x00000002   PAD
    0x0800027c   0x0800027c   0x00000024   Code   RO            4    .text               startup_stm32f429_439xx.o
    0x080002a0   0x080002a0   0x00000024   Code   RO         6937    .text               mc_w.l(memcpya.o)
    0x080002c4   0x080002c4   0x00000062   Code   RO         7221    .text               mc_w.l(uldiv.o)
    0x08000326   0x08000326   0x00000002   PAD
    0x08000328   0x08000328   0x00000024   Code   RO         7234    .text               mc_w.l(init.o)
    0x0800034c   0x0800034c   0x0000001e   Code   RO         7236    .text               mc_w.l(llshl.o)
    0x0800036a   0x0800036a   0x00000020   Code   RO         7238    .text               mc_w.l(llushr.o)
    0x0800038a   0x0800038a   0x00000002   PAD
    0x0800038c   0x0800038c   0x00000070   Code   RO         5146    i.AppTaskCreate     main.o
    0x080003fc   0x080003fc   0x00000002   Code   RO         5265    i.BusFault_Handler  stm32f4xx_it.o
    0x080003fe   0x080003fe   0x00000018   Code   RO         1358    i.DMA2D_DeInit      stm32f4xx_dma2d.o
    0x08000416   0x08000416   0x00000002   PAD
    0x08000418   0x08000418   0x00000014   Code   RO         1363    i.DMA2D_GetFlagStatus  stm32f4xx_dma2d.o
    0x0800042c   0x0800042c   0x000000b4   Code   RO         1366    i.DMA2D_Init        stm32f4xx_dma2d.o
    0x080004e0   0x080004e0   0x00000010   Code   RO         1368    i.DMA2D_StartTransfer  stm32f4xx_dma2d.o
    0x080004f0   0x080004f0   0x00000002   Code   RO         5266    i.DebugMon_Handler  stm32f4xx_it.o
    0x080004f2   0x080004f2   0x00000002   PAD
    0x080004f4   0x080004f4   0x000000bc   Code   RO         5420    i.Debug_USART_Config  bsp_debug_usart.o
    0x080005b0   0x080005b0   0x000000b8   Code   RO         5147    i.DisplayFrameData  main.o
    0x08000668   0x08000668   0x00000002   Code   RO         5267    i.EXTI0_IRQHandler  stm32f4xx_it.o
    0x0800066a   0x0800066a   0x00000002   Code   RO         5268    i.EXTI15_10_IRQHandler  stm32f4xx_it.o
    0x0800066c   0x0800066c   0x00000036   Code   RO         1844    i.FMC_GetFlagStatus  stm32f4xx_fmc.o
    0x080006a2   0x080006a2   0x00000022   Code   RO         1861    i.FMC_SDRAMCmdConfig  stm32f4xx_fmc.o
    0x080006c4   0x080006c4   0x00000120   Code   RO         1863    i.FMC_SDRAMInit     stm32f4xx_fmc.o
    0x080007e4   0x080007e4   0x00000012   Code   RO         1867    i.FMC_SetRefreshCount  stm32f4xx_fmc.o
    0x080007f6   0x080007f6   0x00000002   PAD
    0x080007f8   0x080007f8   0x00000024   Code   RO         5148    i.FrameTimeoutCallback  main.o
    0x0800081c   0x0800081c   0x00000078   Code   RO         2046    i.GPIO_Init         stm32f4xx_gpio.o
    0x08000894   0x08000894   0x00000020   Code   RO         2047    i.GPIO_PinAFConfig  stm32f4xx_gpio.o
    0x080008b4   0x080008b4   0x00000004   Code   RO         2054    i.GPIO_SetBits      stm32f4xx_gpio.o
    0x080008b8   0x080008b8   0x00000002   Code   RO         5269    i.HardFault_Handler  stm32f4xx_it.o
    0x080008ba   0x080008ba   0x00000002   PAD
    0x080008bc   0x080008bc   0x00000058   Code   RO         5696    i.LCD_Clear         bsp_lcd.o
    0x08000914   0x08000914   0x00000038   Code   RO         5697    i.LCD_ClearLine     bsp_lcd.o
    0x0800094c   0x0800094c   0x00000020   Code   RO         5701    i.LCD_DisplayChar   bsp_lcd.o
    0x0800096c   0x0800096c   0x00000044   Code   RO         5702    i.LCD_DisplayStringLine  bsp_lcd.o
    0x080009b0   0x080009b0   0x00000090   Code   RO         5703    i.LCD_DrawChar      bsp_lcd.o
    0x08000a40   0x08000a40   0x000002fc   Code   RO         5715    i.LCD_GPIO_Config   bsp_lcd.o
    0x08000d3c   0x08000d3c   0x0000000c   Code   RO         5717    i.LCD_GetFont       bsp_lcd.o
    0x08000d48   0x08000d48   0x00000084   Code   RO         5718    i.LCD_Init          bsp_lcd.o
    0x08000dcc   0x08000dcc   0x000000a0   Code   RO         5719    i.LCD_LayerInit     bsp_lcd.o
    0x08000e6c   0x08000e6c   0x0000000c   Code   RO         5726    i.LCD_SetColors     bsp_lcd.o
    0x08000e78   0x08000e78   0x0000000c   Code   RO         5729    i.LCD_SetFont       bsp_lcd.o
    0x08000e84   0x08000e84   0x00000020   Code   RO         5730    i.LCD_SetLayer      bsp_lcd.o
    0x08000ea4   0x08000ea4   0x0000002c   Code   RO         5732    i.LCD_SetTransparency  bsp_lcd.o
    0x08000ed0   0x08000ed0   0x0000005c   Code   RO         5357    i.LED_GPIO_Config   bsp_led.o
    0x08000f2c   0x08000f2c   0x0000001c   Code   RO         2620    i.LTDC_Cmd          stm32f4xx_ltdc.o
    0x08000f48   0x08000f48   0x000000a8   Code   RO         2631    i.LTDC_Init         stm32f4xx_ltdc.o
    0x08000ff0   0x08000ff0   0x00000004   Code   RO         2634    i.LTDC_LayerAlpha   stm32f4xx_ltdc.o
    0x08000ff4   0x08000ff4   0x00000014   Code   RO         2635    i.LTDC_LayerCmd     stm32f4xx_ltdc.o
    0x08001008   0x08001008   0x00000096   Code   RO         2636    i.LTDC_LayerInit    stm32f4xx_ltdc.o
    0x0800109e   0x0800109e   0x00000002   PAD
    0x080010a0   0x080010a0   0x0000000c   Code   RO         2643    i.LTDC_ReloadConfig  stm32f4xx_ltdc.o
    0x080010ac   0x080010ac   0x00000002   Code   RO         5270    i.MemManage_Handler  stm32f4xx_it.o
    0x080010ae   0x080010ae   0x00000002   Code   RO         5271    i.NMI_Handler       stm32f4xx_it.o
    0x080010b0   0x080010b0   0x00000064   Code   RO          164    i.NVIC_Init         misc.o
    0x08001114   0x08001114   0x00000014   Code   RO          165    i.NVIC_PriorityGroupConfig  misc.o
    0x08001128   0x08001128   0x0000007c   Code   RO         5149    i.Protocol_Analysis_Task  main.o
    0x080011a4   0x080011a4   0x00000018   Code   RO         2960    i.RCC_AHB1PeriphClockCmd  stm32f4xx_rcc.o
    0x080011bc   0x080011bc   0x00000018   Code   RO         2962    i.RCC_AHB1PeriphResetCmd  stm32f4xx_rcc.o
    0x080011d4   0x080011d4   0x00000018   Code   RO         2966    i.RCC_AHB3PeriphClockCmd  stm32f4xx_rcc.o
    0x080011ec   0x080011ec   0x00000018   Code   RO         2972    i.RCC_APB2PeriphClockCmd  stm32f4xx_rcc.o
    0x08001204   0x08001204   0x00000094   Code   RO         2981    i.RCC_GetClocksFreq  stm32f4xx_rcc.o
    0x08001298   0x08001298   0x00000034   Code   RO         2982    i.RCC_GetFlagStatus  stm32f4xx_rcc.o
    0x080012cc   0x080012cc   0x00000014   Code   RO         2993    i.RCC_LTDCCLKDivConfig  stm32f4xx_rcc.o
    0x080012e0   0x080012e0   0x0000000c   Code   RO         3002    i.RCC_PLLSAICmd     stm32f4xx_rcc.o
    0x080012ec   0x080012ec   0x00000014   Code   RO         3003    i.RCC_PLLSAIConfig  stm32f4xx_rcc.o
    0x08001300   0x08001300   0x00000058   Code   RO         5150    i.Response_Task     main.o
    0x08001358   0x08001358   0x00000388   Code   RO         5977    i.SDRAM_GPIO_Config  bsp_sdram.o
    0x080016e0   0x080016e0   0x0000005c   Code   RO         5978    i.SDRAM_Init        bsp_sdram.o
    0x0800173c   0x0800173c   0x000000b4   Code   RO         5979    i.SDRAM_InitSequence  bsp_sdram.o
    0x080017f0   0x080017f0   0x000000d0   Code   RO           13    i.SetSysClock       system_stm32f4xx.o
    0x080018c0   0x080018c0   0x00000014   Code   RO         5272    i.SysTick_Handler   stm32f4xx_it.o
    0x080018d4   0x080018d4   0x0000005c   Code   RO           15    i.SystemInit        system_stm32f4xx.o
    0x08001930   0x08001930   0x00000070   Code   RO         5273    i.USART1_IRQHandler  stm32f4xx_it.o
    0x080019a0   0x080019a0   0x00000014   Code   RO         4892    i.USART_Cmd         stm32f4xx_usart.o
    0x080019b4   0x080019b4   0x0000000e   Code   RO         4895    i.USART_GetFlagStatus  stm32f4xx_usart.o
    0x080019c2   0x080019c2   0x0000003e   Code   RO         4896    i.USART_GetITStatus  stm32f4xx_usart.o
    0x08001a00   0x08001a00   0x00000030   Code   RO         4898    i.USART_ITConfig    stm32f4xx_usart.o
    0x08001a30   0x08001a30   0x000000ac   Code   RO         4899    i.USART_Init        stm32f4xx_usart.o
    0x08001adc   0x08001adc   0x00000008   Code   RO         4906    i.USART_ReceiveData  stm32f4xx_usart.o
    0x08001ae4   0x08001ae4   0x00000008   Code   RO         4909    i.USART_SendData    stm32f4xx_usart.o
    0x08001aec   0x08001aec   0x00000002   Code   RO         5274    i.UsageFault_Handler  stm32f4xx_it.o
    0x08001aee   0x08001aee   0x00000016   Code   RO         5421    i.Usart_SendByte    bsp_debug_usart.o
    0x08001b04   0x08001b04   0x00000020   Code   RO         7148    i.__0printf$8       mc_w.l(printf8.o)
    0x08001b24   0x08001b24   0x00000034   Code   RO         7149    i.__0snprintf$8     mc_w.l(printf8.o)
    0x08001b58   0x08001b58   0x0000000e   Code   RO         7246    i.__scatterload_copy  mc_w.l(handlers.o)
    0x08001b66   0x08001b66   0x00000002   Code   RO         7247    i.__scatterload_null  mc_w.l(handlers.o)
    0x08001b68   0x08001b68   0x0000000e   Code   RO         7248    i.__scatterload_zeroinit  mc_w.l(handlers.o)
    0x08001b76   0x08001b76   0x00000002   PAD
    0x08001b78   0x08001b78   0x00000404   Code   RO         7155    i._printf_core      mc_w.l(printf8.o)
    0x08001f7c   0x08001f7c   0x00000024   Code   RO         7156    i._printf_post_padding  mc_w.l(printf8.o)
    0x08001fa0   0x08001fa0   0x0000002e   Code   RO         7157    i._printf_pre_padding  mc_w.l(printf8.o)
    0x08001fce   0x08001fce   0x00000016   Code   RO         7158    i._snputc           mc_w.l(printf8.o)
    0x08001fe4   0x08001fe4   0x00000024   Code   RO         5425    i.fputc             bsp_debug_usart.o
    0x08002008   0x08002008   0x000000e8   Code   RO         5151    i.main              main.o
    0x080020f0   0x080020f0   0x00000070   Code   RO         6357    i.prvAddCurrentTaskToDelayedList  tasks.o
    0x08002160   0x08002160   0x000000d0   Code   RO         6358    i.prvAddNewTaskToReadyList  tasks.o
    0x08002230   0x08002230   0x00000050   Code   RO         6655    i.prvCheckForValidListAndQueue  timers.o
    0x08002280   0x08002280   0x00000054   Code   RO         6359    i.prvCheckTasksWaitingTermination  tasks.o
    0x080022d4   0x080022d4   0x00000026   Code   RO         6204    i.prvCopyDataFromQueue  queue.o
    0x080022fa   0x080022fa   0x0000005a   Code   RO         6205    i.prvCopyDataToQueue  queue.o
    0x08002354   0x08002354   0x00000014   Code   RO         6360    i.prvDeleteTCB      tasks.o
    0x08002368   0x08002368   0x0000004c   Code   RO         6787    i.prvHeapInit       heap_4.o
    0x080023b4   0x080023b4   0x00000028   Code   RO         6361    i.prvIdleTask       tasks.o
    0x080023dc   0x080023dc   0x000000b8   Code   RO         6362    i.prvInitialiseNewTask  tasks.o
    0x08002494   0x08002494   0x0000004c   Code   RO         6788    i.prvInsertBlockIntoFreeList  heap_4.o
    0x080024e0   0x080024e0   0x00000038   Code   RO         6656    i.prvInsertTimerInActiveList  timers.o
    0x08002518   0x08002518   0x0000001a   Code   RO         6206    i.prvIsQueueEmpty   queue.o
    0x08002532   0x08002532   0x00000002   PAD
    0x08002534   0x08002534   0x00000060   Code   RO         6657    i.prvProcessExpiredTimer  timers.o
    0x08002594   0x08002594   0x000000f4   Code   RO         6658    i.prvProcessReceivedCommands  timers.o
    0x08002688   0x08002688   0x0000006c   Code   RO         6659    i.prvProcessTimerOrBlockTask  timers.o
    0x080026f4   0x080026f4   0x00000020   Code   RO         6363    i.prvResetNextTaskUnblockTime  tasks.o
    0x08002714   0x08002714   0x00000028   Code   RO         6660    i.prvSampleTimeNow  timers.o
    0x0800273c   0x0800273c   0x0000006c   Code   RO         6661    i.prvSwitchTimerLists  timers.o
    0x080027a8   0x080027a8   0x00000064   Code   RO         6849    i.prvTaskExitError  port.o
    0x0800280c   0x0800280c   0x00000014   Code   RO         6050    i.prvTestWaitCondition  event_groups.o
    0x08002820   0x08002820   0x00000028   Code   RO         6662    i.prvTimerTask      timers.o
    0x08002848   0x08002848   0x0000006a   Code   RO         6207    i.prvUnlockQueue    queue.o
    0x080028b2   0x080028b2   0x00000002   PAD
    0x080028b4   0x080028b4   0x00000114   Code   RO         6789    i.pvPortMalloc      heap_4.o
    0x080029c8   0x080029c8   0x0000002c   Code   RO         6850    i.pxPortInitialiseStack  port.o
    0x080029f4   0x080029f4   0x00000024   Code   RO         6155    i.uxListRemove      list.o
    0x08002a18   0x08002a18   0x00000018   Code   RO         6369    i.uxTaskResetEventItemValue  tasks.o
    0x08002a30   0x08002a30   0x00000016   Code   RO         6156    i.vListInitialise   list.o
    0x08002a46   0x08002a46   0x00000006   Code   RO         6157    i.vListInitialiseItem  list.o
    0x08002a4c   0x08002a4c   0x00000030   Code   RO         6158    i.vListInsert       list.o
    0x08002a7c   0x08002a7c   0x00000018   Code   RO         6159    i.vListInsertEnd    list.o
    0x08002a94   0x08002a94   0x00000078   Code   RO         6852    i.vPortEnterCritical  port.o
    0x08002b0c   0x08002b0c   0x00000064   Code   RO         6853    i.vPortExitCritical  port.o
    0x08002b70   0x08002b70   0x0000009c   Code   RO         6790    i.vPortFree         heap_4.o
    0x08002c0c   0x08002c0c   0x00000020   Code   RO         6854    i.vPortSetupTimerInterrupt  port.o
    0x08002c2c   0x08002c2c   0x0000008c   Code   RO         6855    i.vPortValidateInterruptPriority  port.o
    0x08002cb8   0x08002cb8   0x00000024   Code   RO         6211    i.vQueueAddToRegistry  queue.o
    0x08002cdc   0x08002cdc   0x00000044   Code   RO         6214    i.vQueueWaitForMessageRestricted  queue.o
    0x08002d20   0x08002d20   0x000000d4   Code   RO         6372    i.vTaskDelete       tasks.o
    0x08002df4   0x08002df4   0x0000000c   Code   RO         6374    i.vTaskMissedYield  tasks.o
    0x08002e00   0x08002e00   0x0000005c   Code   RO         6376    i.vTaskPlaceOnEventList  tasks.o
    0x08002e5c   0x08002e5c   0x00000064   Code   RO         6377    i.vTaskPlaceOnEventListRestricted  tasks.o
    0x08002ec0   0x08002ec0   0x00000078   Code   RO         6378    i.vTaskPlaceOnUnorderedEventList  tasks.o
    0x08002f38   0x08002f38   0x00000050   Code   RO         6381    i.vTaskSetTimeOutState  tasks.o
    0x08002f88   0x08002f88   0x0000009c   Code   RO         6382    i.vTaskStartScheduler  tasks.o
    0x08003024   0x08003024   0x00000010   Code   RO         6384    i.vTaskSuspendAll   tasks.o
    0x08003034   0x08003034   0x00000084   Code   RO         6385    i.vTaskSwitchContext  tasks.o
    0x080030b8   0x080030b8   0x0000001a   Code   RO         6055    i.xEventGroupCreate  event_groups.o
    0x080030d2   0x080030d2   0x00000002   PAD
    0x080030d4   0x080030d4   0x000000b8   Code   RO         6057    i.xEventGroupSetBits  event_groups.o
    0x0800318c   0x0800318c   0x00000128   Code   RO         6059    i.xEventGroupWaitBits  event_groups.o
    0x080032b4   0x080032b4   0x00000114   Code   RO         6856    i.xPortStartScheduler  port.o
    0x080033c8   0x080033c8   0x0000002c   Code   RO         6857    i.xPortSysTickHandler  port.o
    0x080033f4   0x080033f4   0x00000070   Code   RO         6215    i.xQueueGenericCreate  queue.o
    0x08003464   0x08003464   0x00000170   Code   RO         6216    i.xQueueGenericReceive  queue.o
    0x080035d4   0x080035d4   0x000000b0   Code   RO         6217    i.xQueueGenericReset  queue.o
    0x08003684   0x08003684   0x0000017c   Code   RO         6218    i.xQueueGenericSend  queue.o
    0x08003800   0x08003800   0x000000dc   Code   RO         6219    i.xQueueGenericSendFromISR  queue.o
    0x080038dc   0x080038dc   0x00000090   Code   RO         6386    i.xTaskCheckForTimeOut  tasks.o
    0x0800396c   0x0800396c   0x00000056   Code   RO         6387    i.xTaskCreate       tasks.o
    0x080039c2   0x080039c2   0x00000002   PAD
    0x080039c4   0x080039c4   0x0000001c   Code   RO         6390    i.xTaskGetSchedulerState  tasks.o
    0x080039e0   0x080039e0   0x0000000c   Code   RO         6391    i.xTaskGetTickCount  tasks.o
    0x080039ec   0x080039ec   0x00000010   Code   RO         6392    i.xTaskGetTickCountFromISR  tasks.o
    0x080039fc   0x080039fc   0x000000f0   Code   RO         6393    i.xTaskIncrementTick  tasks.o
    0x08003aec   0x08003aec   0x000000a0   Code   RO         6396    i.xTaskRemoveFromEventList  tasks.o
    0x08003b8c   0x08003b8c   0x000000a0   Code   RO         6397    i.xTaskRemoveFromUnorderedEventList  tasks.o
    0x08003c2c   0x08003c2c   0x000000ec   Code   RO         6398    i.xTaskResumeAll    tasks.o
    0x08003d18   0x08003d18   0x00000078   Code   RO         6665    i.xTimerCreate      timers.o
    0x08003d90   0x08003d90   0x00000078   Code   RO         6666    i.xTimerCreateTimerTask  timers.o
    0x08003e08   0x08003e08   0x00000094   Code   RO         6667    i.xTimerGenericCommand  timers.o
    0x08003e9c   0x08003e9c   0x000011d0   Data   RO         5955    .constdata          fonts.o
    0x0800506c   0x0800506c   0x00000020   Data   RO         7244    Region$$Table       anon$$obj.o


    Execution Region RW_IRAM1 (Exec base: 0x20000000, Load base: 0x0800508c, Size: 0x00009a30, Max: 0x00030000, ABSOLUTE)

    Exec Addr    Load Addr    Size         Type   Attr      Idx    E Section Name        Object

    0x20000000   0x0800508c   0x00000014   Data   RW           16    .data               system_stm32f4xx.o
    0x20000014   0x080050a0   0x00000010   Data   RW         3013    .data               stm32f4xx_rcc.o
    0x20000024   0x080050b0   0x0000001c   Data   RW         5153    .data               main.o
    0x20000040   0x080050cc   0x00000014   Data   RW         5737    .data               bsp_lcd.o
    0x20000054   0x080050e0   0x00000008   Data   RW         5959    .data               fonts.o
    0x2000005c   0x080050e8   0x0000003c   Data   RW         6401    .data               tasks.o
    0x20000098   0x08005124   0x00000014   Data   RW         6675    .data               timers.o
    0x200000ac   0x08005138   0x00000018   Data   RW         6795    .data               heap_4.o
    0x200000c4   0x08005150   0x0000000c   Data   RW         6858    .data               port.o
    0x200000d0   0x0800515c   0x00000004   Data   RW         7218    .data               mc_w.l(stdout.o)
    0x200000d4        -       0x00000200   Zero   RW         5152    .bss                main.o
    0x200002d4        -       0x00000050   Zero   RW         6225    .bss                queue.o
    0x20000324        -       0x000002e4   Zero   RW         6400    .bss                tasks.o
    0x20000608        -       0x00000028   Zero   RW         6674    .bss                timers.o
    0x20000630        -       0x00009000   Zero   RW         6794    .bss                heap_4.o
    0x20009630        -       0x00000400   Zero   RW            1    STACK               startup_stm32f429_439xx.o


==============================================================================

Image component sizes


      Code (inc. data)   RO Data    RW Data    ZI Data      Debug   Object Name

       246         14          0          0          0       2634   bsp_debug_usart.o
      1556        116          0         20          0       9888   bsp_lcd.o
        92          6          0          0          0        646   bsp_led.o
      1176         28          0          0          0       2845   bsp_sdram.o
       526        108          0          0          0      15211   event_groups.o
         0          0       4560          8          0       1900   fonts.o
       584        138          0         24      36864       4371   heap_4.o
       136          0          0          0          0       3538   list.o
       776        162          0         28        512      48420   main.o
       120         14          0          0          0       1915   misc.o
      1038        382          0         12          0      11321   port.o
      1620        238          0          0         80      12965   queue.o
        36          8        428          0       1024       1016   startup_stm32f429_439xx.o
       240         18          0          0          0       3520   stm32f4xx_dma2d.o
       394          6          0          0          0       4063   stm32f4xx_fmc.o
       156          0          0          0          0       2794   stm32f4xx_gpio.o
       148         16          0          0          0       6621   stm32f4xx_it.o
       382         24          0          0          0       4926   stm32f4xx_ltdc.o
       348         62          0         16          0       8958   stm32f4xx_rcc.o
       332          8          0          0          0       6593   stm32f4xx_usart.o
       300         36          0         20          0     303905   system_stm32f4xx.o
      2706        764          0         60        740      31337   tasks.o
      1160        276          0         20         40      10722   timers.o

    ----------------------------------------------------------------------
     14092       2424       5020        208      39260     500109   Object Totals
         0          0         32          0          0          0   (incl. Generated)
        20          0          0          0          0          0   (incl. Padding)

    ----------------------------------------------------------------------

      Code (inc. data)   RO Data    RW Data    ZI Data      Debug   Library Member Name

         0          0          0          0          0          0   entry.o
         0          0          0          0          0          0   entry10a.o
         0          0          0          0          0          0   entry11a.o
         4          0          0          0          0          0   entry12b.o
         8          4          0          0          0          0   entry2.o
         4          0          0          0          0          0   entry5.o
         0          0          0          0          0          0   entry7b.o
         0          0          0          0          0          0   entry8b.o
         8          4          0          0          0          0   entry9a.o
        30          0          0          0          0          0   handlers.o
        36          8          0          0          0         68   init.o
        30          0          0          0          0         68   llshl.o
        32          0          0          0          0         68   llushr.o
        36          0          0          0          0         68   memcpya.o
      1216         58          0          0          0        508   printf8.o
         0          0          0          4          0          0   stdout.o
        98          0          0          0          0         92   uldiv.o

    ----------------------------------------------------------------------
      1508         74          0          4          0        872   Library Totals
         6          0          0          0          0          0   (incl. Padding)

    ----------------------------------------------------------------------

      Code (inc. data)   RO Data    RW Data    ZI Data      Debug   Library Name

      1502         74          0          4          0        872   mc_w.l

    ----------------------------------------------------------------------
      1508         74          0          4          0        872   Library Totals

    ----------------------------------------------------------------------

==============================================================================


      Code (inc. data)   RO Data    RW Data    ZI Data      Debug   

     15600       2498       5020        212      39260     487169   Grand Totals
     15600       2498       5020        212      39260     487169   ELF Image Totals
     15600       2498       5020        212          0          0   ROM Totals

==============================================================================

    Total RO  Size (Code + RO Data)                20620 (  20.14kB)
    Total RW  Size (RW Data + ZI Data)             39472 (  38.55kB)
    Total ROM Size (Code + RO Data + RW Data)      20832 (  20.34kB)

==============================================================================

