Component: ARM Compiler 5.06 update 7 (build 960) Tool: armlink [4d3601]

==============================================================================

Section Cross References

    startup_stm32f429_439xx.o(RESET) refers to startup_stm32f429_439xx.o(STACK) for __initial_sp
    startup_stm32f429_439xx.o(RESET) refers to startup_stm32f429_439xx.o(.text) for Reset_Handler
    startup_stm32f429_439xx.o(RESET) refers to stm32f4xx_it.o(i.NMI_Handler) for NMI_Handler
    startup_stm32f429_439xx.o(RESET) refers to stm32f4xx_it.o(i.HardFault_Handler) for HardFault_Handler
    startup_stm32f429_439xx.o(RESET) refers to stm32f4xx_it.o(i.MemManage_Handler) for MemManage_Handler
    startup_stm32f429_439xx.o(RESET) refers to stm32f4xx_it.o(i.BusFault_Handler) for BusFault_Handler
    startup_stm32f429_439xx.o(RESET) refers to stm32f4xx_it.o(i.UsageFault_Handler) for UsageFault_Handler
    startup_stm32f429_439xx.o(RESET) refers to port.o(.emb_text) for SVC_Handler
    startup_stm32f429_439xx.o(RESET) refers to stm32f4xx_it.o(i.DebugMon_Handler) for DebugMon_Handler
    startup_stm32f429_439xx.o(RESET) refers to stm32f4xx_it.o(i.SysTick_Handler) for SysTick_Handler
    startup_stm32f429_439xx.o(RESET) refers to stm32f4xx_it.o(i.EXTI0_IRQHandler) for EXTI0_IRQHandler
    startup_stm32f429_439xx.o(RESET) refers to stm32f4xx_it.o(i.EXTI15_10_IRQHandler) for EXTI15_10_IRQHandler
    startup_stm32f429_439xx.o(.text) refers to system_stm32f4xx.o(i.SystemInit) for SystemInit
    startup_stm32f429_439xx.o(.text) refers to entry.o(.ARM.Collect$$$$00000000) for __main
    system_stm32f4xx.o(i.SystemCoreClockUpdate) refers to system_stm32f4xx.o(.data) for .data
    system_stm32f4xx.o(i.SystemInit) refers to system_stm32f4xx.o(i.SetSysClock) for SetSysClock
    stm32f4xx_adc.o(i.ADC_DeInit) refers to stm32f4xx_rcc.o(i.RCC_APB2PeriphResetCmd) for RCC_APB2PeriphResetCmd
    stm32f4xx_can.o(i.CAN_DeInit) refers to stm32f4xx_rcc.o(i.RCC_APB1PeriphResetCmd) for RCC_APB1PeriphResetCmd
    stm32f4xx_can.o(i.CAN_GetITStatus) refers to stm32f4xx_can.o(i.CheckITStatus) for CheckITStatus
    stm32f4xx_cryp.o(i.CRYP_DeInit) refers to stm32f4xx_rcc.o(i.RCC_AHB2PeriphResetCmd) for RCC_AHB2PeriphResetCmd
    stm32f4xx_cryp_aes.o(i.CRYP_AES_CBC) refers to stm32f4xx_cryp.o(i.CRYP_KeyStructInit) for CRYP_KeyStructInit
    stm32f4xx_cryp_aes.o(i.CRYP_AES_CBC) refers to stm32f4xx_cryp.o(i.CRYP_KeyInit) for CRYP_KeyInit
    stm32f4xx_cryp_aes.o(i.CRYP_AES_CBC) refers to stm32f4xx_cryp.o(i.CRYP_Init) for CRYP_Init
    stm32f4xx_cryp_aes.o(i.CRYP_AES_CBC) refers to stm32f4xx_cryp.o(i.CRYP_IVInit) for CRYP_IVInit
    stm32f4xx_cryp_aes.o(i.CRYP_AES_CBC) refers to stm32f4xx_cryp.o(i.CRYP_FIFOFlush) for CRYP_FIFOFlush
    stm32f4xx_cryp_aes.o(i.CRYP_AES_CBC) refers to stm32f4xx_cryp.o(i.CRYP_Cmd) for CRYP_Cmd
    stm32f4xx_cryp_aes.o(i.CRYP_AES_CBC) refers to stm32f4xx_cryp.o(i.CRYP_GetCmdStatus) for CRYP_GetCmdStatus
    stm32f4xx_cryp_aes.o(i.CRYP_AES_CBC) refers to stm32f4xx_cryp.o(i.CRYP_GetFlagStatus) for CRYP_GetFlagStatus
    stm32f4xx_cryp_aes.o(i.CRYP_AES_CBC) refers to stm32f4xx_cryp.o(i.CRYP_DataIn) for CRYP_DataIn
    stm32f4xx_cryp_aes.o(i.CRYP_AES_CBC) refers to stm32f4xx_cryp.o(i.CRYP_DataOut) for CRYP_DataOut
    stm32f4xx_cryp_aes.o(i.CRYP_AES_CCM) refers to stm32f4xx_cryp.o(i.CRYP_KeyStructInit) for CRYP_KeyStructInit
    stm32f4xx_cryp_aes.o(i.CRYP_AES_CCM) refers to stm32f4xx_cryp.o(i.CRYP_FIFOFlush) for CRYP_FIFOFlush
    stm32f4xx_cryp_aes.o(i.CRYP_AES_CCM) refers to stm32f4xx_cryp.o(i.CRYP_KeyInit) for CRYP_KeyInit
    stm32f4xx_cryp_aes.o(i.CRYP_AES_CCM) refers to stm32f4xx_cryp.o(i.CRYP_IVInit) for CRYP_IVInit
    stm32f4xx_cryp_aes.o(i.CRYP_AES_CCM) refers to stm32f4xx_cryp.o(i.CRYP_Init) for CRYP_Init
    stm32f4xx_cryp_aes.o(i.CRYP_AES_CCM) refers to stm32f4xx_cryp.o(i.CRYP_PhaseConfig) for CRYP_PhaseConfig
    stm32f4xx_cryp_aes.o(i.CRYP_AES_CCM) refers to stm32f4xx_cryp.o(i.CRYP_DataIn) for CRYP_DataIn
    stm32f4xx_cryp_aes.o(i.CRYP_AES_CCM) refers to stm32f4xx_cryp.o(i.CRYP_Cmd) for CRYP_Cmd
    stm32f4xx_cryp_aes.o(i.CRYP_AES_CCM) refers to stm32f4xx_cryp.o(i.CRYP_GetCmdStatus) for CRYP_GetCmdStatus
    stm32f4xx_cryp_aes.o(i.CRYP_AES_CCM) refers to stm32f4xx_cryp.o(i.CRYP_GetFlagStatus) for CRYP_GetFlagStatus
    stm32f4xx_cryp_aes.o(i.CRYP_AES_CCM) refers to stm32f4xx_cryp.o(i.CRYP_DataOut) for CRYP_DataOut
    stm32f4xx_cryp_aes.o(i.CRYP_AES_CTR) refers to stm32f4xx_cryp.o(i.CRYP_KeyStructInit) for CRYP_KeyStructInit
    stm32f4xx_cryp_aes.o(i.CRYP_AES_CTR) refers to stm32f4xx_cryp.o(i.CRYP_KeyInit) for CRYP_KeyInit
    stm32f4xx_cryp_aes.o(i.CRYP_AES_CTR) refers to stm32f4xx_cryp.o(i.CRYP_Init) for CRYP_Init
    stm32f4xx_cryp_aes.o(i.CRYP_AES_CTR) refers to stm32f4xx_cryp.o(i.CRYP_IVInit) for CRYP_IVInit
    stm32f4xx_cryp_aes.o(i.CRYP_AES_CTR) refers to stm32f4xx_cryp.o(i.CRYP_FIFOFlush) for CRYP_FIFOFlush
    stm32f4xx_cryp_aes.o(i.CRYP_AES_CTR) refers to stm32f4xx_cryp.o(i.CRYP_Cmd) for CRYP_Cmd
[...]
    i.LCD_SetFont                            0x080019c4   Section        0  bsp_lcd.o(i.LCD_SetFont)
    i.LCD_SetLayer                           0x080019d0   Section        0  bsp_lcd.o(i.LCD_SetLayer)
    i.LCD_SetTransparency                    0x080019f0   Section        0  bsp_lcd.o(i.LCD_SetTransparency)
    i.LED_GPIO_Config                        0x08001a1c   Section        0  bsp_led.o(i.LED_GPIO_Config)
    i.LTDC_Cmd                               0x08001a78   Section        0  stm32f4xx_ltdc.o(i.LTDC_Cmd)
    i.LTDC_Init                              0x08001a94   Section        0  stm32f4xx_ltdc.o(i.LTDC_Init)
    i.LTDC_LayerAlpha                        0x08001b3c   Section        0  stm32f4xx_ltdc.o(i.LTDC_LayerAlpha)
    i.LTDC_LayerCmd                          0x08001b40   Section        0  stm32f4xx_ltdc.o(i.LTDC_LayerCmd)
    i.LTDC_LayerInit                         0x08001b54   Section        0  stm32f4xx_ltdc.o(i.LTDC_LayerInit)
    i.LTDC_ReloadConfig                      0x08001bec   Section        0  stm32f4xx_ltdc.o(i.LTDC_ReloadConfig)
    i.MemManage_Handler                      0x08001bf8   Section        0  stm32f4xx_it.o(i.MemManage_Handler)
    i.NMI_Handler                            0x08001bfa   Section        0  stm32f4xx_it.o(i.NMI_Handler)
    i.NVIC_Init                              0x08001bfc   Section        0  misc.o(i.NVIC_Init)
    i.NVIC_PriorityGroupConfig               0x08001c60   Section        0  misc.o(i.NVIC_PriorityGroupConfig)
    i.NVIC_SetPriority                       0x08001c74   Section        0  main.o(i.NVIC_SetPriority)
    NVIC_SetPriority                         0x08001c75   Thumb Code    32  main.o(i.NVIC_SetPriority)
    i.RCC_AHB1PeriphClockCmd                 0x08001c94   Section        0  stm32f4xx_rcc.o(i.RCC_AHB1PeriphClockCmd)
    i.RCC_AHB1PeriphResetCmd                 0x08001cac   Section        0  stm32f4xx_rcc.o(i.RCC_AHB1PeriphResetCmd)
    i.RCC_AHB3PeriphClockCmd                 0x08001cc4   Section        0  stm32f4xx_rcc.o(i.RCC_AHB3PeriphClockCmd)
    i.RCC_APB1PeriphClockCmd                 0x08001cdc   Section        0  stm32f4xx_rcc.o(i.RCC_APB1PeriphClockCmd)
    i.RCC_APB2PeriphClockCmd                 0x08001cf4   Section        0  stm32f4xx_rcc.o(i.RCC_APB2PeriphClockCmd)
    i.RCC_GetClocksFreq                      0x08001d0c   Section        0  stm32f4xx_rcc.o(i.RCC_GetClocksFreq)
    i.RCC_GetFlagStatus                      0x08001da0   Section        0  stm32f4xx_rcc.o(i.RCC_GetFlagStatus)
    i.RCC_LTDCCLKDivConfig                   0x08001dd4   Section        0  stm32f4xx_rcc.o(i.RCC_LTDCCLKDivConfig)
    i.RCC_PLLSAICmd                          0x08001de8   Section        0  stm32f4xx_rcc.o(i.RCC_PLLSAICmd)
    i.RCC_PLLSAIConfig                       0x08001df4   Section        0  stm32f4xx_rcc.o(i.RCC_PLLSAIConfig)
    i.Read_Task                              0x08001e08   Section        0  main.o(i.Read_Task)
    Read_Task                                0x08001e09   Thumb Code   106  main.o(i.Read_Task)
    i.RecoverState                           0x08001e84   Section        0  main.o(i.RecoverState)
    RecoverState                             0x08001e85   Thumb Code   140  main.o(i.RecoverState)
    i.ResetAllMemory                         0x08001f3c   Section        0  main.o(i.ResetAllMemory)
    ResetAllMemory                           0x08001f3d   Thumb Code    66  main.o(i.ResetAllMemory)
    i.Reset_Task                             0x08001fb4   Section        0  main.o(i.Reset_Task)
    Reset_Task                               0x08001fb5   Thumb Code   214  main.o(i.Reset_Task)
    i.SDRAM_GPIO_Config                      0x080020bc   Section        0  bsp_sdram.o(i.SDRAM_GPIO_Config)
    SDRAM_GPIO_Config                        0x080020bd   Thumb Code   880  bsp_sdram.o(i.SDRAM_GPIO_Config)
    i.SDRAM_Init                             0x08002444   Section        0  bsp_sdram.o(i.SDRAM_Init)
    i.SDRAM_InitSequence                     0x080024a0   Section        0  bsp_sdram.o(i.SDRAM_InitSequence)
    SDRAM_InitSequence                       0x080024a1   Thumb Code   176  bsp_sdram.o(i.SDRAM_InitSequence)
    i.SPI_Cmd                                0x08002554   Section        0  stm32f4xx_spi.o(i.SPI_Cmd)
    i.SPI_FLASH_BufferRead                   0x08002568   Section        0  bsp_spi_flash.o(i.SPI_FLASH_BufferRead)
    i.SPI_FLASH_BufferWrite                  0x080025b8   Section        0  bsp_spi_flash.o(i.SPI_FLASH_BufferWrite)
    i.SPI_FLASH_Init                         0x08002670   Section        0  bsp_spi_flash.o(i.SPI_FLASH_Init)
    i.SPI_FLASH_Mode_Init                    0x08002748   Section        0  bsp_spi_flash.o(i.SPI_FLASH_Mode_Init)
    i.SPI_FLASH_PageWrite                    0x08002774   Section        0  bsp_spi_flash.o(i.SPI_FLASH_PageWrite)
    i.SPI_FLASH_SectorErase                  0x0800280c   Section        0  bsp_spi_flash.o(i.SPI_FLASH_SectorErase)
    i.SPI_FLASH_SendByte                     0x08002854   Section        0  bsp_spi_flash.o(i.SPI_FLASH_SendByte)
    i.SPI_FLASH_WaitForWriteEnd              0x080028b8   Section        0  bsp_spi_flash.o(i.SPI_FLASH_WaitForWriteEnd)
    i.SPI_FLASH_WriteEnable                  0x080028f8   Section        0  bsp_spi_flash.o(i.SPI_FLASH_WriteEnable)
    i.SPI_I2S_GetFlagStatus                  0x08002914   Section        0  stm32f4xx_spi.o(i.SPI_I2S_GetFlagStatus)
    i.SPI_I2S_ReceiveData                    0x08002922   Section        0  stm32f4xx_spi.o(i.SPI_I2S_ReceiveData)
    i.SPI_I2S_SendData                       0x08002926   Section        0  stm32f4xx_spi.o(i.SPI_I2S_SendData)
    i.SPI_Init                               0x0800292a   Section        0  stm32f4xx_spi.o(i.SPI_Init)
    i.SPI_TIMEOUT_UserCallback               0x08002964   Section        0  bsp_spi_flash.o(i.SPI_TIMEOUT_UserCallback)
    SPI_TIMEOUT_UserCallback                 0x08002965   Thumb Code    14  bsp_spi_flash.o(i.SPI_TIMEOUT_UserCallback)
    i.SYSCFG_EXTILineConfig                  0x080029a4   Section        0  stm32f4xx_syscfg.o(i.SYSCFG_EXTILineConfig)
    i.SetSysClock                            0x080029d4   Section        0  system_stm32f4xx.o(i.SetSysClock)
    SetSysClock                              0x080029d5   Thumb Code   190  system_stm32f4xx.o(i.SetSysClock)
    i.SysTick_Handler                        0x08002aa4   Section        0  stm32f4xx_it.o(i.SysTick_Handler)
    i.SystemInit                             0x08002ab8   Section        0  system_stm32f4xx.o(i.SystemInit)
    i.USART_Cmd                              0x08002b14   Section        0  stm32f4xx_usart.o(i.USART_Cmd)
    i.USART_GetFlagStatus                    0x08002b28   Section        0  stm32f4xx_usart.o(i.USART_GetFlagStatus)
    i.USART_ITConfig                         0x08002b36   Section        0  stm32f4xx_usart.o(i.USART_ITConfig)
    i.USART_Init                             0x08002b68   Section        0  stm32f4xx_usart.o(i.USART_Init)
    i.USART_SendData                         0x08002c14   Section        0  stm32f4xx_usart.o(i.USART_SendData)
    i.UsageFault_Handler                     0x08002c1c   Section        0  stm32f4xx_it.o(i.UsageFault_Handler)
    i.WriteFlashLogs                         0x08002c20   Section        0  main.o(i.WriteFlashLogs)
    WriteFlashLogs                           0x08002c21   Thumb Code   182  main.o(i.WriteFlashLogs)
    i.Write_Task                             0x08002d2c   Section        0  main.o(i.Write_Task)
    Write_Task                               0x08002d2d   Thumb Code   152  main.o(i.Write_Task)
    i.__0printf$8                            0x08002e00   Section        0  printf8.o(i.__0printf$8)
    i.__0snprintf$8                          0x08002e20   Section        0  printf8.o(i.__0snprintf$8)
    i.__scatterload_copy                     0x08002e54   Section       14  handlers.o(i.__scatterload_copy)
    i.__scatterload_null                     0x08002e62   Section        2  handlers.o(i.__scatterload_null)
    i.__scatterload_zeroinit                 0x08002e64   Section       14  handlers.o(i.__scatterload_zeroinit)
    i._printf_core                           0x08002e74   Section        0  printf8.o(i._printf_core)
    _printf_core                             0x08002e75   Thumb Code   984  printf8.o(i._printf_core)
    i._printf_post_padding                   0x08003278   Section        0  printf8.o(i._printf_post_padding)
    _printf_post_padding                     0x08003279   Thumb Code    36  printf8.o(i._printf_post_padding)
    i._printf_pre_padding                    0x0800329c   Section        0  printf8.o(i._printf_pre_padding)
    _printf_pre_padding                      0x0800329d   Thumb Code    46  printf8.o(i._printf_pre_padding)
    i._snputc                                0x080032ca   Section        0  printf8.o(i._snputc)
    _snputc                                  0x080032cb   Thumb Code    22  printf8.o(i._snputc)
    i.fputc                                  0x080032e0   Section        0  bsp_debug_usart.o(i.fputc)
    i.main                                   0x08003304   Section        0  main.o(i.main)
    i.prvAddCurrentTaskToDelayedList         0x080033c4   Section        0  tasks.o(i.prvAddCurrentTaskToDelayedList)
    prvAddCurrentTaskToDelayedList           0x080033c5   Thumb Code   102  tasks.o(i.prvAddCurrentTaskToDelayedList)
    i.prvAddNewTaskToReadyList               0x08003434   Section        0  tasks.o(i.prvAddNewTaskToReadyList)
    prvAddNewTaskToReadyList                 0x08003435   Thumb Code   190  tasks.o(i.prvAddNewTaskToReadyList)
    i.prvCheckForValidListAndQueue           0x08003504   Section        0  timers.o(i.prvCheckForValidListAndQueue)
    prvCheckForValidListAndQueue             0x08003505   Thumb Code    62  timers.o(i.prvCheckForValidListAndQueue)
    i.prvCheckTasksWaitingTermination        0x08003554   Section        0  tasks.o(i.prvCheckTasksWaitingTermination)
    prvCheckTasksWaitingTermination          0x08003555   Thumb Code    74  tasks.o(i.prvCheckTasksWaitingTermination)
    i.prvCopyDataFromQueue                   0x080035a8   Section        0  queue.o(i.prvCopyDataFromQueue)
    prvCopyDataFromQueue                     0x080035a9   Thumb Code    38  queue.o(i.prvCopyDataFromQueue)
    i.prvCopyDataToQueue                     0x080035ce   Section        0  queue.o(i.prvCopyDataToQueue)
    prvCopyDataToQueue                       0x080035cf   Thumb Code    90  queue.o(i.prvCopyDataToQueue)
    i.prvDeleteTCB                           0x08003628   Section        0  tasks.o(i.prvDeleteTCB)
    prvDeleteTCB                             0x08003629   Thumb Code    20  tasks.o(i.prvDeleteTCB)
    i.prvHeapInit                            0x0800363c   Section        0  heap_4.o(i.prvHeapInit)
    prvHeapInit                              0x0800363d   Thumb Code    66  heap_4.o(i.prvHeapInit)
    i.prvIdleTask                            0x08003688   Section        0  tasks.o(i.prvIdleTask)
    prvIdleTask                              0x08003689   Thumb Code    30  tasks.o(i.prvIdleTask)
    i.prvInitialiseNewTask                   0x080036b0   Section        0  tasks.o(i.prvInitialiseNewTask)
    prvInitialiseNewTask                     0x080036b1   Thumb Code   138  tasks.o(i.prvInitialiseNewTask)
    i.prvInsertBlockIntoFreeList             0x08003768   Section        0  heap_4.o(i.prvInsertBlockIntoFreeList)
    prvInsertBlockIntoFreeList               0x08003769   Thumb Code    72  heap_4.o(i.prvInsertBlockIntoFreeList)
    i.prvInsertTimerInActiveList             0x080037b4   Section        0  timers.o(i.prvInsertTimerInActiveList)
    prvInsertTimerInActiveList               0x080037b5   Thumb Code    52  timers.o(i.prvInsertTimerInActiveList)
    i.prvIsQueueEmpty                        0x080037ec   Section        0  queue.o(i.prvIsQueueEmpty)
    prvIsQueueEmpty                          0x080037ed   Thumb Code    26  queue.o(i.prvIsQueueEmpty)
    i.prvProcessExpiredTimer                 0x08003808   Section        0  timers.o(i.prvProcessExpiredTimer)
    prvProcessExpiredTimer                   0x08003809   Thumb Code    86  timers.o(i.prvProcessExpiredTimer)
    i.prvProcessReceivedCommands             0x08003868   Section        0  timers.o(i.prvProcessReceivedCommands)
    prvProcessReceivedCommands               0x08003869   Thumb Code   196  timers.o(i.prvProcessReceivedCommands)
    i.prvProcessTimerOrBlockTask             0x0800395c   Section        0  timers.o(i.prvProcessTimerOrBlockTask)
    prvProcessTimerOrBlockTask               0x0800395d   Thumb Code    98  timers.o(i.prvProcessTimerOrBlockTask)
    i.prvResetNextTaskUnblockTime            0x080039c8   Section        0  tasks.o(i.prvResetNextTaskUnblockTime)
    prvResetNextTaskUnblockTime              0x080039c9   Thumb Code    26  tasks.o(i.prvResetNextTaskUnblockTime)
    i.prvSampleTimeNow                       0x080039e8   Section        0  timers.o(i.prvSampleTimeNow)
    prvSampleTimeNow                         0x080039e9   Thumb Code    36  timers.o(i.prvSampleTimeNow)
    i.prvSwitchTimerLists                    0x08003a10   Section        0  timers.o(i.prvSwitchTimerLists)
    prvSwitchTimerLists                      0x08003a11   Thumb Code   100  timers.o(i.prvSwitchTimerLists)
    i.prvTaskExitError                       0x08003a7c   Section        0  port.o(i.prvTaskExitError)
    prvTaskExitError                         0x08003a7d   Thumb Code    36  port.o(i.prvTaskExitError)
    i.prvTestWaitCondition                   0x08003ae0   Section        0  event_groups.o(i.prvTestWaitCondition)
    prvTestWaitCondition                     0x08003ae1   Thumb Code    20  event_groups.o(i.prvTestWaitCondition)
    i.prvTimerTask                           0x08003af4   Section        0  timers.o(i.prvTimerTask)
    prvTimerTask                             0x08003af5   Thumb Code    34  timers.o(i.prvTimerTask)
    i.prvUnlockQueue                         0x08003b1c   Section        0  queue.o(i.prvUnlockQueue)
    prvUnlockQueue                           0x08003b1d   Thumb Code   106  queue.o(i.prvUnlockQueue)
    i.pvPortMalloc                           0x08003b88   Section        0  heap_4.o(i.pvPortMalloc)
    i.pxPortInitialiseStack                  0x08003c9c   Section        0  port.o(i.pxPortInitialiseStack)
    i.uxListRemove                           0x08003cc8   Section        0  list.o(i.uxListRemove)
    i.uxTaskResetEventItemValue              0x08003cec   Section        0  tasks.o(i.uxTaskResetEventItemValue)
    i.vEventGroupSetBitsCallback             0x08003d04   Section        0  event_groups.o(i.vEventGroupSetBitsCallback)
    i.vListInitialise                        0x08003d08   Section        0  list.o(i.vListInitialise)
    i.vListInitialiseItem                    0x08003d1e   Section        0  list.o(i.vListInitialiseItem)
    i.vListInsert                            0x08003d24   Section        0  list.o(i.vListInsert)
    i.vListInsertEnd                         0x08003d54   Section        0  list.o(i.vListInsertEnd)
    i.vPortEnterCritical                     0x08003d6c   Section        0  port.o(i.vPortEnterCritical)
    i.vPortExitCritical                      0x08003de4   Section        0  port.o(i.vPortExitCritical)
    i.vPortFree                              0x08003e48   Section        0  heap_4.o(i.vPortFree)
    i.vPortSetupTimerInterrupt               0x08003ee4   Section        0  port.o(i.vPortSetupTimerInterrupt)
    i.vPortValidateInterruptPriority         0x08003f04   Section        0  port.o(i.vPortValidateInterruptPriority)
    i.vQueueAddToRegistry                    0x08003f90   Section        0  queue.o(i.vQueueAddToRegistry)
    i.vQueueWaitForMessageRestricted         0x08003fb4   Section        0  queue.o(i.vQueueWaitForMessageRestricted)
    i.vTaskDelay                             0x08003ff8   Section        0  tasks.o(i.vTaskDelay)
    i.vTaskDelete                            0x0800406c   Section        0  tasks.o(i.vTaskDelete)
    i.vTaskMissedYield                       0x08004140   Section        0  tasks.o(i.vTaskMissedYield)
    i.vTaskPlaceOnEventList                  0x0800414c   Section        0  tasks.o(i.vTaskPlaceOnEventList)
    i.vTaskPlaceOnEventListRestricted        0x080041a8   Section        0  tasks.o(i.vTaskPlaceOnEventListRestricted)
    i.vTaskPlaceOnUnorderedEventList         0x0800420c   Section        0  tasks.o(i.vTaskPlaceOnUnorderedEventList)
    i.vTaskSetTimeOutState                   0x08004284   Section        0  tasks.o(i.vTaskSetTimeOutState)
    i.vTaskStartScheduler                    0x080042d4   Section        0  tasks.o(i.vTaskStartScheduler)
    i.vTaskSuspendAll                        0x08004370   Section        0  tasks.o(i.vTaskSuspendAll)
    i.vTaskSwitchContext                     0x08004380   Section        0  tasks.o(i.vTaskSwitchContext)
    i.xEventGroupClearBits                   0x08004404   Section        0  event_groups.o(i.xEventGroupClearBits)
    i.xEventGroupCreate                      0x08004470   Section        0  event_groups.o(i.xEventGroupCreate)
    i.xEventGroupSetBits                     0x0800448c   Section        0  event_groups.o(i.xEventGroupSetBits)
    i.xEventGroupWaitBits                    0x08004544   Section        0  event_groups.o(i.xEventGroupWaitBits)
    i.xPortStartScheduler                    0x0800466c   Section        0  port.o(i.xPortStartScheduler)
    i.xPortSysTickHandler                    0x08004780   Section        0  port.o(i.xPortSysTickHandler)
    i.xQueueGenericCreate                    0x080047ac   Section        0  queue.o(i.xQueueGenericCreate)
    i.xQueueGenericReceive                   0x0800481c   Section        0  queue.o(i.xQueueGenericReceive)
    i.xQueueGenericReset                     0x0800498c   Section        0  queue.o(i.xQueueGenericReset)
    i.xQueueGenericSend                      0x08004a3c   Section        0  queue.o(i.xQueueGenericSend)
    i.xQueueGenericSendFromISR               0x08004bb8   Section        0  queue.o(i.xQueueGenericSendFromISR)
    i.xTaskCheckForTimeOut                   0x08004c94   Section        0  tasks.o(i.xTaskCheckForTimeOut)
    i.xTaskCreate                            0x08004d24   Section        0  tasks.o(i.xTaskCreate)
    i.xTaskGetSchedulerState                 0x08004d7c   Section        0  tasks.o(i.xTaskGetSchedulerState)
    i.xTaskGetTickCount                      0x08004d98   Section        0  tasks.o(i.xTaskGetTickCount)
    i.xTaskIncrementTick                     0x08004da4   Section        0  tasks.o(i.xTaskIncrementTick)
    i.xTaskRemoveFromEventList               0x08004e94   Section        0  tasks.o(i.xTaskRemoveFromEventList)
    i.xTaskRemoveFromUnorderedEventList      0x08004f34   Section        0  tasks.o(i.xTaskRemoveFromUnorderedEventList)
    i.xTaskResumeAll                         0x08004fd4   Section        0  tasks.o(i.xTaskResumeAll)
    i.xTimerCreate                           0x080050c0   Section        0  timers.o(i.xTimerCreate)
    i.xTimerCreateTimerTask                  0x08005138   Section        0  timers.o(i.xTimerCreateTimerTask)
    i.xTimerGenericCommand                   0x080051b0   Section        0  timers.o(i.xTimerGenericCommand)
    i.xTimerPendFunctionCallFromISR          0x08005244   Section        0  timers.o(i.xTimerPendFunctionCallFromISR)
    .constdata                               0x0800526c   Section     4560  fonts.o(.constdata)
    .conststring                             0x0800643c   Section       65  main.o(.conststring)
    .data                                    0x20000000   Section       20  system_stm32f4xx.o(.data)
    .data                                    0x20000014   Section       16  stm32f4xx_rcc.o(.data)
    APBAHBPrescTable                         0x20000014   Data          16  stm32f4xx_rcc.o(.data)
    .data                                    0x20000024   Section       28  main.o(.data)
    AppTaskCreate_Handle                     0x20000024   Data           4  main.o(.data)
    Write_Task_Handle                        0x20000028   Data           4  main.o(.data)
    Read_Task_Handle                         0x2000002c   Data           4  main.o(.data)
    Reset_Task_Handle                        0x20000030   Data           4  main.o(.data)
    g_press_cnt                              0x20000034   Data           4  main.o(.data)
    g_log_cnt                                0x20000038   Data           4  main.o(.data)
    .data                                    0x20000040   Section        4  bsp_spi_flash.o(.data)
    SPITimeout                               0x20000040   Data           4  bsp_spi_flash.o(.data)
    .data                                    0x20000044   Section        8  bsp_i2c_ee.o(.data)
    I2CTimeout                               0x20000048   Data           4  bsp_i2c_ee.o(.data)
    .data                                    0x2000004c   Section       20  bsp_lcd.o(.data)
    CurrentTextColor                         0x2000004c   Data           4  bsp_lcd.o(.data)
    CurrentBackColor                         0x20000050   Data           4  bsp_lcd.o(.data)
    CurrentFrameBuffer                       0x20000054   Data           4  bsp_lcd.o(.data)
    CurrentLayer                             0x20000058   Data           4  bsp_lcd.o(.data)
    LCD_Currentfonts                         0x2000005c   Data           4  bsp_lcd.o(.data)
    .data                                    0x20000060   Section        8  fonts.o(.data)
    .data                                    0x20000068   Section       60  tasks.o(.data)
    uxDeletedTasksWaitingCleanUp             0x2000006c   Data           4  tasks.o(.data)
    uxCurrentNumberOfTasks                   0x20000070   Data           4  tasks.o(.data)
    xTickCount                               0x20000074   Data           4  tasks.o(.data)
    uxTopReadyPriority                       0x20000078   Data           4  tasks.o(.data)
    xSchedulerRunning                        0x2000007c   Data           4  tasks.o(.data)
    uxPendedTicks                            0x20000080   Data           4  tasks.o(.data)
    xYieldPending                            0x20000084   Data           4  tasks.o(.data)
    xNumOfOverflows                          0x20000088   Data           4  tasks.o(.data)
    uxTaskNumber                             0x2000008c   Data           4  tasks.o(.data)
    xNextTaskUnblockTime                     0x20000090   Data           4  tasks.o(.data)
    xIdleTaskHandle                          0x20000094   Data           4  tasks.o(.data)
    uxSchedulerSuspended                     0x20000098   Data           4  tasks.o(.data)
    pxDelayedTaskList                        0x2000009c   Data           4  tasks.o(.data)
    pxOverflowDelayedTaskList                0x200000a0   Data           4  tasks.o(.data)
    .data                                    0x200000a4   Section       20  timers.o(.data)
    xTimerQueue                              0x200000a4   Data           4  timers.o(.data)
    xTimerTaskHandle                         0x200000a8   Data           4  timers.o(.data)
    xLastTime                                0x200000ac   Data           4  timers.o(.data)
    pxCurrentTimerList                       0x200000b0   Data           4  timers.o(.data)
    pxOverflowTimerList                      0x200000b4   Data           4  timers.o(.data)
    .data                                    0x200000b8   Section       24  heap_4.o(.data)
    pxEnd                                    0x200000b8   Data           4  heap_4.o(.data)
    xFreeBytesRemaining                      0x200000bc   Data           4  heap_4.o(.data)
    xMinimumEverFreeBytesRemaining           0x200000c0   Data           4  heap_4.o(.data)
    xBlockAllocatedBit                       0x200000c4   Data           4  heap_4.o(.data)
    xStart                                   0x200000c8   Data           8  heap_4.o(.data)
    .data                                    0x200000d0   Section       12  port.o(.data)
    ucMaxSysCallPriority                     0x200000d0   Data           1  port.o(.data)
    uxCriticalNesting                        0x200000d4   Data           4  port.o(.data)
    ulMaxPRIGROUPValue                       0x200000d8   Data           4  port.o(.data)
    .data                                    0x200000dc   Section        4  stdout.o(.data)
    .bss                                     0x200000e0   Section     4096  main.o(.bss)
    g_sector_buf                             0x200000e0   Data        4096  main.o(.bss)
    .bss                                     0x200010e0   Section       80  queue.o(.bss)
    .bss                                     0x20001130   Section      740  tasks.o(.bss)
    pxReadyTasksLists                        0x20001130   Data         640  tasks.o(.bss)
    xDelayedTaskList1                        0x200013b0   Data          20  tasks.o(.bss)
    xDelayedTaskList2                        0x200013c4   Data          20  tasks.o(.bss)
    xPendingReadyList                        0x200013d8   Data          20  tasks.o(.bss)
    xTasksWaitingTermination                 0x200013ec   Data          20  tasks.o(.bss)
    xSuspendedTaskList                       0x20001400   Data          20  tasks.o(.bss)
    .bss                                     0x20001414   Section       40  timers.o(.bss)
    xActiveTimerList1                        0x20001414   Data          20  timers.o(.bss)
    xActiveTimerList2                        0x20001428   Data          20  timers.o(.bss)
    .bss                                     0x2000143c   Section    36864  heap_4.o(.bss)
    ucHeap                                   0x2000143c   Data       36864  heap_4.o(.bss)
    STACK                                    0x2000a440   Section     1024  startup_stm32f429_439xx.o(STACK)

    Global Symbols

    Symbol Name                              Value     Ov Type        Size  Object(Section)

    BuildAttributes$$THM_ISAv4$E$P$D$K$B$S$7EM$VFPi3$EXTD16$VFPS$VFMA$PE$A:L22UL41UL21$X:L11$S22US41US21$IEEE1$IW$USESV6$~STKCKD$USESV7$~SHL$OSPACE$ROPI$EBA8$MICROLIB$REQ8$PRES8$EABIv2 0x00000000   Number         0  anon$$obj.o ABSOLUTE
    __ARM_use_no_argv                        0x00000000   Number         0  main.o ABSOLUTE
    _printf_a                                0x00000000   Number         0  stubs.o ABSOLUTE
    _printf_c                                0x00000000   Number         0  stubs.o ABSOLUTE
    _printf_charcount                        0x00000000   Number         0  stubs.o ABSOLUTE
    _printf_d                                0x00000000   Number         0  stubs.o ABSOLUTE
    _printf_e                                0x00000000   Number         0  stubs.o ABSOLUTE
    _printf_f                                0x00000000   Number         0  stubs.o ABSOLUTE
    _printf_flags                            0x00000000   Number         0  stubs.o ABSOLUTE
    _printf_fp_dec                           0x00000000   Number         0  stubs.o ABSOLUTE
    _printf_fp_hex                           0x00000000   Number         0  stubs.o ABSOLUTE
    _printf_g                                0x00000000   Number         0  stubs.o ABSOLUTE
    _printf_i                                0x00000000   Number         0  stubs.o ABSOLUTE
    _printf_int_dec                          0x00000000   Number         0  stubs.o ABSOLUTE
    _printf_l                                0x00000000   Number         0  stubs.o ABSOLUTE
    _printf_lc                               0x00000000   Number         0  stubs.o ABSOLUTE
    _printf_ll                               0x00000000   Number         0  stubs.o ABSOLUTE
    _printf_lld                              0x00000000   Number         0  stubs.o ABSOLUTE
    _printf_lli                              0x00000000   Number         0  stubs.o ABSOLUTE
    _printf_llo                              0x00000000   Number         0  stubs.o ABSOLUTE
    _printf_llu                              0x00000000   Number         0  stubs.o ABSOLUTE
    _printf_llx                              0x00000000   Number         0  stubs.o ABSOLUTE
    _printf_longlong_dec                     0x00000000   Number         0  stubs.o ABSOLUTE
    _printf_longlong_hex                     0x00000000   Number         0  stubs.o ABSOLUTE
    _printf_longlong_oct                     0x00000000   Number         0  stubs.o ABSOLUTE
    _printf_ls                               0x00000000   Number         0  stubs.o ABSOLUTE
    _printf_mbtowc                           0x00000000   Number         0  stubs.o ABSOLUTE
    _printf_n                                0x00000000   Number         0  stubs.o ABSOLUTE
    _printf_o                                0x00000000   Number         0  stubs.o ABSOLUTE
    _printf_p                                0x00000000   Number         0  stubs.o ABSOLUTE
    _printf_percent                          0x00000000   Number         0  stubs.o ABSOLUTE
    _printf_pre_padding                      0x00000000   Number         0  stubs.o ABSOLUTE
    _printf_return_value                     0x00000000   Number         0  stubs.o ABSOLUTE
    _printf_s                                0x00000000   Number         0  stubs.o ABSOLUTE
    _printf_sizespec                         0x00000000   Number         0  stubs.o ABSOLUTE
    _printf_str                              0x00000000   Number         0  stubs.o ABSOLUTE
    _printf_truncate_signed                  0x00000000   Number         0  stubs.o ABSOLUTE
    _printf_truncate_unsigned                0x00000000   Number         0  stubs.o ABSOLUTE
    _printf_u                                0x00000000   Number         0  stubs.o ABSOLUTE
    _printf_wc                               0x00000000   Number         0  stubs.o ABSOLUTE
    _printf_wctomb                           0x00000000   Number         0  stubs.o ABSOLUTE
    _printf_widthprec                        0x00000000   Number         0  stubs.o ABSOLUTE
    _printf_x                                0x00000000   Number         0  stubs.o ABSOLUTE
    __arm_fini_                               - Undefined Weak Reference
    __cpp_initialize__aeabi_                  - Undefined Weak Reference
    __cxa_finalize                            - Undefined Weak Reference
    __decompress                              - Undefined Weak Reference
    _clock_init                               - Undefined Weak Reference
    _microlib_exit                            - Undefined Weak Reference
    __Vectors_Size                           0x000001ac   Number         0  startup_stm32f429_439xx.o ABSOLUTE
    __Vectors                                0x08000000   Data           4  startup_stm32f429_439xx.o(RESET)
    __Vectors_End                            0x080001ac   Data           0  startup_stm32f429_439xx.o(RESET)
    __main                                   0x080001ad   Thumb Code     0  entry.o(.ARM.Collect$$$$00000000)
    _main_stk                                0x080001ad   Thumb Code     0  entry2.o(.ARM.Collect$$$$00000001)
    _main_scatterload                        0x080001b1   Thumb Code     0  entry5.o(.ARM.Collect$$$$00000004)
    __main_after_scatterload                 0x080001b5   Thumb Code     0  entry5.o(.ARM.Collect$$$$00000004)
    _main_clock                              0x080001b5   Thumb Code     0  entry7b.o(.ARM.Collect$$$$00000008)
    _main_cpp_init                           0x080001b5   Thumb Code     0  entry8b.o(.ARM.Collect$$$$0000000A)
    _main_init                               0x080001b5   Thumb Code     0  entry9a.o(.ARM.Collect$$$$0000000B)
    __rt_lib_shutdown_fini                   0x080001bd   Thumb Code     0  entry12b.o(.ARM.Collect$$$$0000000E)
    __rt_final_cpp                           0x080001c1   Thumb Code     0  entry10a.o(.ARM.Collect$$$$0000000F)
    __rt_final_exit                          0x080001c1   Thumb Code     0  entry11a.o(.ARM.Collect$$$$00000011)
    SVC_Handler                              0x080001c5   Thumb Code    28  port.o(.emb_text)
    __asm___6_port_c_39a90d8d__prvStartFirstTask 0x080001e5   Thumb Code    28  port.o(.emb_text)
    __asm___6_port_c_39a90d8d__prvEnableVFP  0x08000205   Thumb Code    16  port.o(.emb_text)
    PendSV_Handler                           0x08000219   Thumb Code    88  port.o(.emb_text)
    vPortGetIPSR                             0x08000275   Thumb Code     6  port.o(.emb_text)
    Reset_Handler                            0x0800027d   Thumb Code     8  startup_stm32f429_439xx.o(.text)
    ADC_IRQHandler                           0x08000297   Thumb Code     0  startup_stm32f429_439xx.o(.text)
    CAN1_RX0_IRQHandler                      0x08000297   Thumb Code     0  startup_stm32f429_439xx.o(.text)
    CAN1_RX1_IRQHandler                      0x08000297   Thumb Code     0  startup_stm32f429_439xx.o(.text)
    CAN1_SCE_IRQHandler                      0x08000297   Thumb Code     0  startup_stm32f429_439xx.o(.text)
    CAN1_TX_IRQHandler                       0x08000297   Thumb Code     0  startup_stm32f429_439xx.o(.text)
    CAN2_RX0_IRQHandler                      0x08000297   Thumb Code     0  startup_stm32f429_439xx.o(.text)
    CAN2_RX1_IRQHandler                      0x08000297   Thumb Code     0  startup_stm32f429_439xx.o(.text)
    CAN2_SCE_IRQHandler                      0x08000297   Thumb Code     0  startup_stm32f429_439xx.o(.text)
    CAN2_TX_IRQHandler                       0x08000297   Thumb Code     0  startup_stm32f429_439xx.o(.text)
    CRYP_IRQHandler                          0x08000297   Thumb Code     0  startup_stm32f429_439xx.o(.text)
    DCMI_IRQHandler                          0x08000297   Thumb Code     0  startup_stm32f429_439xx.o(.text)
    DMA1_Stream0_IRQHandler                  0x08000297   Thumb Code     0  startup_stm32f429_439xx.o(.text)
    DMA1_Stream1_IRQHandler                  0x08000297   Thumb Code     0  startup_stm32f429_439xx.o(.text)
    DMA1_Stream2_IRQHandler                  0x08000297   Thumb Code     0  startup_stm32f429_439xx.o(.text)
    DMA1_Stream3_IRQHandler                  0x08000297   Thumb Code     0  startup_stm32f429_439xx.o(.text)
    DMA1_Stream4_IRQHandler                  0x08000297   Thumb Code     0  startup_stm32f429_439xx.o(.text)
    DMA1_Stream5_IRQHandler                  0x08000297   Thumb Code     0  startup_stm32f429_439xx.o(.text)
    DMA1_Stream6_IRQHandler                  0x08000297   Thumb Code     0  startup_stm32f429_439xx.o(.text)
    DMA1_Stream7_IRQHandler                  0x08000297   Thumb Code     0  startup_stm32f429_439xx.o(.text)
    DMA2D_IRQHandler                         0x08000297   Thumb Code     0  startup_stm32f429_439xx.o(.text)
    DMA2_Stream0_IRQHandler                  0x08000297   Thumb Code     0  startup_stm32f429_439xx.o(.text)
    DMA2_Stream1_IRQHandler                  0x08000297   Thumb Code     0  startup_stm32f429_439xx.o(.text)
    DMA2_Stream2_IRQHandler                  0x08000297   Thumb Code     0  startup_stm32f429_439xx.o(.text)
    DMA2_Stream3_IRQHandler                  0x08000297   Thumb Code     0  startup_stm32f429_439xx.o(.text)
    DMA2_Stream4_IRQHandler                  0x08000297   Thumb Code     0  startup_stm32f429_439xx.o(.text)
    DMA2_Stream5_IRQHandler                  0x08000297   Thumb Code     0  startup_stm32f429_439xx.o(.text)
    DMA2_Stream6_IRQHandler                  0x08000297   Thumb Code     0  startup_stm32f429_439xx.o(.text)
    DMA2_Stream7_IRQHandler                  0x08000297   Thumb Code     0  startup_stm32f429_439xx.o(.text)
    ETH_IRQHandler                           0x08000297   Thumb Code     0  startup_stm32f429_439xx.o(.text)
    ETH_WKUP_IRQHandler                      0x08000297   Thumb Code     0  startup_stm32f429_439xx.o(.text)
    EXTI1_IRQHandler                         0x08000297   Thumb Code     0  startup_stm32f429_439xx.o(.text)
    EXTI2_IRQHandler                         0x08000297   Thumb Code     0  startup_stm32f429_439xx.o(.text)
    EXTI3_IRQHandler                         0x08000297   Thumb Code     0  startup_stm32f429_439xx.o(.text)
    EXTI4_IRQHandler                         0x08000297   Thumb Code     0  startup_stm32f429_439xx.o(.text)
    EXTI9_5_IRQHandler                       0x08000297   Thumb Code     0  startup_stm32f429_439xx.o(.text)
    FLASH_IRQHandler                         0x08000297   Thumb Code     0  startup_stm32f429_439xx.o(.text)
    FMC_IRQHandler                           0x08000297   Thumb Code     0  startup_stm32f429_439xx.o(.text)
    FPU_IRQHandler                           0x08000297   Thumb Code     0  startup_stm32f429_439xx.o(.text)
    HASH_RNG_IRQHandler                      0x08000297   Thumb Code     0  startup_stm32f429_439xx.o(.text)
    I2C1_ER_IRQHandler                       0x08000297   Thumb Code     0  startup_stm32f429_439xx.o(.text)
    I2C1_EV_IRQHandler                       0x08000297   Thumb Code     0  startup_stm32f429_439xx.o(.text)
    I2C2_ER_IRQHandler                       0x08000297   Thumb Code     0  startup_stm32f429_439xx.o(.text)
    I2C2_EV_IRQHandler                       0x08000297   Thumb Code     0  startup_stm32f429_439xx.o(.text)
    I2C3_ER_IRQHandler                       0x08000297   Thumb Code     0  startup_stm32f429_439xx.o(.text)
    I2C3_EV_IRQHandler                       0x08000297   Thumb Code     0  startup_stm32f429_439xx.o(.text)
    LTDC_ER_IRQHandler                       0x08000297   Thumb Code     0  startup_stm32f429_439xx.o(.text)
    LTDC_IRQHandler                          0x08000297   Thumb Code     0  startup_stm32f429_439xx.o(.text)
    OTG_FS_IRQHandler                        0x08000297   Thumb Code     0  startup_stm32f429_439xx.o(.text)
    OTG_FS_WKUP_IRQHandler                   0x08000297   Thumb Code     0  startup_stm32f429_439xx.o(.text)
    OTG_HS_EP1_IN_IRQHandler                 0x08000297   Thumb Code     0  startup_stm32f429_439xx.o(.text)
    OTG_HS_EP1_OUT_IRQHandler                0x08000297   Thumb Code     0  startup_stm32f429_439xx.o(.text)
    OTG_HS_IRQHandler                        0x08000297   Thumb Code     0  startup_stm32f429_439xx.o(.text)
    OTG_HS_WKUP_IRQHandler                   0x08000297   Thumb Code     0  startup_stm32f429_439xx.o(.text)
    PVD_IRQHandler                           0x08000297   Thumb Code     0  startup_stm32f429_439xx.o(.text)
    RCC_IRQHandler                           0x08000297   Thumb Code     0  startup_stm32f429_439xx.o(.text)
    RTC_Alarm_IRQHandler                     0x08000297   Thumb Code     0  startup_stm32f429_439xx.o(.text)
    RTC_WKUP_IRQHandler                      0x08000297   Thumb Code     0  startup_stm32f429_439xx.o(.text)
    SAI1_IRQHandler                          0x08000297   Thumb Code     0  startup_stm32f429_439xx.o(.text)
    SDIO_IRQHandler                          0x08000297   Thumb Code     0  startup_stm32f429_439xx.o(.text)
    SPI1_IRQHandler                          0x08000297   Thumb Code     0  startup_stm32f429_439xx.o(.text)
    SPI2_IRQHandler                          0x08000297   Thumb Code     0  startup_stm32f429_439xx.o(.text)
    SPI3_IRQHandler                          0x08000297   Thumb Code     0  startup_stm32f429_439xx.o(.text)
    SPI4_IRQHandler                          0x08000297   Thumb Code     0  startup_stm32f429_439xx.o(.text)
    SPI5_IRQHandler                          0x08000297   Thumb Code     0  startup_stm32f429_439xx.o(.text)
    SPI6_IRQHandler                          0x08000297   Thumb Code     0  startup_stm32f429_439xx.o(.text)
    TAMP_STAMP_IRQHandler                    0x08000297   Thumb Code     0  startup_stm32f429_439xx.o(.text)
    TIM1_BRK_TIM9_IRQHandler                 0x08000297   Thumb Code     0  startup_stm32f429_439xx.o(.text)
    TIM1_CC_IRQHandler                       0x08000297   Thumb Code     0  startup_stm32f429_439xx.o(.text)
    TIM1_TRG_COM_TIM11_IRQHandler            0x08000297   Thumb Code     0  startup_stm32f429_439xx.o(.text)
    TIM1_UP_TIM10_IRQHandler                 0x08000297   Thumb Code     0  startup_stm32f429_439xx.o(.text)
    TIM2_IRQHandler                          0x08000297   Thumb Code     0  startup_stm32f429_439xx.o(.text)
    TIM3_IRQHandler                          0x08000297   Thumb Code     0  startup_stm32f429_439xx.o(.text)
    TIM4_IRQHandler                          0x08000297   Thumb Code     0  startup_stm32f429_439xx.o(.text)
    TIM5_IRQHandler                          0x08000297   Thumb Code     0  startup_stm32f429_439xx.o(.text)
    TIM6_DAC_IRQHandler                      0x08000297   Thumb Code     0  startup_stm32f429_439xx.o(.text)
    TIM7_IRQHandler                          0x08000297   Thumb Code     0  startup_stm32f429_439xx.o(.text)
    TIM8_BRK_TIM12_IRQHandler                0x08000297   Thumb Code     0  startup_stm32f429_439xx.o(.text)
    TIM8_CC_IRQHandler                       0x08000297   Thumb Code     0  startup_stm32f429_439xx.o(.text)
    TIM8_TRG_COM_TIM14_IRQHandler            0x08000297   Thumb Code     0  startup_stm32f429_439xx.o(.text)
    TIM8_UP_TIM13_IRQHandler                 0x08000297   Thumb Code     0  startup_stm32f429_439xx.o(.text)
    UART4_IRQHandler                         0x08000297   Thumb Code     0  startup_stm32f429_439xx.o(.text)
    UART5_IRQHandler                         0x08000297   Thumb Code     0  startup_stm32f429_439xx.o(.text)
    UART7_IRQHandler                         0x08000297   Thumb Code     0  startup_stm32f429_439xx.o(.text)
    UART8_IRQHandler                         0x08000297   Thumb Code     0  startup_stm32f429_439xx.o(.text)
    USART1_IRQHandler                        0x08000297   Thumb Code     0  startup_stm32f429_439xx.o(.text)
    USART2_IRQHandler                        0x08000297   Thumb Code     0  startup_stm32f429_439xx.o(.text)
    USART3_IRQHandler                        0x08000297   Thumb Code     0  startup_stm32f429_439xx.o(.text)
    USART6_IRQHandler                        0x08000297   Thumb Code     0  startup_stm32f429_439xx.o(.text)
    WWDG_IRQHandler                          0x08000297   Thumb Code     0  startup_stm32f429_439xx.o(.text)
    __aeabi_memcpy                           0x080002a1   Thumb Code    36  memcpya.o(.text)
    __aeabi_memcpy4                          0x080002a1   Thumb Code     0  memcpya.o(.text)
    __aeabi_memcpy8                          0x080002a1   Thumb Code     0  memcpya.o(.text)
    __aeabi_memset                           0x080002c5   Thumb Code    14  memseta.o(.text)
    __aeabi_memset4                          0x080002c5   Thumb Code     0  memseta.o(.text)
    __aeabi_memset8                          0x080002c5   Thumb Code     0  memseta.o(.text)
    __aeabi_memclr                           0x080002d3   Thumb Code     4  memseta.o(.text)
    __aeabi_memclr4                          0x080002d3   Thumb Code     0  memseta.o(.text)
    __aeabi_memclr8                          0x080002d3   Thumb Code     0  memseta.o(.text)
    _memset$wrapper                          0x080002d7   Thumb Code    18  memseta.o(.text)
    __aeabi_uldivmod                         0x080002e9   Thumb Code    98  uldiv.o(.text)
    __scatterload                            0x0800034d   Thumb Code    28  init.o(.text)
    __scatterload_rt2                        0x0800034d   Thumb Code     0  init.o(.text)
    __aeabi_llsl                             0x08000371   Thumb Code    30  llshl.o(.text)
    _ll_shift_l                              0x08000371   Thumb Code     0  llshl.o(.text)
    __aeabi_llsr                             0x0800038f   Thumb Code    32  llushr.o(.text)
    _ll_ushift_r                             0x0800038f   Thumb Code     0  llushr.o(.text)
    BusFault_Handler                         0x080005bd   Thumb Code     2  stm32f4xx_it.o(i.BusFault_Handler)
    DMA2D_DeInit                             0x080005bf   Thumb Code    24  stm32f4xx_dma2d.o(i.DMA2D_DeInit)
    DMA2D_GetFlagStatus                      0x080005d9   Thumb Code    16  stm32f4xx_dma2d.o(i.DMA2D_GetFlagStatus)
    DMA2D_Init                               0x080005ed   Thumb Code   170  stm32f4xx_dma2d.o(i.DMA2D_Init)
    DMA2D_StartTransfer                      0x080006a1   Thumb Code    12  stm32f4xx_dma2d.o(i.DMA2D_StartTransfer)
    DebugMon_Handler                         0x080006b1   Thumb Code     2  stm32f4xx_it.o(i.DebugMon_Handler)
    Debug_USART_Config                       0x080006b5   Thumb Code   186  bsp_debug_usart.o(i.Debug_USART_Config)
    EXTI0_IRQHandler                         0x080009ad   Thumb Code    70  stm32f4xx_it.o(i.EXTI0_IRQHandler)
    EXTI15_10_IRQHandler                     0x08000a05   Thumb Code    72  stm32f4xx_it.o(i.EXTI15_10_IRQHandler)
    EXTI_ClearITPendingBit                   0x08000a5d   Thumb Code     6  stm32f4xx_exti.o(i.EXTI_ClearITPendingBit)
    EXTI_GetITStatus                         0x08000a69   Thumb Code    16  stm32f4xx_exti.o(i.EXTI_GetITStatus)
    EXTI_Init                                0x08000a7d   Thumb Code   108  stm32f4xx_exti.o(i.EXTI_Init)
    EXTI_Key_Config                          0x08000aed   Thumb Code   154  bsp_exti.o(i.EXTI_Key_Config)
    FMC_GetFlagStatus                        0x08000b91   Thumb Code    54  stm32f4xx_fmc.o(i.FMC_GetFlagStatus)
    FMC_SDRAMCmdConfig                       0x08000bc7   Thumb Code    34  stm32f4xx_fmc.o(i.FMC_SDRAMCmdConfig)
    FMC_SDRAMInit                            0x08000be9   Thumb Code   282  stm32f4xx_fmc.o(i.FMC_SDRAMInit)
    FMC_SetRefreshCount                      0x08000d09   Thumb Code    18  stm32f4xx_fmc.o(i.FMC_SetRefreshCount)
    GPIO_Init                                0x08000d1b   Thumb Code   120  stm32f4xx_gpio.o(i.GPIO_Init)
    GPIO_PinAFConfig                         0x08000d93   Thumb Code    32  stm32f4xx_gpio.o(i.GPIO_PinAFConfig)
    GPIO_ReadInputDataBit                    0x08000db3   Thumb Code    14  stm32f4xx_gpio.o(i.GPIO_ReadInputDataBit)
    GPIO_ResetBits                           0x08000dc1   Thumb Code     4  stm32f4xx_gpio.o(i.GPIO_ResetBits)
    GPIO_SetBits                             0x08000dc5   Thumb Code     4  stm32f4xx_gpio.o(i.GPIO_SetBits)
    HardFault_Handler                        0x08000dc9   Thumb Code     2  stm32f4xx_it.o(i.HardFault_Handler)
    I2C_AcknowledgeConfig                    0x08000dcb   Thumb Code    20  stm32f4xx_i2c.o(i.I2C_AcknowledgeConfig)
    I2C_CheckEvent                           0x08000ddf   Thumb Code    24  stm32f4xx_i2c.o(i.I2C_CheckEvent)
    I2C_ClearFlag                            0x08000df7   Thumb Code     6  stm32f4xx_i2c.o(i.I2C_ClearFlag)
    I2C_Cmd                                  0x08000dfd   Thumb Code    20  stm32f4xx_i2c.o(i.I2C_Cmd)
    I2C_EE_BufferRead                        0x08000e11   Thumb Code   382  bsp_i2c_ee.o(i.I2C_EE_BufferRead)
    I2C_EE_BufferWrite                       0x08000fa1   Thumb Code   152  bsp_i2c_ee.o(i.I2C_EE_BufferWrite)
    I2C_EE_Init                              0x08001039   Thumb Code   154  bsp_i2c_ee.o(i.I2C_EE_Init)
    I2C_EE_PageWrite                         0x080010e5   Thumb Code   274  bsp_i2c_ee.o(i.I2C_EE_PageWrite)
    I2C_EE_WaitEepromStandbyState            0x08001209   Thumb Code    74  bsp_i2c_ee.o(i.I2C_EE_WaitEepromStandbyState)
    I2C_GenerateSTART                        0x08001261   Thumb Code    20  stm32f4xx_i2c.o(i.I2C_GenerateSTART)
    I2C_GenerateSTOP                         0x08001275   Thumb Code    20  stm32f4xx_i2c.o(i.I2C_GenerateSTOP)
    I2C_GetFlagStatus                        0x08001289   Thumb Code    42  stm32f4xx_i2c.o(i.I2C_GetFlagStatus)
    I2C_Init                                 0x080012b5   Thumb Code   174  stm32f4xx_i2c.o(i.I2C_Init)
    I2C_ReadRegister                         0x0800136d   Thumb Code    10  stm32f4xx_i2c.o(i.I2C_ReadRegister)
    I2C_ReceiveData                          0x08001377   Thumb Code     6  stm32f4xx_i2c.o(i.I2C_ReceiveData)
    I2C_Send7bitAddress                      0x0800137d   Thumb Code    16  stm32f4xx_i2c.o(i.I2C_Send7bitAddress)
    I2C_SendData                             0x0800138d   Thumb Code     4  stm32f4xx_i2c.o(i.I2C_SendData)
    Key_GPIO_Config                          0x080013d1   Thumb Code    50  bsp_key.o(i.Key_GPIO_Config)
    LCD_Clear                                0x08001409   Thumb Code    84  bsp_lcd.o(i.LCD_Clear)
    LCD_ClearLine                            0x08001461   Thumb Code    50  bsp_lcd.o(i.LCD_ClearLine)
    LCD_DisplayChar                          0x08001499   Thumb Code    26  bsp_lcd.o(i.LCD_DisplayChar)
    LCD_DisplayStringLine                    0x080014b9   Thumb Code    62  bsp_lcd.o(i.LCD_DisplayStringLine)
    LCD_DrawChar                             0x080014fd   Thumb Code   138  bsp_lcd.o(i.LCD_DrawChar)
    LCD_GetFont                              0x08001889   Thumb Code     6  bsp_lcd.o(i.LCD_GetFont)
    LCD_Init                                 0x08001895   Thumb Code   132  bsp_lcd.o(i.LCD_Init)
    LCD_LayerInit                            0x08001919   Thumb Code   144  bsp_lcd.o(i.LCD_LayerInit)
    LCD_SetColors                            0x080019b9   Thumb Code     8  bsp_lcd.o(i.LCD_SetColors)
    LCD_SetFont                              0x080019c5   Thumb Code     6  bsp_lcd.o(i.LCD_SetFont)
    LCD_SetLayer                             0x080019d1   Thumb Code    24  bsp_lcd.o(i.LCD_SetLayer)
    LCD_SetTransparency                      0x080019f1   Thumb Code    34  bsp_lcd.o(i.LCD_SetTransparency)
    LED_GPIO_Config                          0x08001a1d   Thumb Code    86  bsp_led.o(i.LED_GPIO_Config)
    LTDC_Cmd                                 0x08001a79   Thumb Code    22  stm32f4xx_ltdc.o(i.LTDC_Cmd)
    LTDC_Init                                0x08001a95   Thumb Code   156  stm32f4xx_ltdc.o(i.LTDC_Init)
    LTDC_LayerAlpha                          0x08001b3d   Thumb Code     4  stm32f4xx_ltdc.o(i.LTDC_LayerAlpha)
    LTDC_LayerCmd                            0x08001b41   Thumb Code    20  stm32f4xx_ltdc.o(i.LTDC_LayerCmd)
    LTDC_LayerInit                           0x08001b55   Thumb Code   150  stm32f4xx_ltdc.o(i.LTDC_LayerInit)
    LTDC_ReloadConfig                        0x08001bed   Thumb Code     6  stm32f4xx_ltdc.o(i.LTDC_ReloadConfig)
    MemManage_Handler                        0x08001bf9   Thumb Code     2  stm32f4xx_it.o(i.MemManage_Handler)
    NMI_Handler                              0x08001bfb   Thumb Code     2  stm32f4xx_it.o(i.NMI_Handler)
    NVIC_Init                                0x08001bfd   Thumb Code    96  misc.o(i.NVIC_Init)
    NVIC_PriorityGroupConfig                 0x08001c61   Thumb Code    10  misc.o(i.NVIC_PriorityGroupConfig)
    RCC_AHB1PeriphClockCmd                   0x08001c95   Thumb Code    18  stm32f4xx_rcc.o(i.RCC_AHB1PeriphClockCmd)
    RCC_AHB1PeriphResetCmd                   0x08001cad   Thumb Code    18  stm32f4xx_rcc.o(i.RCC_AHB1PeriphResetCmd)
    RCC_AHB3PeriphClockCmd                   0x08001cc5   Thumb Code    18  stm32f4xx_rcc.o(i.RCC_AHB3PeriphClockCmd)
    RCC_APB1PeriphClockCmd                   0x08001cdd   Thumb Code    18  stm32f4xx_rcc.o(i.RCC_APB1PeriphClockCmd)
    RCC_APB2PeriphClockCmd                   0x08001cf5   Thumb Code    18  stm32f4xx_rcc.o(i.RCC_APB2PeriphClockCmd)
    RCC_GetClocksFreq                        0x08001d0d   Thumb Code   132  stm32f4xx_rcc.o(i.RCC_GetClocksFreq)
    RCC_GetFlagStatus                        0x08001da1   Thumb Code    46  stm32f4xx_rcc.o(i.RCC_GetFlagStatus)
    RCC_LTDCCLKDivConfig                     0x08001dd5   Thumb Code    14  stm32f4xx_rcc.o(i.RCC_LTDCCLKDivConfig)
    RCC_PLLSAICmd                            0x08001de9   Thumb Code     6  stm32f4xx_rcc.o(i.RCC_PLLSAICmd)
    RCC_PLLSAIConfig                         0x08001df5   Thumb Code    16  stm32f4xx_rcc.o(i.RCC_PLLSAIConfig)
    SDRAM_Init                               0x08002445   Thumb Code    92  bsp_sdram.o(i.SDRAM_Init)
    SPI_Cmd                                  0x08002555   Thumb Code    20  stm32f4xx_spi.o(i.SPI_Cmd)
    SPI_FLASH_BufferRead                     0x08002569   Thumb Code    76  bsp_spi_flash.o(i.SPI_FLASH_BufferRead)
    SPI_FLASH_BufferWrite                    0x080025b9   Thumb Code   184  bsp_spi_flash.o(i.SPI_FLASH_BufferWrite)
    SPI_FLASH_Init                           0x08002671   Thumb Code   208  bsp_spi_flash.o(i.SPI_FLASH_Init)
    SPI_FLASH_Mode_Init                      0x08002749   Thumb Code    40  bsp_spi_flash.o(i.SPI_FLASH_Mode_Init)
    SPI_FLASH_PageWrite                      0x08002775   Thumb Code    96  bsp_spi_flash.o(i.SPI_FLASH_PageWrite)
    SPI_FLASH_SectorErase                    0x0800280d   Thumb Code    66  bsp_spi_flash.o(i.SPI_FLASH_SectorErase)
    SPI_FLASH_SendByte                       0x08002855   Thumb Code    90  bsp_spi_flash.o(i.SPI_FLASH_SendByte)
    SPI_FLASH_WaitForWriteEnd                0x080028b9   Thumb Code    56  bsp_spi_flash.o(i.SPI_FLASH_WaitForWriteEnd)
    SPI_FLASH_WriteEnable                    0x080028f9   Thumb Code    22  bsp_spi_flash.o(i.SPI_FLASH_WriteEnable)
    SPI_I2S_GetFlagStatus                    0x08002915   Thumb Code    14  stm32f4xx_spi.o(i.SPI_I2S_GetFlagStatus)
    SPI_I2S_ReceiveData                      0x08002923   Thumb Code     4  stm32f4xx_spi.o(i.SPI_I2S_ReceiveData)
    SPI_I2S_SendData                         0x08002927   Thumb Code     4  stm32f4xx_spi.o(i.SPI_I2S_SendData)
    SPI_Init                                 0x0800292b   Thumb Code    56  stm32f4xx_spi.o(i.SPI_Init)
    SYSCFG_EXTILineConfig                    0x080029a5   Thumb Code    42  stm32f4xx_syscfg.o(i.SYSCFG_EXTILineConfig)
    SysTick_Handler                          0x08002aa5   Thumb Code    20  stm32f4xx_it.o(i.SysTick_Handler)
    SystemInit                               0x08002ab9   Thumb Code    74  system_stm32f4xx.o(i.SystemInit)
    USART_Cmd                                0x08002b15   Thumb Code    20  stm32f4xx_usart.o(i.USART_Cmd)
    USART_GetFlagStatus                      0x08002b29   Thumb Code    14  stm32f4xx_usart.o(i.USART_GetFlagStatus)
    USART_ITConfig                           0x08002b37   Thumb Code    48  stm32f4xx_usart.o(i.USART_ITConfig)
    USART_Init                               0x08002b69   Thumb Code   164  stm32f4xx_usart.o(i.USART_Init)
    USART_SendData                           0x08002c15   Thumb Code     8  stm32f4xx_usart.o(i.USART_SendData)
    UsageFault_Handler                       0x08002c1d   Thumb Code     2  stm32f4xx_it.o(i.UsageFault_Handler)
    __0printf$8                              0x08002e01   Thumb Code    22  printf8.o(i.__0printf$8)
    __1printf$8                              0x08002e01   Thumb Code     0  printf8.o(i.__0printf$8)
    __2printf                                0x08002e01   Thumb Code     0  printf8.o(i.__0printf$8)
    __0snprintf$8                            0x08002e21   Thumb Code    48  printf8.o(i.__0snprintf$8)
    __1snprintf$8                            0x08002e21   Thumb Code     0  printf8.o(i.__0snprintf$8)
    __2snprintf                              0x08002e21   Thumb Code     0  printf8.o(i.__0snprintf$8)
    __scatterload_copy                       0x08002e55   Thumb Code    14  handlers.o(i.__scatterload_copy)
    __scatterload_null                       0x08002e63   Thumb Code     2  handlers.o(i.__scatterload_null)
    __scatterload_zeroinit                   0x08002e65   Thumb Code    14  handlers.o(i.__scatterload_zeroinit)
    fputc                                    0x080032e1   Thumb Code    30  bsp_debug_usart.o(i.fputc)
    main                                     0x08003305   Thumb Code   102  main.o(i.main)
    pvPortMalloc                             0x08003b89   Thumb Code   214  heap_4.o(i.pvPortMalloc)
    pxPortInitialiseStack                    0x08003c9d   Thumb Code    40  port.o(i.pxPortInitialiseStack)
    uxListRemove                             0x08003cc9   Thumb Code    36  list.o(i.uxListRemove)
    uxTaskResetEventItemValue                0x08003ced   Thumb Code    20  tasks.o(i.uxTaskResetEventItemValue)
    vEventGroupSetBitsCallback               0x08003d05   Thumb Code     4  event_groups.o(i.vEventGroupSetBitsCallback)
    vListInitialise                          0x08003d09   Thumb Code    22  list.o(i.vListInitialise)
    vListInitialiseItem                      0x08003d1f   Thumb Code     6  list.o(i.vListInitialiseItem)
    vListInsert                              0x08003d25   Thumb Code    48  list.o(i.vListInsert)
    vListInsertEnd                           0x08003d55   Thumb Code    24  list.o(i.vListInsertEnd)
    vPortEnterCritical                       0x08003d6d   Thumb Code    50  port.o(i.vPortEnterCritical)
    vPortExitCritical                        0x08003de5   Thumb Code    34  port.o(i.vPortExitCritical)
    vPortFree                                0x08003e49   Thumb Code    94  heap_4.o(i.vPortFree)
    vPortSetupTimerInterrupt                 0x08003ee5   Thumb Code    26  port.o(i.vPortSetupTimerInterrupt)
    vPortValidateInterruptPriority           0x08003f05   Thumb Code    70  port.o(i.vPortValidateInterruptPriority)
    vQueueAddToRegistry                      0x08003f91   Thumb Code    32  queue.o(i.vQueueAddToRegistry)
    vQueueWaitForMessageRestricted           0x08003fb5   Thumb Code    68  queue.o(i.vQueueWaitForMessageRestricted)
    vTaskDelay                               0x08003ff9   Thumb Code    62  tasks.o(i.vTaskDelay)
    vTaskDelete                              0x0800406d   Thumb Code   152  tasks.o(i.vTaskDelete)
    vTaskMissedYield                         0x08004141   Thumb Code     8  tasks.o(i.vTaskMissedYield)
    vTaskPlaceOnEventList                    0x0800414d   Thumb Code    44  tasks.o(i.vTaskPlaceOnEventList)
    vTaskPlaceOnEventListRestricted          0x080041a9   Thumb Code    52  tasks.o(i.vTaskPlaceOnEventListRestricted)
    vTaskPlaceOnUnorderedEventList           0x0800420d   Thumb Code    72  tasks.o(i.vTaskPlaceOnUnorderedEventList)
    vTaskSetTimeOutState                     0x08004285   Thumb Code    30  tasks.o(i.vTaskSetTimeOutState)
    vTaskStartScheduler                      0x080042d5   Thumb Code    96  tasks.o(i.vTaskStartScheduler)
    vTaskSuspendAll                          0x08004371   Thumb Code    10  tasks.o(i.vTaskSuspendAll)
    vTaskSwitchContext                       0x08004381   Thumb Code    80  tasks.o(i.vTaskSwitchContext)
    xEventGroupClearBits                     0x08004405   Thumb Code    56  event_groups.o(i.xEventGroupClearBits)
    xEventGroupCreate                        0x08004471   Thumb Code    26  event_groups.o(i.xEventGroupCreate)
    xEventGroupSetBits                       0x0800448d   Thumb Code   132  event_groups.o(i.xEventGroupSetBits)
    xEventGroupWaitBits                      0x08004545   Thumb Code   240  event_groups.o(i.xEventGroupWaitBits)
    xPortStartScheduler                      0x0800466d   Thumb Code   196  port.o(i.xPortStartScheduler)
    xPortSysTickHandler                      0x08004781   Thumb Code    38  port.o(i.xPortSysTickHandler)
    xQueueGenericCreate                      0x080047ad   Thumb Code    68  queue.o(i.xQueueGenericCreate)
    xQueueGenericReceive                     0x0800481d   Thumb Code   320  queue.o(i.xQueueGenericReceive)
    xQueueGenericReset                       0x0800498d   Thumb Code   128  queue.o(i.xQueueGenericReset)
    xQueueGenericSend                        0x08004a3d   Thumb Code   332  queue.o(i.xQueueGenericSend)
    xQueueGenericSendFromISR                 0x08004bb9   Thumb Code   174  queue.o(i.xQueueGenericSendFromISR)
    xTaskCheckForTimeOut                     0x08004c95   Thumb Code    94  tasks.o(i.xTaskCheckForTimeOut)
    xTaskCreate                              0x08004d25   Thumb Code    86  tasks.o(i.xTaskCreate)
    xTaskGetSchedulerState                   0x08004d7d   Thumb Code    22  tasks.o(i.xTaskGetSchedulerState)
    xTaskGetTickCount                        0x08004d99   Thumb Code     6  tasks.o(i.xTaskGetTickCount)
    xTaskIncrementTick                       0x08004da5   Thumb Code   188  tasks.o(i.xTaskIncrementTick)
    xTaskRemoveFromEventList                 0x08004e95   Thumb Code   102  tasks.o(i.xTaskRemoveFromEventList)
    xTaskRemoveFromUnorderedEventList        0x08004f35   Thumb Code   108  tasks.o(i.xTaskRemoveFromUnorderedEventList)
    xTaskResumeAll                           0x08004fd5   Thumb Code   180  tasks.o(i.xTaskResumeAll)
    xTimerCreate                             0x080050c1   Thumb Code    74  timers.o(i.xTimerCreate)
    xTimerCreateTimerTask                    0x08005139   Thumb Code    58  timers.o(i.xTimerCreateTimerTask)
    xTimerGenericCommand                     0x080051b1   Thumb Code    98  timers.o(i.xTimerGenericCommand)
    xTimerPendFunctionCallFromISR            0x08005245   Thumb Code    34  timers.o(i.xTimerPendFunctionCallFromISR)
    ASCII16x24_Table                         0x0800526c   Data        4560  fonts.o(.constdata)
    Region$$Table$$Base                      0x08006480   Number         0  anon$$obj.o(Region$$Table)
    Region$$Table$$Limit                     0x080064a0   Number         0  anon$$obj.o(Region$$Table)
    SystemCoreClock                          0x20000000   Data           4  system_stm32f4xx.o(.data)
    AHBPrescTable                            0x20000004   Data          16  system_stm32f4xx.o(.data)
    xStorageEventGroup                       0x2000003c   Data           4  main.o(.data)
    EEPROM_ADDRESS                           0x20000044   Data           2  bsp_i2c_ee.o(.data)
    Font16x24                                0x20000060   Data           8  fonts.o(.data)
    pxCurrentTCB                             0x20000068   Data           4  tasks.o(.data)
    __stdout                                 0x200000dc   Data           4  stdout.o(.data)
    xQueueRegistry                           0x200010e0   Data          80  queue.o(.bss)
    __initial_sp                             0x2000a840   Data           0  startup_stm32f429_439xx.o(STACK)



==============================================================================

Memory Map of the image

  Image Entry point : 0x080001ad

  Load Region LR_IROM1 (Base: 0x08000000, Size: 0x00006580, Max: 0x00100000, ABSOLUTE)

    Execution Region ER_IROM1 (Exec base: 0x08000000, Load base: 0x08000000, Size: 0x000064a0, Max: 0x00100000, ABSOLUTE)

    Exec Addr    Load Addr    Size         Type   Attr      Idx    E Section Name        Object

    0x08000000   0x08000000   0x000001ac   Data   RO            3    RESET               startup_stm32f429_439xx.o
    0x080001ac   0x080001ac   0x00000000   Code   RO         6961  * .ARM.Collect$$$$00000000  mc_w.l(entry.o)
    0x080001ac   0x080001ac   0x00000004   Code   RO         7231    .ARM.Collect$$$$00000001  mc_w.l(entry2.o)
    0x080001b0   0x080001b0   0x00000004   Code   RO         7234    .ARM.Collect$$$$00000004  mc_w.l(entry5.o)
    0x080001b4   0x080001b4   0x00000000   Code   RO         7236    .ARM.Collect$$$$00000008  mc_w.l(entry7b.o)
    0x080001b4   0x080001b4   0x00000000   Code   RO         7238    .ARM.Collect$$$$0000000A  mc_w.l(entry8b.o)
    0x080001b4   0x080001b4   0x00000008   Code   RO         7239    .ARM.Collect$$$$0000000B  mc_w.l(entry9a.o)
    0x080001bc   0x080001bc   0x00000004   Code   RO         7246    .ARM.Collect$$$$0000000E  mc_w.l(entry12b.o)
    0x080001c0   0x080001c0   0x00000000   Code   RO         7241    .ARM.Collect$$$$0000000F  mc_w.l(entry10a.o)
    0x080001c0   0x080001c0   0x00000000   Code   RO         7243    .ARM.Collect$$$$00000011  mc_w.l(entry11a.o)
    0x080001c0   0x080001c0   0x00000004   Code   RO         7232    .ARM.Collect$$$$00002712  mc_w.l(entry2.o)
    0x080001c4   0x080001c4   0x000000b6   Code   RO         6875    .emb_text           port.o
    0x0800027a   0x0800027a   0x00000002   PAD
    0x0800027c   0x0800027c   0x00000024   Code   RO            4    .text               startup_stm32f429_439xx.o
    0x080002a0   0x080002a0   0x00000024   Code   RO         6964    .text               mc_w.l(memcpya.o)
    0x080002c4   0x080002c4   0x00000024   Code   RO         6966    .text               mc_w.l(memseta.o)
    0x080002e8   0x080002e8   0x00000062   Code   RO         7250    .text               mc_w.l(uldiv.o)
    0x0800034a   0x0800034a   0x00000002   PAD
    0x0800034c   0x0800034c   0x00000024   Code   RO         7263    .text               mc_w.l(init.o)
    0x08000370   0x08000370   0x0000001e   Code   RO         7265    .text               mc_w.l(llshl.o)
    0x0800038e   0x0800038e   0x00000020   Code   RO         7267    .text               mc_w.l(llushr.o)
    0x080003ae   0x080003ae   0x00000002   PAD
    0x080003b0   0x080003b0   0x000000f4   Code   RO         5146    i.AppTaskCreate     main.o
    0x080004a4   0x080004a4   0x00000118   Code   RO         5147    i.BSP_Init          main.o
    0x080005bc   0x080005bc   0x00000002   Code   RO         5310    i.BusFault_Handler  stm32f4xx_it.o
    0x080005be   0x080005be   0x00000018   Code   RO         1358    i.DMA2D_DeInit      stm32f4xx_dma2d.o
    0x080005d6   0x080005d6   0x00000002   PAD
    0x080005d8   0x080005d8   0x00000014   Code   RO         1363    i.DMA2D_GetFlagStatus  stm32f4xx_dma2d.o
    0x080005ec   0x080005ec   0x000000b4   Code   RO         1366    i.DMA2D_Init        stm32f4xx_dma2d.o
    0x080006a0   0x080006a0   0x00000010   Code   RO         1368    i.DMA2D_StartTransfer  stm32f4xx_dma2d.o
    0x080006b0   0x080006b0   0x00000002   Code   RO         5311    i.DebugMon_Handler  stm32f4xx_it.o
    0x080006b2   0x080006b2   0x00000002   PAD
    0x080006b4   0x080006b4   0x000000c4   Code   RO         5446    i.Debug_USART_Config  bsp_debug_usart.o
    0x08000778   0x08000778   0x000000c4   Code   RO         5148    i.DisplayEEPROM     main.o
    0x0800083c   0x0800083c   0x00000110   Code   RO         5149    i.DisplayLogs       main.o
    0x0800094c   0x0800094c   0x00000060   Code   RO         5150    i.DisplayNoLogs     main.o
    0x080009ac   0x080009ac   0x00000058   Code   RO         5312    i.EXTI0_IRQHandler  stm32f4xx_it.o
    0x08000a04   0x08000a04   0x00000058   Code   RO         5313    i.EXTI15_10_IRQHandler  stm32f4xx_it.o
    0x08000a5c   0x08000a5c   0x0000000c   Code   RO         1485    i.EXTI_ClearITPendingBit  stm32f4xx_exti.o
    0x08000a68   0x08000a68   0x00000014   Code   RO         1489    i.EXTI_GetITStatus  stm32f4xx_exti.o
    0x08000a7c   0x08000a7c   0x00000070   Code   RO         1490    i.EXTI_Init         stm32f4xx_exti.o
    0x08000aec   0x08000aec   0x000000a4   Code   RO         5631    i.EXTI_Key_Config   bsp_exti.o
    0x08000b90   0x08000b90   0x00000036   Code   RO         1844    i.FMC_GetFlagStatus  stm32f4xx_fmc.o
    0x08000bc6   0x08000bc6   0x00000022   Code   RO         1861    i.FMC_SDRAMCmdConfig  stm32f4xx_fmc.o
    0x08000be8   0x08000be8   0x00000120   Code   RO         1863    i.FMC_SDRAMInit     stm32f4xx_fmc.o
    0x08000d08   0x08000d08   0x00000012   Code   RO         1867    i.FMC_SetRefreshCount  stm32f4xx_fmc.o
    0x08000d1a   0x08000d1a   0x00000078   Code   RO         2046    i.GPIO_Init         stm32f4xx_gpio.o
    0x08000d92   0x08000d92   0x00000020   Code   RO         2047    i.GPIO_PinAFConfig  stm32f4xx_gpio.o
    0x08000db2   0x08000db2   0x0000000e   Code   RO         2050    i.GPIO_ReadInputDataBit  stm32f4xx_gpio.o
    0x08000dc0   0x08000dc0   0x00000004   Code   RO         2053    i.GPIO_ResetBits    stm32f4xx_gpio.o
    0x08000dc4   0x08000dc4   0x00000004   Code   RO         2054    i.GPIO_SetBits      stm32f4xx_gpio.o
    0x08000dc8   0x08000dc8   0x00000002   Code   RO         5314    i.HardFault_Handler  stm32f4xx_it.o
    0x08000dca   0x08000dca   0x00000014   Code   RO         2334    i.I2C_AcknowledgeConfig  stm32f4xx_i2c.o
    0x08000dde   0x08000dde   0x00000018   Code   RO         2337    i.I2C_CheckEvent    stm32f4xx_i2c.o
    0x08000df6   0x08000df6   0x00000006   Code   RO         2338    i.I2C_ClearFlag     stm32f4xx_i2c.o
    0x08000dfc   0x08000dfc   0x00000014   Code   RO         2340    i.I2C_Cmd           stm32f4xx_i2c.o
    0x08000e10   0x08000e10   0x00000190   Code   RO         5658    i.I2C_EE_BufferRead  bsp_i2c_ee.o
    0x08000fa0   0x08000fa0   0x00000098   Code   RO         5659    i.I2C_EE_BufferWrite  bsp_i2c_ee.o
    0x08001038   0x08001038   0x000000ac   Code   RO         5661    i.I2C_EE_Init       bsp_i2c_ee.o
    0x080010e4   0x080010e4   0x00000124   Code   RO         5662    i.I2C_EE_PageWrite  bsp_i2c_ee.o
    0x08001208   0x08001208   0x00000058   Code   RO         5663    i.I2C_EE_WaitEepromStandbyState  bsp_i2c_ee.o
    0x08001260   0x08001260   0x00000014   Code   RO         2348    i.I2C_GenerateSTART  stm32f4xx_i2c.o
    0x08001274   0x08001274   0x00000014   Code   RO         2349    i.I2C_GenerateSTOP  stm32f4xx_i2c.o
    0x08001288   0x08001288   0x0000002a   Code   RO         2350    i.I2C_GetFlagStatus  stm32f4xx_i2c.o
    0x080012b2   0x080012b2   0x00000002   PAD
    0x080012b4   0x080012b4   0x000000b8   Code   RO         2355    i.I2C_Init          stm32f4xx_i2c.o
    0x0800136c   0x0800136c   0x0000000a   Code   RO         2359    i.I2C_ReadRegister  stm32f4xx_i2c.o
    0x08001376   0x08001376   0x00000006   Code   RO         2360    i.I2C_ReceiveData   stm32f4xx_i2c.o
    0x0800137c   0x0800137c   0x00000010   Code   RO         2362    i.I2C_Send7bitAddress  stm32f4xx_i2c.o
    0x0800138c   0x0800138c   0x00000004   Code   RO         2363    i.I2C_SendData      stm32f4xx_i2c.o
    0x08001390   0x08001390   0x00000040   Code   RO         5664    i.I2C_TIMEOUT_UserCallback  bsp_i2c_ee.o
    0x080013d0   0x080013d0   0x00000038   Code   RO         5411    i.Key_GPIO_Config   bsp_key.o
    0x08001408   0x08001408   0x00000058   Code   RO         5720    i.LCD_Clear         bsp_lcd.o
    0x08001460   0x08001460   0x00000038   Code   RO         5721    i.LCD_ClearLine     bsp_lcd.o
    0x08001498   0x08001498   0x00000020   Code   RO         5725    i.LCD_DisplayChar   bsp_lcd.o
    0x080014b8   0x080014b8   0x00000044   Code   RO         5726    i.LCD_DisplayStringLine  bsp_lcd.o
    0x080014fc   0x080014fc   0x00000090   Code   RO         5727    i.LCD_DrawChar      bsp_lcd.o
    0x0800158c   0x0800158c   0x000002fc   Code   RO         5739    i.LCD_GPIO_Config   bsp_lcd.o
    0x08001888   0x08001888   0x0000000c   Code   RO         5741    i.LCD_GetFont       bsp_lcd.o
    0x08001894   0x08001894   0x00000084   Code   RO         5742    i.LCD_Init          bsp_lcd.o
    0x08001918   0x08001918   0x000000a0   Code   RO         5743    i.LCD_LayerInit     bsp_lcd.o
    0x080019b8   0x080019b8   0x0000000c   Code   RO         5750    i.LCD_SetColors     bsp_lcd.o
    0x080019c4   0x080019c4   0x0000000c   Code   RO         5753    i.LCD_SetFont       bsp_lcd.o
    0x080019d0   0x080019d0   0x00000020   Code   RO         5754    i.LCD_SetLayer      bsp_lcd.o
    0x080019f0   0x080019f0   0x0000002c   Code   RO         5756    i.LCD_SetTransparency  bsp_lcd.o
    0x08001a1c   0x08001a1c   0x0000005c   Code   RO         5386    i.LED_GPIO_Config   bsp_led.o
    0x08001a78   0x08001a78   0x0000001c   Code   RO         2620    i.LTDC_Cmd          stm32f4xx_ltdc.o
    0x08001a94   0x08001a94   0x000000a8   Code   RO         2631    i.LTDC_Init         stm32f4xx_ltdc.o
    0x08001b3c   0x08001b3c   0x00000004   Code   RO         2634    i.LTDC_LayerAlpha   stm32f4xx_ltdc.o
    0x08001b40   0x08001b40   0x00000014   Code   RO         2635    i.LTDC_LayerCmd     stm32f4xx_ltdc.o
    0x08001b54   0x08001b54   0x00000096   Code   RO         2636    i.LTDC_LayerInit    stm32f4xx_ltdc.o
    0x08001bea   0x08001bea   0x00000002   PAD
    0x08001bec   0x08001bec   0x0000000c   Code   RO         2643    i.LTDC_ReloadConfig  stm32f4xx_ltdc.o
    0x08001bf8   0x08001bf8   0x00000002   Code   RO         5315    i.MemManage_Handler  stm32f4xx_it.o
    0x08001bfa   0x08001bfa   0x00000002   Code   RO         5316    i.NMI_Handler       stm32f4xx_it.o
    0x08001bfc   0x08001bfc   0x00000064   Code   RO          164    i.NVIC_Init         misc.o
    0x08001c60   0x08001c60   0x00000014   Code   RO          165    i.NVIC_PriorityGroupConfig  misc.o
    0x08001c74   0x08001c74   0x00000020   Code   RO         5151    i.NVIC_SetPriority  main.o
    0x08001c94   0x08001c94   0x00000018   Code   RO         2960    i.RCC_AHB1PeriphClockCmd  stm32f4xx_rcc.o
    0x08001cac   0x08001cac   0x00000018   Code   RO         2962    i.RCC_AHB1PeriphResetCmd  stm32f4xx_rcc.o
    0x08001cc4   0x08001cc4   0x00000018   Code   RO         2966    i.RCC_AHB3PeriphClockCmd  stm32f4xx_rcc.o
    0x08001cdc   0x08001cdc   0x00000018   Code   RO         2969    i.RCC_APB1PeriphClockCmd  stm32f4xx_rcc.o
    0x08001cf4   0x08001cf4   0x00000018   Code   RO         2972    i.RCC_APB2PeriphClockCmd  stm32f4xx_rcc.o
    0x08001d0c   0x08001d0c   0x00000094   Code   RO         2981    i.RCC_GetClocksFreq  stm32f4xx_rcc.o
    0x08001da0   0x08001da0   0x00000034   Code   RO         2982    i.RCC_GetFlagStatus  stm32f4xx_rcc.o
    0x08001dd4   0x08001dd4   0x00000014   Code   RO         2993    i.RCC_LTDCCLKDivConfig  stm32f4xx_rcc.o
    0x08001de8   0x08001de8   0x0000000c   Code   RO         3002    i.RCC_PLLSAICmd     stm32f4xx_rcc.o
    0x08001df4   0x08001df4   0x00000014   Code   RO         3003    i.RCC_PLLSAIConfig  stm32f4xx_rcc.o
    0x08001e08   0x08001e08   0x0000007c   Code   RO         5152    i.Read_Task         main.o
    0x08001e84   0x08001e84   0x000000b8   Code   RO         5153    i.RecoverState      main.o
    0x08001f3c   0x08001f3c   0x00000078   Code   RO         5154    i.ResetAllMemory    main.o
    0x08001fb4   0x08001fb4   0x00000108   Code   RO         5155    i.Reset_Task        main.o
    0x080020bc   0x080020bc   0x00000388   Code   RO         6001    i.SDRAM_GPIO_Config  bsp_sdram.o
    0x08002444   0x08002444   0x0000005c   Code   RO         6002    i.SDRAM_Init        bsp_sdram.o
    0x080024a0   0x080024a0   0x000000b4   Code   RO         6003    i.SDRAM_InitSequence  bsp_sdram.o
    0x08002554   0x08002554   0x00000014   Code   RO         4115    i.SPI_Cmd           stm32f4xx_spi.o
    0x08002568   0x08002568   0x00000050   Code   RO         5504    i.SPI_FLASH_BufferRead  bsp_spi_flash.o
    0x080025b8   0x080025b8   0x000000b8   Code   RO         5505    i.SPI_FLASH_BufferWrite  bsp_spi_flash.o
    0x08002670   0x08002670   0x000000d8   Code   RO         5507    i.SPI_FLASH_Init    bsp_spi_flash.o
    0x08002748   0x08002748   0x0000002c   Code   RO         5508    i.SPI_FLASH_Mode_Init  bsp_spi_flash.o
    0x08002774   0x08002774   0x00000098   Code   RO         5509    i.SPI_FLASH_PageWrite  bsp_spi_flash.o
    0x0800280c   0x0800280c   0x00000048   Code   RO         5513    i.SPI_FLASH_SectorErase  bsp_spi_flash.o
    0x08002854   0x08002854   0x00000064   Code   RO         5514    i.SPI_FLASH_SendByte  bsp_spi_flash.o
    0x080028b8   0x080028b8   0x00000040   Code   RO         5517    i.SPI_FLASH_WaitForWriteEnd  bsp_spi_flash.o
    0x080028f8   0x080028f8   0x0000001c   Code   RO         5518    i.SPI_FLASH_WriteEnable  bsp_spi_flash.o
    0x08002914   0x08002914   0x0000000e   Code   RO         4123    i.SPI_I2S_GetFlagStatus  stm32f4xx_spi.o
    0x08002922   0x08002922   0x00000004   Code   RO         4126    i.SPI_I2S_ReceiveData  stm32f4xx_spi.o
    0x08002926   0x08002926   0x00000004   Code   RO         4127    i.SPI_I2S_SendData  stm32f4xx_spi.o
    0x0800292a   0x0800292a   0x00000038   Code   RO         4128    i.SPI_Init          stm32f4xx_spi.o
    0x08002962   0x08002962   0x00000002   PAD
    0x08002964   0x08002964   0x00000040   Code   RO         5521    i.SPI_TIMEOUT_UserCallback  bsp_spi_flash.o
    0x080029a4   0x080029a4   0x00000030   Code   RO         4280    i.SYSCFG_EXTILineConfig  stm32f4xx_syscfg.o
    0x080029d4   0x080029d4   0x000000d0   Code   RO           13    i.SetSysClock       system_stm32f4xx.o
    0x08002aa4   0x08002aa4   0x00000014   Code   RO         5317    i.SysTick_Handler   stm32f4xx_it.o
    0x08002ab8   0x08002ab8   0x0000005c   Code   RO           15    i.SystemInit        system_stm32f4xx.o
    0x08002b14   0x08002b14   0x00000014   Code   RO         4892    i.USART_Cmd         stm32f4xx_usart.o
    0x08002b28   0x08002b28   0x0000000e   Code   RO         4895    i.USART_GetFlagStatus  stm32f4xx_usart.o
    0x08002b36   0x08002b36   0x00000030   Code   RO         4898    i.USART_ITConfig    stm32f4xx_usart.o
    0x08002b66   0x08002b66   0x00000002   PAD
    0x08002b68   0x08002b68   0x000000ac   Code   RO         4899    i.USART_Init        stm32f4xx_usart.o
    0x08002c14   0x08002c14   0x00000008   Code   RO         4909    i.USART_SendData    stm32f4xx_usart.o
    0x08002c1c   0x08002c1c   0x00000002   Code   RO         5318    i.UsageFault_Handler  stm32f4xx_it.o
    0x08002c1e   0x08002c1e   0x00000002   PAD
    0x08002c20   0x08002c20   0x0000010c   Code   RO         5156    i.WriteFlashLogs    main.o
    0x08002d2c   0x08002d2c   0x000000d4   Code   RO         5157    i.Write_Task        main.o
    0x08002e00   0x08002e00   0x00000020   Code   RO         7177    i.__0printf$8       mc_w.l(printf8.o)
    0x08002e20   0x08002e20   0x00000034   Code   RO         7178    i.__0snprintf$8     mc_w.l(printf8.o)
    0x08002e54   0x08002e54   0x0000000e   Code   RO         7275    i.__scatterload_copy  mc_w.l(handlers.o)
    0x08002e62   0x08002e62   0x00000002   Code   RO         7276    i.__scatterload_null  mc_w.l(handlers.o)
    0x08002e64   0x08002e64   0x0000000e   Code   RO         7277    i.__scatterload_zeroinit  mc_w.l(handlers.o)
    0x08002e72   0x08002e72   0x00000002   PAD
    0x08002e74   0x08002e74   0x00000404   Code   RO         7184    i._printf_core      mc_w.l(printf8.o)
    0x08003278   0x08003278   0x00000024   Code   RO         7185    i._printf_post_padding  mc_w.l(printf8.o)
    0x0800329c   0x0800329c   0x0000002e   Code   RO         7186    i._printf_pre_padding  mc_w.l(printf8.o)
    0x080032ca   0x080032ca   0x00000016   Code   RO         7187    i._snputc           mc_w.l(printf8.o)
    0x080032e0   0x080032e0   0x00000024   Code   RO         5451    i.fputc             bsp_debug_usart.o
    0x08003304   0x08003304   0x000000c0   Code   RO         5158    i.main              main.o
    0x080033c4   0x080033c4   0x00000070   Code   RO         6384    i.prvAddCurrentTaskToDelayedList  tasks.o
    0x08003434   0x08003434   0x000000d0   Code   RO         6385    i.prvAddNewTaskToReadyList  tasks.o
    0x08003504   0x08003504   0x00000050   Code   RO         6682    i.prvCheckForValidListAndQueue  timers.o
    0x08003554   0x08003554   0x00000054   Code   RO         6386    i.prvCheckTasksWaitingTermination  tasks.o
    0x080035a8   0x080035a8   0x00000026   Code   RO         6228    i.prvCopyDataFromQueue  queue.o
    0x080035ce   0x080035ce   0x0000005a   Code   RO         6229    i.prvCopyDataToQueue  queue.o
    0x08003628   0x08003628   0x00000014   Code   RO         6387    i.prvDeleteTCB      tasks.o
    0x0800363c   0x0800363c   0x0000004c   Code   RO         6814    i.prvHeapInit       heap_4.o
    0x08003688   0x08003688   0x00000028   Code   RO         6388    i.prvIdleTask       tasks.o
    0x080036b0   0x080036b0   0x000000b8   Code   RO         6389    i.prvInitialiseNewTask  tasks.o
    0x08003768   0x08003768   0x0000004c   Code   RO         6815    i.prvInsertBlockIntoFreeList  heap_4.o
    0x080037b4   0x080037b4   0x00000038   Code   RO         6683    i.prvInsertTimerInActiveList  timers.o
    0x080037ec   0x080037ec   0x0000001a   Code   RO         6230    i.prvIsQueueEmpty   queue.o
    0x08003806   0x08003806   0x00000002   PAD
    0x08003808   0x08003808   0x00000060   Code   RO         6684    i.prvProcessExpiredTimer  timers.o
    0x08003868   0x08003868   0x000000f4   Code   RO         6685    i.prvProcessReceivedCommands  timers.o
    0x0800395c   0x0800395c   0x0000006c   Code   RO         6686    i.prvProcessTimerOrBlockTask  timers.o
    0x080039c8   0x080039c8   0x00000020   Code   RO         6390    i.prvResetNextTaskUnblockTime  tasks.o
    0x080039e8   0x080039e8   0x00000028   Code   RO         6687    i.prvSampleTimeNow  timers.o
    0x08003a10   0x08003a10   0x0000006c   Code   RO         6688    i.prvSwitchTimerLists  timers.o
    0x08003a7c   0x08003a7c   0x00000064   Code   RO         6876    i.prvTaskExitError  port.o
    0x08003ae0   0x08003ae0   0x00000014   Code   RO         6074    i.prvTestWaitCondition  event_groups.o
    0x08003af4   0x08003af4   0x00000028   Code   RO         6689    i.prvTimerTask      timers.o
    0x08003b1c   0x08003b1c   0x0000006a   Code   RO         6231    i.prvUnlockQueue    queue.o
    0x08003b86   0x08003b86   0x00000002   PAD
    0x08003b88   0x08003b88   0x00000114   Code   RO         6816    i.pvPortMalloc      heap_4.o
    0x08003c9c   0x08003c9c   0x0000002c   Code   RO         6877    i.pxPortInitialiseStack  port.o
    0x08003cc8   0x08003cc8   0x00000024   Code   RO         6179    i.uxListRemove      list.o
    0x08003cec   0x08003cec   0x00000018   Code   RO         6396    i.uxTaskResetEventItemValue  tasks.o
    0x08003d04   0x08003d04   0x00000004   Code   RO         6077    i.vEventGroupSetBitsCallback  event_groups.o
    0x08003d08   0x08003d08   0x00000016   Code   RO         6180    i.vListInitialise   list.o
    0x08003d1e   0x08003d1e   0x00000006   Code   RO         6181    i.vListInitialiseItem  list.o
    0x08003d24   0x08003d24   0x00000030   Code   RO         6182    i.vListInsert       list.o
    0x08003d54   0x08003d54   0x00000018   Code   RO         6183    i.vListInsertEnd    list.o
    0x08003d6c   0x08003d6c   0x00000078   Code   RO         6879    i.vPortEnterCritical  port.o
    0x08003de4   0x08003de4   0x00000064   Code   RO         6880    i.vPortExitCritical  port.o
    0x08003e48   0x08003e48   0x0000009c   Code   RO         6817    i.vPortFree         heap_4.o
    0x08003ee4   0x08003ee4   0x00000020   Code   RO         6881    i.vPortSetupTimerInterrupt  port.o
    0x08003f04   0x08003f04   0x0000008c   Code   RO         6882    i.vPortValidateInterruptPriority  port.o
    0x08003f90   0x08003f90   0x00000024   Code   RO         6235    i.vQueueAddToRegistry  queue.o
    0x08003fb4   0x08003fb4   0x00000044   Code   RO         6238    i.vQueueWaitForMessageRestricted  queue.o
    0x08003ff8   0x08003ff8   0x00000074   Code   RO         6397    i.vTaskDelay        tasks.o
    0x0800406c   0x0800406c   0x000000d4   Code   RO         6399    i.vTaskDelete       tasks.o
    0x08004140   0x08004140   0x0000000c   Code   RO         6401    i.vTaskMissedYield  tasks.o
    0x0800414c   0x0800414c   0x0000005c   Code   RO         6403    i.vTaskPlaceOnEventList  tasks.o
    0x080041a8   0x080041a8   0x00000064   Code   RO         6404    i.vTaskPlaceOnEventListRestricted  tasks.o
    0x0800420c   0x0800420c   0x00000078   Code   RO         6405    i.vTaskPlaceOnUnorderedEventList  tasks.o
    0x08004284   0x08004284   0x00000050   Code   RO         6408    i.vTaskSetTimeOutState  tasks.o
    0x080042d4   0x080042d4   0x0000009c   Code   RO         6409    i.vTaskStartScheduler  tasks.o
    0x08004370   0x08004370   0x00000010   Code   RO         6411    i.vTaskSuspendAll   tasks.o
    0x08004380   0x08004380   0x00000084   Code   RO         6412    i.vTaskSwitchContext  tasks.o
    0x08004404   0x08004404   0x0000006c   Code   RO         6078    i.xEventGroupClearBits  event_groups.o
    0x08004470   0x08004470   0x0000001a   Code   RO         6079    i.xEventGroupCreate  event_groups.o
    0x0800448a   0x0800448a   0x00000002   PAD
    0x0800448c   0x0800448c   0x000000b8   Code   RO         6081    i.xEventGroupSetBits  event_groups.o
    0x08004544   0x08004544   0x00000128   Code   RO         6083    i.xEventGroupWaitBits  event_groups.o
    0x0800466c   0x0800466c   0x00000114   Code   RO         6883    i.xPortStartScheduler  port.o
    0x08004780   0x08004780   0x0000002c   Code   RO         6884    i.xPortSysTickHandler  port.o
    0x080047ac   0x080047ac   0x00000070   Code   RO         6239    i.xQueueGenericCreate  queue.o
    0x0800481c   0x0800481c   0x00000170   Code   RO         6240    i.xQueueGenericReceive  queue.o
    0x0800498c   0x0800498c   0x000000b0   Code   RO         6241    i.xQueueGenericReset  queue.o
    0x08004a3c   0x08004a3c   0x0000017c   Code   RO         6242    i.xQueueGenericSend  queue.o
    0x08004bb8   0x08004bb8   0x000000dc   Code   RO         6243    i.xQueueGenericSendFromISR  queue.o
    0x08004c94   0x08004c94   0x00000090   Code   RO         6413    i.xTaskCheckForTimeOut  tasks.o
    0x08004d24   0x08004d24   0x00000056   Code   RO         6414    i.xTaskCreate       tasks.o
    0x08004d7a   0x08004d7a   0x00000002   PAD
    0x08004d7c   0x08004d7c   0x0000001c   Code   RO         6417    i.xTaskGetSchedulerState  tasks.o
    0x08004d98   0x08004d98   0x0000000c   Code   RO         6418    i.xTaskGetTickCount  tasks.o
    0x08004da4   0x08004da4   0x000000f0   Code   RO         6420    i.xTaskIncrementTick  tasks.o
    0x08004e94   0x08004e94   0x000000a0   Code   RO         6423    i.xTaskRemoveFromEventList  tasks.o
    0x08004f34   0x08004f34   0x000000a0   Code   RO         6424    i.xTaskRemoveFromUnorderedEventList  tasks.o
    0x08004fd4   0x08004fd4   0x000000ec   Code   RO         6425    i.xTaskResumeAll    tasks.o
    0x080050c0   0x080050c0   0x00000078   Code   RO         6692    i.xTimerCreate      timers.o
    0x08005138   0x08005138   0x00000078   Code   RO         6693    i.xTimerCreateTimerTask  timers.o
    0x080051b0   0x080051b0   0x00000094   Code   RO         6694    i.xTimerGenericCommand  timers.o
    0x08005244   0x08005244   0x00000028   Code   RO         6700    i.xTimerPendFunctionCallFromISR  timers.o
    0x0800526c   0x0800526c   0x000011d0   Data   RO         5979    .constdata          fonts.o
    0x0800643c   0x0800643c   0x00000041   Data   RO         5160    .conststring        main.o
    0x0800647d   0x0800647d   0x00000003   PAD
    0x08006480   0x08006480   0x00000020   Data   RO         7273    Region$$Table       anon$$obj.o


    Execution Region RW_IRAM1 (Exec base: 0x20000000, Load base: 0x080064a0, Size: 0x0000a840, Max: 0x00030000, ABSOLUTE)

    Exec Addr    Load Addr    Size         Type   Attr      Idx    E Section Name        Object

    0x20000000   0x080064a0   0x00000014   Data   RW           16    .data               system_stm32f4xx.o
    0x20000014   0x080064b4   0x00000010   Data   RW         3013    .data               stm32f4xx_rcc.o
    0x20000024   0x080064c4   0x0000001c   Data   RW         5161    .data               main.o
    0x20000040   0x080064e0   0x00000004   Data   RW         5522    .data               bsp_spi_flash.o
    0x20000044   0x080064e4   0x00000008   Data   RW         5665    .data               bsp_i2c_ee.o
    0x2000004c   0x080064ec   0x00000014   Data   RW         5761    .data               bsp_lcd.o
    0x20000060   0x08006500   0x00000008   Data   RW         5983    .data               fonts.o
    0x20000068   0x08006508   0x0000003c   Data   RW         6428    .data               tasks.o
    0x200000a4   0x08006544   0x00000014   Data   RW         6702    .data               timers.o
    0x200000b8   0x08006558   0x00000018   Data   RW         6822    .data               heap_4.o
    0x200000d0   0x08006570   0x0000000c   Data   RW         6885    .data               port.o
    0x200000dc   0x0800657c   0x00000004   Data   RW         7247    .data               mc_w.l(stdout.o)
    0x200000e0        -       0x00001000   Zero   RW         5159    .bss                main.o
    0x200010e0        -       0x00000050   Zero   RW         6249    .bss                queue.o
    0x20001130        -       0x000002e4   Zero   RW         6427    .bss                tasks.o
    0x20001414        -       0x00000028   Zero   RW         6701    .bss                timers.o
    0x2000143c        -       0x00009000   Zero   RW         6821    .bss                heap_4.o
    0x2000a43c   0x08006580   0x00000004   PAD
    0x2000a440        -       0x00000400   Zero   RW            1    STACK               startup_stm32f429_439xx.o


==============================================================================

Image component sizes


      Code (inc. data)   RO Data    RW Data    ZI Data      Debug   Object Name

       232         16          0          0          0       3326   bsp_debug_usart.o
       164         10          0          0          0       1202   bsp_exti.o
      1168        118          0          8          0       6099   bsp_i2c_ee.o
        56          6          0          0          0        618   bsp_key.o
      1556        116          0         20          0      10108   bsp_lcd.o
        92          6          0          0          0        662   bsp_led.o
      1176         28          0          0          0       2901   bsp_sdram.o
      1004        152          0          4          0       8217   bsp_spi_flash.o
       638        160          0          0          0      16795   event_groups.o
         0          0       4560          8          0       1472   fonts.o
       584        138          0         24      36864       4463   heap_4.o
       136          0          0          0          0       3630   list.o
      2484        742         65         28       4096      51138   main.o
       120         14          0          0          0       1955   misc.o
      1038        382          0         12          0      11505   port.o
      1620        238          0          0         80      15665   queue.o
        36          8        428          0       1024       1028   startup_stm32f429_439xx.o
       240         18          0          0          0       3600   stm32f4xx_dma2d.o
       144         14          0          0          0       2736   stm32f4xx_exti.o
       394          6          0          0          0       4127   stm32f4xx_fmc.o
       174          0          0          0          0       4331   stm32f4xx_gpio.o
       372         10          0          0          0       9675   stm32f4xx_i2c.o
       208         34          0          0          0       5085   stm32f4xx_it.o
       382         24          0          0          0       5034   stm32f4xx_ltdc.o
       372         68          0         16          0       9863   stm32f4xx_rcc.o
        98          0          0          0          0       4302   stm32f4xx_spi.o
        48          6          0          0          0        800   stm32f4xx_syscfg.o
       262          8          0          0          0       5009   stm32f4xx_usart.o
       300         36          0         20          0     323109   system_stm32f4xx.o
      2806        814          0         60        740      31827   tasks.o
      1200        282          0         20         40      11782   timers.o

    ----------------------------------------------------------------------
     19128       3454       5088        220      42848     562064   Object Totals
         0          0         32          0          0          0   (incl. Generated)
        24          0          3          0          4          0   (incl. Padding)

    ----------------------------------------------------------------------

      Code (inc. data)   RO Data    RW Data    ZI Data      Debug   Library Member Name

         0          0          0          0          0          0   entry.o
         0          0          0          0          0          0   entry10a.o
         0          0          0          0          0          0   entry11a.o
         4          0          0          0          0          0   entry12b.o
         8          4          0          0          0          0   entry2.o
         4          0          0          0          0          0   entry5.o
         0          0          0          0          0          0   entry7b.o
         0          0          0          0          0          0   entry8b.o
         8          4          0          0          0          0   entry9a.o
        30          0          0          0          0          0   handlers.o
        36          8          0          0          0         68   init.o
        30          0          0          0          0         68   llshl.o
        32          0          0          0          0         68   llushr.o
        36          0          0          0          0         68   memcpya.o
        36          0          0          0          0        108   memseta.o
      1216         58          0          0          0        508   printf8.o
         0          0          0          4          0          0   stdout.o
        98          0          0          0          0         92   uldiv.o

    ----------------------------------------------------------------------
      1544         74          0          4          0        980   Library Totals
         6          0          0          0          0          0   (incl. Padding)

    ----------------------------------------------------------------------

      Code (inc. data)   RO Data    RW Data    ZI Data      Debug   Library Name

      1538         74          0          4          0        980   mc_w.l

    ----------------------------------------------------------------------
      1544         74          0          4          0        980   Library Totals

    ----------------------------------------------------------------------

==============================================================================


      Code (inc. data)   RO Data    RW Data    ZI Data      Debug   

     20672       3528       5088        224      42848     544480   Grand Totals
     20672       3528       5088        224      42848     544480   ELF Image Totals
     20672       3528       5088        224          0          0   ROM Totals

==============================================================================

    Total RO  Size (Code + RO Data)                25760 (  25.16kB)
    Total RW  Size (RW Data + ZI Data)             43072 (  42.06kB)
    Total ROM Size (Code + RO Data + RW Data)      25984 (  25.38kB)

==============================================================================

